/usr/src/debug/kicad/kicad/include/properties/property.h(607): assert "m_choices.GetCount() > 0" failed in PROPERTY_ENUM(): No enum choices defined
/usr/src/debug/kicad/kicad/include/properties/property.h(607): assert "m_choices.GetCount() > 0" failed in PROPERTY_ENUM(): No enum choices defined
/usr/src/debug/kicad/kicad/include/properties/property.h(607): assert "m_choices.GetCount() > 0" failed in PROPERTY_ENUM(): No enum choices defined
nets needing work: 68
baseline DRC errors (non-ratsnest): 0
--- pass 1: 68 net(s)
  FAIL 3V3                          no path U3.5 -> U3.10
       DEBUG round 0: 23 clusters (pad counts [13, 1, 4, 2, 2, 2, 2, 1])
       DEBUG starts 898/1196 free, goals 0/21 free
       DEBUG flood 78925 cells, x range 22.6..76.4, y 18.9..61.1
       DEBUG pocket walls: {'GND': 472, '/modem_rf/SIM_DATA': 311, 'netless': 304, 'edge/nogo': 282, '/modem_rf/VDD_EXT_1V8': 218, '5V0': 210, '/modem_rf/USIM_RST_M': 161, '/io/DO2_DRV': 154}
       DEBUG unknown wall cell L1 (51.15,28.25)
       DEBUG unknown wall cell L0 (76.45,53.75)
       DEBUG unknown wall cell L1 (45.35,61.15)
       DEBUG unknown wall cell L1 (62.55,61.15)
       DEBUG unknown wall cell L1 (68.55,61.15)
       DEBUG unknown wall cell L1 (51.15,33.95)
  FAIL SYS                          child crashed (rc=1)
       DEBUG island taps: 2 vias (2 orphan islands)
       DEBUG round 0: 5 clusters (pad counts [1, 2, 1, 1, 1])
       DEBUG starts 108/166 free, goals 192/210 free
       DEBUG flood 2804 cells, x range 22.9..41.9, y 36.4..47.4
       DEBUG pocket walls: {'GND': 193, '/io/IGN_SENSE': 92, '/io/DI2_LED': 58, '/io/CANL': 55, '/io/Q2_G': 46, '5V0': 45, '/io/Q1_G': 34, 'DI1': 33}
  FAIL /modem_rf/VDD_EXT_1V8        no path C45.1 -> U1.7
       DEBUG round 0: 5 clusters (pad counts [1, 1, 1, 1, 1])
       DEBUG starts 56/90 free, goals 179/184 free
       DEBUG flood 1131 cells, x range 54.8..63.1, y 0.1..3.2
       DEBUG pocket walls: {'edge/nogo': 82, '/modem_rf/USIM_VDD_SIM': 60, '/modem_rf/USB_DP_TP': 42, '/modem_rf/SIM_RST': 32, 'GND': 30, 'SYS': 26, '/modem_rf/VBAT_MODEM': 21, '/modem_rf/SIM_CLK': 12}
       DEBUG unknown wall cell L0 (60.55,0.75)
       DEBUG unknown wall cell L0 (56.75,0.75)
       DEBUG unknown wall cell L0 (59.55,0.75)
       DEBUG unknown wall cell L0 (61.45,0.75)
       DEBUG unknown wall cell L0 (62.55,0.75)
       DEBUG unknown wall cell L0 (59.85,0.75)
  FAIL 5V0                          no path C77.1 -> C78.1
       DEBUG round 0: 10 clusters (pad counts [4, 4, 2, 1, 1, 1, 1, 1])
       DEBUG starts 1716/1784 free, goals 235/280 free
       DEBUG flood 22260 cells, x range 6.9..26.6, y 0.1..24.7
       DEBUG pocket walls: {'VIN': 519, 'GND': 471, '/power/VIN_B': 330, '/modem_rf/USIM_DATA_M': 318, '/power/VIN_F': 238, 'edge/nogo': 229, '/io/DO1_OUT': 142, '/io/DO2_OUT': 88}
       DEBUG unknown wall cell L1 (19.85,0.75)
       DEBUG unknown wall cell L1 (22.85,0.75)
       DEBUG unknown wall cell L1 (16.85,0.75)
       DEBUG unknown wall cell L0 (8.15,0.75)
       DEBUG unknown wall cell L1 (11.35,0.75)
       DEBUG unknown wall cell L1 (14.35,0.75)
  FAIL /mcu/3V3A                    no path U2.9 -> C8.1
       DEBUG round 0: 4 clusters (pad counts [1, 1, 1, 1])
       DEBUG starts 0/64 free, goals 42/100 free
       DEBUG flood 0 cells - ALL start cells blocked
       DEBUG pocket walls: {}
  FAIL GND                          no path C10.2 -> U2.8
       DEBUG island (layer 0) at (33.2,45.6) has no legal tap spot
       DEBUG island (layer 0) at (32.2,32.5) has no legal tap spot
       DEBUG island (layer 0) at (40.4,27.5) has no legal tap spot
       DEBUG island (layer 0) at (58.0,10.0) has no legal tap spot
       DEBUG island (layer 0) at (48.6,0.7) has no legal tap spot
       DEBUG island (layer 0) at (46.4,2.1) has no legal tap spot
       DEBUG island (layer 0) at (66.7,1.6) has no legal tap spot
       DEBUG island (layer 2) at (38.4,51.5) has no legal tap spot
       DEBUG island (layer 2) at (41.6,44.4) has no legal tap spot
       DEBUG island (layer 2) at (28.8,17.4) has no legal tap spot
       DEBUG round 0: 7 clusters (pad counts [180, 1, 1, 1, 1, 1, 1])
       DEBUG starts 32341/64080 free, goals 0/64 free
       DEBUG flood 293622 cells, x range 0.1..76.5, y 0.1..61.9
       DEBUG pocket walls: {'edge/nogo': 425, 'netless': 192, '3V3': 177, '5V0': 170, '/modem_rf/VBAT_MODEM': 152, '/modem_rf/USIM_RST_M': 146, '/modem_rf/USIM_DATA_M': 109, 'VIN': 95}
       DEBUG unknown wall cell L0 (2.55,61.15)
       DEBUG unknown wall cell L1 (51.15,28.25)
       DEBUG unknown wall cell L1 (76.45,35.45)
       DEBUG unknown wall cell L1 (0.75,55.55)
       DEBUG unknown wall cell L1 (6.45,0.75)
       DEBUG unknown wall cell L1 (76.45,16.75)
