/usr/src/debug/kicad/kicad/include/properties/property.h(607): assert "m_choices.GetCount() > 0" failed in PROPERTY_ENUM(): No enum choices defined
/usr/src/debug/kicad/kicad/include/properties/property.h(607): assert "m_choices.GetCount() > 0" failed in PROPERTY_ENUM(): No enum choices defined
/usr/src/debug/kicad/kicad/include/properties/property.h(607): assert "m_choices.GetCount() > 0" failed in PROPERTY_ENUM(): No enum choices defined
nets needing work: 68
baseline DRC errors (non-ratsnest): 0
--- pass 1: 68 net(s)
  FAIL 3V3                          child crashed (rc=1)
       DEBUG round 0: 23 clusters (pad counts [13, 1, 4, 2, 2, 2, 2, 1])
       DEBUG starts 898/1196 free, goals 0/21 free
  FAIL SYS                          child crashed (rc=1)
       DEBUG island taps: 2 vias (2 orphan islands)
       DEBUG round 0: 5 clusters (pad counts [1, 2, 1, 1, 1])
       DEBUG starts 108/166 free, goals 192/210 free
       DEBUG flood 2804 cells, x range 22.9..41.9, y 36.4..47.4
       DEBUG pocket walls: {'GND': 193, '/io/IGN_SENSE': 92, '/io/DI2_LED': 58, '/io/CANL': 55, '/io/Q2_G': 46, '5V0': 45, '/io/Q1_G': 34, 'DI1': 33}
  FAIL /modem_rf/VDD_EXT_1V8        no path C45.1 -> U1.7
       DEBUG round 0: 5 clusters (pad counts [1, 1, 1, 1, 1])
       DEBUG starts 56/90 free, goals 179/184 free
       DEBUG flood 1131 cells, x range 54.8..63.1, y 0.1..3.2
       DEBUG pocket walls: {'edge/nogo': 82, '/modem_rf/USIM_VDD_SIM': 60, '/modem_rf/USB_DP_TP': 42, '/modem_rf/SIM_RST': 32, 'GND': 30, 'SYS': 26, '/modem_rf/VBAT_MODEM': 21, '/modem_rf/SIM_CLK': 12}
       DEBUG unknown wall cell L0 (60.55,0.75)
       DEBUG unknown wall cell L0 (56.75,0.75)
       DEBUG unknown wall cell L0 (59.55,0.75)
       DEBUG unknown wall cell L0 (61.45,0.75)
       DEBUG unknown wall cell L0 (62.55,0.75)
       DEBUG unknown wall cell L0 (59.85,0.75)
  FAIL 5V0                          no path C77.1 -> C78.1
       DEBUG round 0: 10 clusters (pad counts [4, 4, 2, 1, 1, 1, 1, 1])
       DEBUG starts 1716/1784 free, goals 235/280 free
       DEBUG flood 22260 cells, x range 6.9..26.6, y 0.1..24.7
       DEBUG pocket walls: {'VIN': 519, 'GND': 471, '/power/VIN_B': 330, '/modem_rf/USIM_DATA_M': 318, '/power/VIN_F': 238, 'edge/nogo': 229, '/io/DO1_OUT': 142, '/io/DO2_OUT': 88}
       DEBUG unknown wall cell L1 (19.85,0.75)
       DEBUG unknown wall cell L1 (22.85,0.75)
       DEBUG unknown wall cell L1 (16.85,0.75)
       DEBUG unknown wall cell L0 (8.15,0.75)
       DEBUG unknown wall cell L1 (11.35,0.75)
       DEBUG unknown wall cell L1 (14.35,0.75)
  FAIL /mcu/3V3A                    child crashed (rc=1)
       DEBUG round 0: 4 clusters (pad counts [1, 1, 1, 1])
       DEBUG starts 0/64 free, goals 42/100 free
  FAIL GND                          child crashed (rc=1)
       DEBUG island (layer 0) at (33.2,45.6) has no legal tap spot
       DEBUG island (layer 0) at (32.2,32.5) has no legal tap spot
       DEBUG island (layer 0) at (40.4,27.5) has no legal tap spot
       DEBUG island (layer 0) at (58.0,10.0) has no legal tap spot
       DEBUG island (layer 0) at (48.6,0.7) has no legal tap spot
       DEBUG island (layer 0) at (46.4,2.1) has no legal tap spot
       DEBUG island (layer 0) at (66.7,1.6) has no legal tap spot
       DEBUG island (layer 2) at (38.4,51.5) has no legal tap spot
       DEBUG island (layer 2) at (41.6,44.4) has no legal tap spot
       DEBUG island (layer 2) at (28.8,17.4) has no legal tap spot
       DEBUG round 0: 7 clusters (pad counts [180, 1, 1, 1, 1, 1, 1])
       DEBUG starts 32341/64080 free, goals 0/64 free
  FAIL MODEM_STATUS                 no path R61.2 -> U2.40
       DEBUG round 0: 2 clusters (pad counts [2, 1])
       DEBUG starts 242/242 free, goals 15/45 free
       DEBUG flood 117648 cells, x range 40.6..76.6, y 0.7..61.3
       DEBUG pocket walls: {'GND': 593, 'edge/nogo': 416, '/modem_rf/USIM_RST_M': 379, 'netless': 316, '/modem_rf/VBAT_MODEM': 283, '/modem_rf/SIM_DATA': 225, '3V3': 201, 'MODEM_PWRKEY': 144}
       DEBUG unknown wall cell L1 (76.65,40.05)
       DEBUG unknown wall cell L1 (45.95,61.35)
       DEBUG unknown wall cell L0 (70.65,28.55)
       DEBUG unknown wall cell L0 (67.15,17.45)
       DEBUG unknown wall cell L1 (76.65,45.75)
       DEBUG unknown wall cell L1 (72.25,0.55)
  FAIL MODEM_PWRKEY                 no path U2.29 -> R55.1
       DEBUG round 0: 2 clusters (pad counts [1, 1])
       DEBUG starts 30/60 free, goals 40/140 free
       DEBUG flood 31 cells, x range 30.1..30.2, y 17.2..18.8
       DEBUG pocket walls: {'MODEM_TX': 18, 'DO2_GATE': 16, '/mcu/SWDIO': 2}
  FAIL MODEM_RESET                  no path U2.39 -> R57.1
       DEBUG round 0: 2 clusters (pad counts [1, 1])
       DEBUG starts 15/45 free, goals 140/140 free
       DEBUG flood 17 cells, x range 24.4..25.9, y 20.4..20.4
       DEBUG pocket walls: {'CAN_STB': 18, 'MODEM_STATUS': 17, '/mcu/I2C1_SCL': 1}
  FAIL /modem_rf/Q12_B              no path R64.2 -> Q12.1
       DEBUG round 0: 2 clusters (pad counts [1, 1])
       DEBUG starts 140/140 free, goals 81/90 free
       DEBUG flood 145348 cells, x range 0.7..76.6, y 0.7..61.9
       DEBUG pocket walls: {'GND': 615, 'edge/nogo': 419, '3V3': 208, '/modem_rf/SIM_DATA': 168, 'netless': 155, '/io/Q1_G': 140, '/power/VIN_B': 130, 'VIN': 126}
       DEBUG unknown wall cell L1 (13.15,61.35)
       DEBUG unknown wall cell L1 (29.55,61.35)
       DEBUG unknown wall cell L1 (45.95,61.35)
       DEBUG unknown wall cell L1 (9.45,0.55)
       DEBUG unknown wall cell L0 (44.05,61.35)
       DEBUG unknown wall cell L0 (60.45,61.35)
  FAIL /io/CANH                     no path D3.1 -> TP25.1
       DEBUG round 0: 4 clusters (pad counts [1, 1, 1, 1])
       DEBUG starts 87/90 free, goals 209/210 free
       DEBUG flood 980 cells, x range 30.9..38.2, y 46.8..51.4
       DEBUG pocket walls: {'3V3': 81, '/power/U6_ICHG': 71, '/power/VBAT_BT': 59, 'GND': 33, '/mcu/BOOT0': 32, '/mcu/NSL_BASE': 29, '/io/CAN_SPLIT': 19, '/io/CANL': 18}
  FAIL /modem_rf/SIM_DATA           no path X1.C7 -> D14.1
       DEBUG round 0: 4 clusters (pad counts [2, 1, 1, 1])
       DEBUG starts 133/133 free, goals 36/36 free
       DEBUG flood 72964 cells, x range 40.6..76.6, y 35.8..61.3
       DEBUG pocket walls: {'GND': 594, 'netless': 431, '3V3': 328, 'edge/nogo': 284, '/modem_rf/VDD_EXT_1V8': 246, '/modem_rf/SIM_CLK': 225, '/io/DO2_DRV': 208, '/modem_rf/Q12_B': 193}
       DEBUG unknown wall cell L1 (55.75,61.35)
       DEBUG unknown wall cell L0 (76.65,53.05)
       DEBUG unknown wall cell L1 (45.95,61.35)
       DEBUG unknown wall cell L1 (48.95,61.35)
       DEBUG unknown wall cell L1 (67.45,61.35)
       DEBUG unknown wall cell L1 (70.45,61.35)
  FAIL /io/CANL                     no path D3.2 -> J1.5
       DEBUG round 0: 3 clusters (pad counts [2, 1, 1])
       DEBUG starts 213/218 free, goals 390/392 free
       DEBUG flood 79060 cells, x range 25.7..76.6, y 35.8..61.3
       DEBUG pocket walls: {'GND': 577, '/modem_rf/SIM_DATA': 293, '3V3': 288, 'netless': 247, 'edge/nogo': 190, '5V0': 183, '/io/DO2_DRV': 152, '/modem_rf/VDD_EXT_1V8': 149}
       DEBUG unknown wall cell L1 (45.95,61.35)
       DEBUG unknown wall cell L1 (70.45,61.35)
       DEBUG unknown wall cell L1 (47.25,61.35)
       DEBUG unknown wall cell L1 (64.95,61.35)
       DEBUG unknown wall cell L1 (52.15,61.35)
       DEBUG unknown wall cell L1 (41.75,61.35)
  FAIL /modem_rf/U8_OE              child crashed (rc=1)
       DEBUG round 0: 2 clusters (pad counts [2, 1])
       DEBUG starts 282/282 free, goals 0/85 free
  FAIL /io/VIN_SENSE                no path D10.3 -> R32.2
       DEBUG round 0: 3 clusters (pad counts [2, 1, 1])
       DEBUG starts 206/209 free, goals 129/140 free
       DEBUG flood 7954 cells, x range 25.7..42.2, y 27.4..44.4
       DEBUG pocket walls: {'GND': 725, '/io/IGN_SENSE': 335, '3V3': 215, '/power/REGN': 156, 'DI2': 136, '/mcu/BOOT0': 136, '5V0': 135, '/io/CANL_T': 130}
  FAIL MODEM_PWR_EN                 no path R53.1 -> U2.21
       DEBUG round 0: 2 clusters (pad counts [1, 1])
       DEBUG starts 139/142 free, goals 15/45 free
       DEBUG flood 120377 cells, x range 40.6..76.6, y 0.7..61.3
       DEBUG pocket walls: {'GND': 550, '/modem_rf/USIM_RST_M': 436, 'edge/nogo': 387, 'netless': 322, '/modem_rf/VBAT_MODEM': 259, '/modem_rf/SIM_DATA': 207, '3V3': 204, 'MODEM_PWRKEY': 149}
       DEBUG unknown wall cell L1 (76.65,40.05)
       DEBUG unknown wall cell L1 (45.95,61.35)
       DEBUG unknown wall cell L0 (70.65,28.55)
       DEBUG unknown wall cell L0 (67.15,17.45)
       DEBUG unknown wall cell L1 (76.65,45.75)
       DEBUG unknown wall cell L1 (72.25,0.55)
  FAIL /power/SYS                   no path U6.15 -> C68.1
       DEBUG round 0: 5 clusters (pad counts [2, 2, 2, 1, 1])
       DEBUG starts 28/48 free, goals 84/90 free
       DEBUG flood 310 cells, x range 32.1..35.0, y 44.4..46.9
       DEBUG pocket walls: {'GND': 42, '/mcu/SYS_LED': 36, '/power/U6_ICHG': 19, '/power/VBAT_BT': 15, '/mcu/SYS_LED_A': 14, '/power/REGN': 4}
  FAIL /modem_rf/USIM_VDD           child crashed (rc=1)
       DEBUG round 0: 4 clusters (pad counts [3, 1, 1, 1])
       DEBUG starts 374/374 free, goals 0/45 free
  FAIL /io/IGN_SENSE                no path R37.1 -> R35.2
       DEBUG round 0: 2 clusters (pad counts [3, 1])
       DEBUG starts 331/351 free, goals 130/140 free
       DEBUG flood 16505 cells, x range 25.7..42.9, y 25.9..55.9
       DEBUG pocket walls: {'GND': 1038, '5V0': 326, '3V3': 306, 'DI1': 204, '/io/DO2_DRV': 161, 'DI2': 151, '/power/REGN': 145, '/io/VIN_SENSE': 143}
  FAIL /mcu/I2C1_SCL                no path R7.2 -> U3.13
       DEBUG round 0: 2 clusters (pad counts [2, 1])
       DEBUG starts 155/187 free, goals 12/28 free
       DEBUG flood 5736 cells, x range 21.2..31.2, y 7.4..21.9
       DEBUG pocket walls: {'GND': 236, '/modem_rf/USIM_DATA_M': 212, '/mcu/I2C1_SDA': 188, '5V0': 164, '/power/U5_FB': 151, '/power/VIN_B': 143, '/mcu/OSC_IN': 75, '/mcu/OSC_OUT': 66}
  FAIL DO1_GATE                     no path U2.27 -> R42.1
       DEBUG round 0: 3 clusters (pad counts [1, 1, 1])
       DEBUG starts 30/60 free, goals 127/140 free
       DEBUG flood 438 cells, x range 30.6..32.4, y 17.2..21.7
       DEBUG pocket walls: {'MODEM_TX': 50, '/mcu/OSC_OUT': 47, 'DI2': 24, 'DO2_GATE': 24, '/mcu/SWCLK': 16, 'netless': 11, '/mcu/OSC_IN': 10, 'DI1': 7}
  FAIL /mcu/I2C1_SDA                no path R8.2 -> U3.14
       DEBUG round 0: 2 clusters (pad counts [2, 1])
       DEBUG starts 153/187 free, goals 9/28 free
       DEBUG flood 75292 cells, x range 0.7..31.2, y 0.7..61.3
       DEBUG pocket walls: {'GND': 689, 'edge/nogo': 272, '/power/VIN_B': 268, 'VIN': 204, '/io/DO1_OUT': 193, '/modem_rf/USIM_DATA_M': 188, '/io/Q1_G': 183, '5V0': 160}
       DEBUG unknown wall cell L1 (13.15,61.35)
       DEBUG unknown wall cell L1 (16.55,61.35)
       DEBUG unknown wall cell L1 (9.45,0.55)
       DEBUG unknown wall cell L0 (17.85,61.35)
       DEBUG unknown wall cell L0 (12.15,61.35)
       DEBUG unknown wall cell L1 (21.05,61.35)
  FAIL /modem_rf/USIM_CLK_M         no path U1.16 -> R67.1
       DEBUG round 0: 2 clusters (pad counts [1, 1])
       DEBUG starts 184/184 free, goals 137/140 free
       DEBUG flood 78459 cells, x range 40.6..76.6, y 18.6..61.3
       DEBUG pocket walls: {'GND': 433, '/modem_rf/SIM_DATA': 340, '3V3': 323, 'edge/nogo': 317, 'netless': 302, '/modem_rf/VDD_EXT_1V8': 266, '/modem_rf/USIM_RST_M': 215, '/io/DO2_DRV': 165}
       DEBUG unknown wall cell L1 (55.75,61.35)
       DEBUG unknown wall cell L0 (76.65,53.05)
       DEBUG unknown wall cell L1 (45.95,61.35)
       DEBUG unknown wall cell L1 (51.25,21.35)
       DEBUG unknown wall cell L1 (48.95,61.35)
       DEBUG unknown wall cell L1 (51.25,34.75)
  FAIL /mcu/NET_STATUS_LED          no path U2.22 -> R5.1
       DEBUG round 0: 2 clusters (pad counts [1, 1])
       DEBUG starts 15/45 free, goals 127/140 free
       DEBUG flood 420 cells, x range 30.6..34.3, y 18.9..21.7
       DEBUG pocket walls: {'MODEM_TX': 50, '/mcu/OSC_OUT': 47, 'GND': 29, 'MODEM_PWR_EN': 24, '/mcu/SWCLK': 16, 'netless': 11, '/mcu/OSC_IN': 10, 'DI1': 7}
  FAIL MODEM_RX                     no path TP28.1 -> U8.12
       DEBUG round 0: 4 clusters (pad counts [1, 1, 1, 1])
       DEBUG starts 209/210 free, goals 50/85 free
       DEBUG flood 2156 cells, x range 37.6..42.7, y 44.3..50.2
       DEBUG pocket walls: {'GND': 81, '/power/U6_TS': 75, '/io/IGN_SENSE': 73, '/mcu/BOOT0': 59, '/power/U6_ILIM': 56, '5V0': 30, '/mcu/NSL_A': 30, '/power/REGN': 28}
  FAIL /io/Q2_G                     no path R24.2 -> Q2.1
       DEBUG round 0: 2 clusters (pad counts [2, 1])
       DEBUG starts 278/282 free, goals 38/70 free
       DEBUG flood 12691 cells, x range 20.2..42.7, y 36.1..53.2
       DEBUG pocket walls: {'GND': 778, '/io/IGN_SENSE': 285, '/power/REGN': 230, '/mcu/BOOT0': 205, '/power/VBAT_BT': 193, '3V3': 186, '5V0': 175, '/io/CANL_T': 153}
  FAIL DI1                          no path OK1.4 -> U2.25
       DEBUG round 0: 2 clusters (pad counts [3, 1])
       DEBUG starts 314/322 free, goals 44/60 free
       DEBUG flood 81659 cells, x range 0.7..39.1, y 0.7..61.3
       DEBUG pocket walls: {'GND': 860, 'edge/nogo': 213, '/io/Q1_G': 202, '3V3': 199, 'VIN': 184, '/io/DI2_LED': 166, '/power/VIN_B': 163, '5V0': 138}
       DEBUG unknown wall cell L1 (13.15,61.35)
       DEBUG unknown wall cell L1 (9.45,0.55)
       DEBUG unknown wall cell L0 (23.95,0.55)
       DEBUG unknown wall cell L0 (0.55,53.55)
       DEBUG unknown wall cell L0 (6.75,0.55)
       DEBUG unknown wall cell L0 (9.35,61.35)
  FAIL DI2                          no path OK2.4 -> U2.26
       DEBUG round 0: 2 clusters (pad counts [3, 1])
       DEBUG starts 306/322 free, goals 30/60 free
       DEBUG flood 15020 cells, x range 25.7..44.0, y 25.9..44.4
       DEBUG pocket walls: {'GND': 1007, '3V3': 355, '5V0': 313, '/io/IGN_SENSE': 282, '/mcu/NRST': 226, 'DI1': 188, '/modem_rf/USIM_DATA_M': 134, '/io/CANL_T': 122}
  FAIL /mcu/IMU_INT1                no path U3.4 -> U2.41
       DEBUG round 0: 2 clusters (pad counts [1, 1])
       DEBUG starts 8/23 free, goals 15/45 free
       DEBUG flood 4671 cells, x range 26.2..39.4, y 51.0..59.1
       DEBUG pocket walls: {'GND': 172, '/power/VBAT_BT': 157, '3V3': 155, '/io/VBAT_SENSE': 118, '/io/CAN_MID': 100, '/power/U6_TS': 98, '/io/CAN_SPLIT': 75, '/mcu/SYS_LED_A': 53}
  FAIL /modem_rf/MRI_1V8            no path U1.62 -> U8.4
       DEBUG round 0: 2 clusters (pad counts [1, 1])
       DEBUG starts 161/207 free, goals 51/68 free
       DEBUG flood 74825 cells, x range 31.4..76.6, y 0.7..51.2
       DEBUG pocket walls: {'GND': 538, '/modem_rf/VBAT_MODEM': 518, 'edge/nogo': 483, '/modem_rf/USIM_RST_M': 323, 'netless': 287, '/power/U5_FB': 134, '/modem_rf/USIM_DATA_M': 129, '/modem_rf/USB_VBUS': 121}
       DEBUG unknown wall cell L1 (76.65,26.65)
       DEBUG unknown wall cell L1 (76.65,40.05)
       DEBUG unknown wall cell L1 (38.15,0.55)
       DEBUG unknown wall cell L0 (32.45,0.55)
       DEBUG unknown wall cell L0 (35.45,0.55)
       DEBUG unknown wall cell L1 (40.35,10.05)
  FAIL /io/CANH_T                   no path R11.1 -> L2.4
       DEBUG round 0: 3 clusters (pad counts [1, 1, 1])
       DEBUG starts 144/144 free, goals 116/117 free
       DEBUG flood 6756 cells, x range 20.7..39.4, y 48.0..60.4
       DEBUG pocket walls: {'GND': 363, '/power/VBAT_BT': 157, '/io/VBAT_SENSE': 147, '/io/CAN_MID': 135, '3V3': 102, '/power/U6_TS': 98, '/io/DO1_B': 92, 'SYS': 86}
  FAIL /io/DO1_B                    no path Q5.1 -> R42.2
       DEBUG round 0: 2 clusters (pad counts [1, 1])
       DEBUG starts 89/90 free, goals 130/140 free
       DEBUG flood 69940 cells, x range 0.7..29.1, y 0.7..61.3
       DEBUG pocket walls: {'GND': 674, 'edge/nogo': 323, 'VIN': 241, '/io/DO1_OUT': 213, '/power/VIN_B': 211, '/io/Q1_G': 206, '/io/DO2_OUT': 179, '/power/VIN_P': 146}
       DEBUG unknown wall cell L1 (13.15,61.35)
       DEBUG unknown wall cell L1 (9.45,0.55)
       DEBUG unknown wall cell L0 (17.85,61.35)
       DEBUG unknown wall cell L1 (21.05,61.35)
       DEBUG unknown wall cell L0 (23.95,0.55)
       DEBUG unknown wall cell L0 (0.55,53.55)
  PARTIAL /mcu/SWCLK                 kept copper; remainder requeued (cluster count stuck at 2)
  OK /mcu/SWCLK                   vias=0 len= 16.2 man= 94.3 ratio=0.17 [1/68   1%]
  FAIL /mcu/VBAT_MCU                no path R3.2 -> U2.1
       DEBUG round 0: 2 clusters (pad counts [2, 1])
       DEBUG starts 238/242 free, goals 45/64 free
       DEBUG flood 15840 cells, x range 20.2..42.2, y 27.4..59.1
       DEBUG pocket walls: {'GND': 779, '3V3': 333, '/io/IGN_SENSE': 223, 'CAN1_RX': 185, '/io/DI2_LED': 159, '5V0': 153, '/power/VBAT_BT': 147, '/io/CANL_T': 143}
  FAIL /modem_rf/MDTR_1V8           child crashed (rc=1)
       DEBUG round 0: 2 clusters (pad counts [1, 1])
       DEBUG starts 163/209 free, goals 0/85 free
  FAIL /modem_rf/MTXD_1V8           no path U1.67 -> U8.3
       DEBUG round 0: 2 clusters (pad counts [1, 1])
       DEBUG starts 207/209 free, goals 51/85 free
       DEBUG flood 47678 cells, x range 51.0..76.6, y 0.7..51.2
       DEBUG pocket walls: {'GND': 610, '/modem_rf/VBAT_MODEM': 583, 'edge/nogo': 582, '/modem_rf/USIM_RST_M': 543, 'netless': 254, '/modem_rf/Q14_B': 143, '/modem_rf/USB_DM_TP': 123, '/modem_rf/USB_DM_M': 118}
       DEBUG unknown wall cell L1 (76.65,26.65)
       DEBUG unknown wall cell L1 (76.65,40.05)
       DEBUG unknown wall cell L1 (76.65,7.95)
       DEBUG unknown wall cell L0 (70.65,33.85)
       DEBUG unknown wall cell L0 (76.65,15.65)
       DEBUG unknown wall cell L1 (76.65,51.05)
  FAIL /mcu/SYS_LED_A               no path D20.2 -> R4.2
       DEBUG round 0: 2 clusters (pad counts [1, 1])
       DEBUG starts 82/90 free, goals 140/140 free
       DEBUG flood 391 cells, x range 33.1..36.8, y 44.4..46.9
       DEBUG pocket walls: {'/power/U6_ICHG': 45, '/mcu/SYS_LED': 36, '/power/REGN': 23, 'GND': 22, '/power/SYS': 10, '/power/VBAT_BT': 5, '/mcu/NSL_K': 5}
  FAIL /modem_rf/MRXD_1V8           no path U1.68 -> U8.2
       DEBUG round 0: 2 clusters (pad counts [1, 1])
       DEBUG starts 209/209 free, goals 51/68 free
       DEBUG flood 74977 cells, x range 31.4..76.6, y 0.7..51.2
       DEBUG pocket walls: {'GND': 536, '/modem_rf/VBAT_MODEM': 525, 'edge/nogo': 477, '/modem_rf/USIM_RST_M': 322, 'netless': 275, '/power/U5_FB': 134, '/modem_rf/USIM_DATA_M': 129, '/modem_rf/USB_VBUS': 121}
       DEBUG unknown wall cell L1 (76.65,26.65)
       DEBUG unknown wall cell L1 (76.65,40.05)
       DEBUG unknown wall cell L1 (38.15,0.55)
       DEBUG unknown wall cell L0 (32.45,0.55)
       DEBUG unknown wall cell L0 (35.45,0.55)
       DEBUG unknown wall cell L1 (40.35,10.05)
  FAIL /io/VBAT_SENSE               no path R39.1 -> C29.1
       DEBUG round 0: 2 clusters (pad counts [2, 1])
       DEBUG starts 282/282 free, goals 92/100 free
       DEBUG flood 5408 cells, x range 27.2..39.4, y 52.0..60.4
       DEBUG pocket walls: {'GND': 243, '/power/VBAT_BT': 220, '3V3': 119, '/io/DO2_DRV': 99, '/power/U6_TS': 98, '/mcu/NET_STATUS_LED': 70, '/io/CAN_SPLIT': 68, '5V0': 64}
  FAIL /io/CAN_SPLIT                no path C22.1 -> JP2.2
       DEBUG round 0: 2 clusters (pad counts [1, 1])
       DEBUG starts 80/100 free, goals 140/140 free
       DEBUG flood 248 cells, x range 35.4..39.4, y 28.8..34.0
       DEBUG pocket walls: {'/modem_rf/USIM_DATA_M': 86, '/mcu/NRST': 82, 'DI2': 20}
  FAIL /power/U6_TS                 child crashed (rc=1)
       DEBUG round 0: 2 clusters (pad counts [3, 1])
       DEBUG starts 828/858 free, goals 0/36 free
  FAIL DO2_GATE                     no path R46.1 -> U2.28
       DEBUG round 0: 2 clusters (pad counts [2, 1])
       DEBUG starts 275/284 free, goals 30/60 free
       DEBUG flood 75753 cells, x range 0.7..39.1, y 0.7..61.3
       DEBUG pocket walls: {'GND': 781, 'edge/nogo': 244, 'VIN': 188, '/io/DO1_OUT': 174, '5V0': 173, '/power/VIN_B': 165, '/io/Q1_G': 160, '3V3': 156}
       DEBUG unknown wall cell L1 (13.15,61.35)
       DEBUG unknown wall cell L1 (9.45,0.55)
       DEBUG unknown wall cell L0 (17.85,61.35)
       DEBUG unknown wall cell L1 (21.05,61.35)
       DEBUG unknown wall cell L0 (23.95,0.55)
       DEBUG unknown wall cell L0 (0.55,53.55)
  FAIL /mcu/SYS_LED                 no path U2.2 -> D20.1
       DEBUG round 0: 2 clusters (pad counts [1, 1])
       DEBUG starts 32/64 free, goals 87/90 free
       DEBUG flood 1242 cells, x range 26.9..32.5, y 25.4..39.3
       DEBUG pocket walls: {'GND': 194, 'CAN1_RX': 122, '3V3': 102, '/mcu/VBAT_MCU': 93, '/io/IGN_SENSE': 56, '/mcu/3V3A': 33, '/io/CANL_T': 32, 'DI1': 30}
  FAIL CAN1_TX                      no path U4.1 -> U2.46
       DEBUG round 0: 2 clusters (pad counts [1, 1])
       DEBUG starts 125/126 free, goals 15/45 free
       DEBUG flood 2951 cells, x range 20.2..29.4, y 41.8..49.0
       DEBUG pocket walls: {'GND': 159, '/io/DI2_LED': 114, '/io/DI1_LED': 102, '/io/CANL_T': 78, '/io/Q2_G': 58, '/io/Q1_G': 58, 'DI1': 41, '/mcu/3V3A': 39}
  FAIL FLASH_CS                     no path U7.1 -> U2.14
       DEBUG round 0: 2 clusters (pad counts [1, 1])
       DEBUG starts 125/126 free, goals 15/45 free
       DEBUG flood 69874 cells, x range 0.7..29.1, y 0.7..61.3
       DEBUG pocket walls: {'GND': 673, 'edge/nogo': 325, 'VIN': 240, '/io/DO1_OUT': 213, '/power/VIN_B': 211, '/io/Q1_G': 209, '/io/DO2_OUT': 179, '/power/VIN_P': 147}
       DEBUG unknown wall cell L1 (13.15,61.35)
       DEBUG unknown wall cell L1 (9.45,0.55)
       DEBUG unknown wall cell L0 (17.85,61.35)
       DEBUG unknown wall cell L1 (21.05,61.35)
       DEBUG unknown wall cell L0 (23.95,0.55)
       DEBUG unknown wall cell L0 (0.55,53.55)
  FAIL SPI1_MISO                    no path U7.2 -> U2.16
       DEBUG round 0: 2 clusters (pad counts [1, 1])
       DEBUG starts 126/147 free, goals 15/45 free
       DEBUG flood 69879 cells, x range 0.7..29.1, y 0.7..61.3
       DEBUG pocket walls: {'GND': 666, 'edge/nogo': 325, 'VIN': 239, '/io/DO1_OUT': 213, '/power/VIN_B': 211, '/io/Q1_G': 206, '/io/DO2_OUT': 179, '/power/VIN_P': 146}
       DEBUG unknown wall cell L1 (13.15,61.35)
       DEBUG unknown wall cell L1 (9.45,0.55)
       DEBUG unknown wall cell L0 (17.85,61.35)
       DEBUG unknown wall cell L1 (21.05,61.35)
       DEBUG unknown wall cell L0 (23.95,0.55)
       DEBUG unknown wall cell L0 (0.55,53.55)
  FAIL /power/VBAT_BT               no path J2.1 -> C67.1
       DEBUG round 0: 2 clusters (pad counts [3, 1])
       DEBUG starts 608/628 free, goals 138/140 free
       DEBUG flood 7926 cells, x range 27.2..39.5, y 44.4..59.1
       DEBUG pocket walls: {'GND': 301, '3V3': 195, '/io/VBAT_SENSE': 118, '/mcu/SYS_LED_A': 110, '/power/U6_TS': 98, '/io/Q2_G': 98, '/power/U6_ICHG': 97, '/io/DO2_DRV': 96}
  PARTIAL CAN_STB                    kept copper; remainder requeued (cluster count stuck at 2)
  OK CAN_STB                      vias=6 len= 66.8 man= 71.8 ratio=0.93 [2/68   3%]  VIAS>4
  FAIL /io/DO1_DRV                  no path Q6.3 -> R23.1
       DEBUG round 0: 2 clusters (pad counts [2, 1])
       DEBUG starts 242/242 free, goals 139/140 free
       DEBUG flood 6794 cells, x range 28.6..44.0, y 25.9..37.4
       DEBUG pocket walls: {'GND': 602, '5V0': 303, '3V3': 298, 'DI1': 200, '/mcu/NRST': 164, 'DI2': 143, '/io/DO1_X': 135, 'MODEM_TX': 115}
  FAIL /modem_rf/USIM_DET           no path X1.CD -> U1.13
       DEBUG round 0: 2 clusters (pad counts [1, 1])
       DEBUG starts 63/88 free, goals 138/184 free
       DEBUG flood 4943 cells, x range 51.0..66.2, y 40.7..47.8
       DEBUG pocket walls: {'edge/nogo': 255, '/modem_rf/USIM_RST_M': 131, '/modem_rf/VDD_EXT_1V8': 130, 'netless': 110, '/modem_rf/SIM_RST': 70, 'GND': 59, '/modem_rf/PWRKEY_MOD': 58, '/modem_rf/USIM_VDD_SIM': 52}
       DEBUG unknown wall cell L1 (65.15,40.55)
       DEBUG unknown wall cell L0 (59.45,40.55)
       DEBUG unknown wall cell L0 (62.45,40.55)
       DEBUG unknown wall cell L1 (53.25,40.55)
       DEBUG unknown wall cell L1 (56.25,40.55)
       DEBUG unknown wall cell L1 (54.35,40.55)
  FAIL /mcu/BOOT1                   child crashed (rc=1)
       DEBUG round 0: 2 clusters (pad counts [1, 1])
       DEBUG starts 0/45 free, goals 140/140 free
  FAIL /mcu/NSL_A                   no path D21.2 -> R6.2
       DEBUG round 0: 2 clusters (pad counts [1, 1])
       DEBUG starts 90/90 free, goals 140/140 free
       DEBUG flood 1990 cells, x range 37.6..42.7, y 44.3..50.2
       DEBUG pocket walls: {'GND': 109, '/power/U6_TS': 75, '/mcu/BOOT0': 59, '/power/U6_ILIM': 56, 'MODEM_RX': 51, '/io/IGN_SENSE': 46, '/power/REGN': 40, '/io/CANL': 39}
  FAIL SPI1_SCK                     no path U7.6 -> U2.15
       DEBUG round 0: 2 clusters (pad counts [1, 1])
       DEBUG starts 145/147 free, goals 15/45 free
       DEBUG flood 70126 cells, x range 0.7..29.1, y 0.7..61.3
       DEBUG pocket walls: {'GND': 661, 'edge/nogo': 321, 'VIN': 236, '/io/DO1_OUT': 208, '/power/VIN_B': 206, '/io/Q1_G': 204, '/io/DO2_OUT': 179, '/power/VIN_P': 143}
       DEBUG unknown wall cell L1 (13.15,61.35)
       DEBUG unknown wall cell L1 (9.45,0.55)
       DEBUG unknown wall cell L0 (17.85,61.35)
       DEBUG unknown wall cell L1 (21.05,61.35)
       DEBUG unknown wall cell L0 (23.95,0.55)
       DEBUG unknown wall cell L0 (0.55,53.55)
  FAIL /io/DO2_X                    no path R48.2 -> Q7.3
       DEBUG round 0: 2 clusters (pad counts [2, 1])
       DEBUG starts 248/252 free, goals 96/98 free
       DEBUG flood 6696 cells, x range 28.6..44.0, y 25.9..37.4
       DEBUG pocket walls: {'GND': 546, '5V0': 321, '3V3': 256, 'DI1': 200, '/mcu/NRST': 164, 'DI2': 159, '/io/IGN_SENSE': 95, '/io/DO1_X': 92}
  FAIL /mcu/OSC32_IN                no path C3.1 -> U2.3
       DEBUG round 0: 2 clusters (pad counts [2, 1])
       DEBUG starts 249/260 free, goals 32/64 free
       DEBUG flood 70479 cells, x range 0.7..29.1, y 0.7..61.3
       DEBUG pocket walls: {'GND': 692, 'edge/nogo': 330, 'VIN': 247, '/io/DO1_OUT': 244, '/power/VIN_B': 214, '/io/Q1_G': 212, '/io/DO2_OUT': 181, '/power/VIN_P': 147}
       DEBUG unknown wall cell L1 (13.15,61.35)
       DEBUG unknown wall cell L1 (9.45,0.55)
       DEBUG unknown wall cell L0 (17.85,61.35)
       DEBUG unknown wall cell L1 (21.05,61.35)
       DEBUG unknown wall cell L0 (23.95,0.55)
       DEBUG unknown wall cell L0 (0.55,53.55)
  FAIL MODEM_DTR                    child crashed (rc=1)
       DEBUG round 0: 2 clusters (pad counts [1, 1])
       DEBUG starts 29/60 free, goals 0/85 free
  FAIL /power/U6_OTG                no path U6.6 -> R87.1
       DEBUG round 0: 2 clusters (pad counts [1, 1])
       DEBUG starts 13/24 free, goals 142/143 free
       DEBUG flood 25 cells, x range 27.9..28.6, y 47.3..47.7
       DEBUG pocket walls: {'/mcu/VBAT_MCU': 12, '/power/U6_STAT': 7, '/power/U6_PG': 4, 'GND': 1}
  FAIL MODEM_RI                     no path U2.32 -> U8.11
       DEBUG round 0: 2 clusters (pad counts [1, 1])
       DEBUG starts 30/60 free, goals 51/68 free
       DEBUG flood 141 cells, x range 27.2..29.6, y 17.2..19.6
       DEBUG pocket walls: {'/mcu/SWCLK': 29, 'MODEM_DTR': 27, 'MODEM_RX': 24, 'MODEM_TX': 9, '/mcu/SWDIO': 7}
  FAIL /power/U5_VCC                no path C75.1 -> U5.1
       DEBUG round 0: 2 clusters (pad counts [2, 1])
       DEBUG starts 228/230 free, goals 105/108 free
       DEBUG flood 9391 cells, x range 26.8..36.8, y 1.6..13.8
       DEBUG pocket walls: {'5V0': 334, '/power/SW_BUCK': 205, 'GND': 194, '/power/U5_IS': 116, '/power/VIN_B': 108, '/power/U5_EN': 72, '/modem_rf/USIM_DATA_M': 69, '/power/SYS': 65}
  FAIL /io/DO1_X                    no path Q6.1 -> Q5.3
       DEBUG round 0: 2 clusters (pad counts [2, 1])
       DEBUG starts 225/228 free, goals 98/98 free
       DEBUG flood 5412 cells, x range 28.6..39.1, y 25.9..37.4
       DEBUG pocket walls: {'GND': 488, 'DI1': 217, '5V0': 195, '3V3': 174, '/mcu/NRST': 164, '/io/IGN_SENSE': 117, '/io/DO1_DRV': 78, 'MODEM_TX': 61}
  FAIL /power/SW_CHG                no path U6.20 -> L3.1
       DEBUG round 0: 3 clusters (pad counts [2, 1, 1])
       DEBUG starts 41/72 free, goals 320/320 free
       DEBUG flood 63 cells, x range 31.1..32.2, y 43.7..44.3
       DEBUG pocket walls: {'/power/REGN': 19, 'GND': 12, '/power/U6_BTST': 7}
  FAIL /mcu/DBG_TX                  no path U2.12 -> TP4.1
       DEBUG round 0: 2 clusters (pad counts [1, 1])
       DEBUG starts 42/64 free, goals 210/210 free
       DEBUG flood 4764 cells, x range 28.6..39.1, y 24.2..37.4
       DEBUG pocket walls: {'GND': 467, 'DI1': 200, '/mcu/NRST': 176, '3V3': 174, '5V0': 159, '/io/IGN_SENSE': 95, '/io/DO1_X': 92, '/modem_rf/USIM_DATA_M': 67}
  FAIL /power/U5_EN                 no path U5.2 -> R81.2
       DEBUG round 0: 2 clusters (pad counts [1, 1])
       DEBUG starts 119/126 free, goals 140/140 free
       DEBUG flood 28125 cells, x range 31.4..64.6, y 0.7..24.1
       DEBUG pocket walls: {'/modem_rf/VBAT_MODEM': 413, 'GND': 403, '/modem_rf/USIM_DATA_M': 341, '/power/U5_FB': 320, 'edge/nogo': 318, 'netless': 295, '/modem_rf/NETLIGHT_MOD': 289, '/modem_rf/USB_VBUS': 287}
       DEBUG unknown wall cell L1 (38.15,0.55)
       DEBUG unknown wall cell L0 (32.45,0.55)
       DEBUG unknown wall cell L0 (35.45,0.55)
       DEBUG unknown wall cell L1 (40.35,10.05)
       DEBUG unknown wall cell L1 (37.75,10.65)
       DEBUG unknown wall cell L1 (42.45,0.55)
  FAIL /power/U6_ILIM               no path U6.8 -> R86.1
       DEBUG round 0: 3 clusters (pad counts [1, 1, 1])
       DEBUG starts 8/36 free, goals 129/130 free
       DEBUG flood 283 cells, x range 27.1..30.4, y 47.8..50.4
       DEBUG pocket walls: {'/io/CAN_MID': 38, '/mcu/VBAT_MCU': 24, 'SYS': 19, '/power/U6_PG': 18, 'GND': 17, '/io/CAN_SPLIT': 8, '/io/CANH_T': 8, '/power/U6_ICHG': 7}
  FAIL /mcu/NSL_K                   no path D21.1 -> Q4.3
       DEBUG round 0: 2 clusters (pad counts [1, 1])
       DEBUG starts 84/90 free, goals 105/105 free
       DEBUG flood 1945 cells, x range 36.4..42.7, y 44.3..50.2
       DEBUG pocket walls: {'GND': 81, '/power/U6_TS': 75, '/mcu/BOOT0': 59, '/power/U6_ILIM': 56, 'MODEM_RX': 51, '/power/REGN': 47, '/io/IGN_SENSE': 46, '5V0': 30}
  FAIL /mcu/OSC32_OUT               no path Y2.2 -> U2.4
       DEBUG round 0: 2 clusters (pad counts [2, 1])
       DEBUG starts 259/260 free, goals 32/64 free
       DEBUG flood 71064 cells, x range 0.7..29.1, y 0.7..61.3
       DEBUG pocket walls: {'GND': 656, 'edge/nogo': 310, 'VIN': 232, '/io/DO1_OUT': 208, '/power/VIN_B': 204, '/io/Q1_G': 199, '/io/DO2_OUT': 179, '/power/VIN_P': 140}
       DEBUG unknown wall cell L1 (13.15,61.35)
       DEBUG unknown wall cell L1 (9.45,0.55)
       DEBUG unknown wall cell L0 (17.85,61.35)
       DEBUG unknown wall cell L1 (21.05,61.35)
       DEBUG unknown wall cell L0 (23.95,0.55)
       DEBUG unknown wall cell L0 (0.55,53.55)
  FAIL /power/U6_BTST               no path U6.21 -> C64.1
       DEBUG round 0: 2 clusters (pad counts [1, 1])
       DEBUG starts 7/36 free, goals 80/81 free
       DEBUG flood 7 cells, x range 30.6..30.6, y 43.7..44.3
       DEBUG pocket walls: {'/power/REGN': 8, '/power/SW_CHG': 7, 'GND': 1}
  FAIL /power/PMID                  no path U6.23 -> C62.1
       DEBUG round 0: 2 clusters (pad counts [1, 1])
       DEBUG starts 8/36 free, goals 139/140 free
       DEBUG flood 5448 cells, x range 25.7..42.2, y 36.1..44.4
       DEBUG pocket walls: {'GND': 394, '/io/IGN_SENSE': 239, '/power/REGN': 166, '5V0': 133, '/io/VIN_SENSE': 123, '/io/CANL_T': 98, 'DI2': 97, '3V3': 91}
--- pass 2: 68 net(s)
  FAIL 3V3                          child crashed (rc=1)
       DEBUG round 0: 23 clusters (pad counts [13, 1, 4, 2, 2, 2, 2, 1])
       DEBUG starts 898/1196 free, goals 0/21 free
  RIP-RETRY SYS: ripping ['GND', '/io/IGN_SENSE', '/io/CANL']
  FAIL SYS                          child crashed (rc=1)
       DEBUG island taps: 2 vias (2 orphan islands)
       DEBUG round 0: 5 clusters (pad counts [1, 2, 1, 1, 1])
       DEBUG starts 108/166 free, goals 192/210 free
       DEBUG flood 2804 cells, x range 22.9..41.9, y 36.4..47.4
       DEBUG pocket walls: {'GND': 193, '/io/IGN_SENSE': 92, '/io/DI2_LED': 58, '/io/CANL': 55, '/io/Q2_G': 46, '5V0': 45, '/io/Q1_G': 34, 'DI1': 33}
  RIP-RETRY /modem_rf/VDD_EXT_1V8: ripping ['/modem_rf/USIM_VDD_SIM', '/modem_rf/USB_DP_TP', '/modem_rf/SIM_RST']
  FAIL /modem_rf/VDD_EXT_1V8        rip-retry stalled on /modem_rf/VDD_EXT_1V8: no path C45.1 -> U1.7
       DEBUG round 0: 5 clusters (pad counts [1, 1, 1, 1, 1])
       DEBUG starts 90/90 free, goals 179/184 free
       DEBUG flood 1731 cells, x range 54.1..63.3, y 0.1..4.2
       DEBUG pocket walls: {'edge/nogo': 94, 'GND': 74, '/modem_rf/SIM_CLK': 52, 'SYS': 26, '/modem_rf/VBAT_MODEM': 21, '/modem_rf/USIM_RST_M': 17, '/modem_rf/USB_DP_TP': 16, '/modem_rf/USIM_VDD_SIM': 15}
       DEBUG unknown wall cell L0 (59.55,0.75)
       DEBUG unknown wall cell L0 (62.55,0.75)
       DEBUG unknown wall cell L0 (59.75,0.75)
       DEBUG unknown wall cell L0 (62.85,0.75)
       DEBUG unknown wall cell L0 (60.95,0.75)
       DEBUG unknown wall cell L0 (62.35,0.75)
  RIP-RETRY 5V0: ripping ['GND', '/modem_rf/USIM_DATA_M']
  FAIL 5V0                          rip-retry stalled on 5V0: no path C77.1 -> C78.1
       DEBUG round 0: 10 clusters (pad counts [4, 4, 2, 1, 1, 1, 1, 1])
       DEBUG starts 1716/1784 free, goals 235/280 free
       DEBUG flood 23882 cells, x range 6.9..26.6, y 0.1..24.7
       DEBUG pocket walls: {'VIN': 519, '/power/VIN_B': 369, 'GND': 363, '/power/VIN_F': 238, 'edge/nogo': 229, '/power/U5_FB': 192, '/io/DO1_OUT': 142, '/io/DO2_OUT': 88}
       DEBUG unknown wall cell L1 (19.85,0.75)
       DEBUG unknown wall cell L1 (22.85,0.75)
       DEBUG unknown wall cell L1 (16.85,0.75)
       DEBUG unknown wall cell L0 (8.15,0.75)
       DEBUG unknown wall cell L1 (11.35,0.75)
       DEBUG unknown wall cell L1 (14.35,0.75)
  FAIL /mcu/3V3A                    child crashed (rc=1)
       DEBUG round 0: 4 clusters (pad counts [1, 1, 1, 1])
       DEBUG starts 0/64 free, goals 42/100 free
  FAIL GND                          child crashed (rc=1)
       DEBUG island (layer 0) at (33.2,45.6) has no legal tap spot
       DEBUG island (layer 0) at (32.2,32.5) has no legal tap spot
       DEBUG island (layer 0) at (40.4,27.5) has no legal tap spot
       DEBUG island (layer 0) at (58.0,10.0) has no legal tap spot
       DEBUG island (layer 0) at (48.6,0.7) has no legal tap spot
       DEBUG island (layer 0) at (46.4,2.1) has no legal tap spot
       DEBUG island (layer 0) at (66.7,1.6) has no legal tap spot
       DEBUG island (layer 2) at (38.4,51.5) has no legal tap spot
       DEBUG island (layer 2) at (41.6,44.4) has no legal tap spot
       DEBUG island (layer 2) at (28.8,17.4) has no legal tap spot
       DEBUG round 0: 7 clusters (pad counts [180, 1, 1, 1, 1, 1, 1])
       DEBUG starts 32338/64080 free, goals 0/64 free
  RIP-RETRY MODEM_STATUS: ripping ['GND', '/modem_rf/USIM_RST_M', '/modem_rf/VBAT_MODEM']
  FAIL MODEM_STATUS                 rip-retry stalled on MODEM_STATUS: no path R61.2 -> U2.40
       DEBUG round 0: 2 clusters (pad counts [2, 1])
       DEBUG starts 242/242 free, goals 15/45 free
       DEBUG flood 119630 cells, x range 40.6..76.6, y 0.7..61.3
       DEBUG pocket walls: {'GND': 608, 'edge/nogo': 427, '/modem_rf/USIM_RST_M': 379, 'netless': 317, '/modem_rf/VBAT_MODEM': 243, '/modem_rf/SIM_DATA': 225, '3V3': 201, 'MODEM_PWRKEY': 144}
       DEBUG unknown wall cell L1 (76.65,40.05)
       DEBUG unknown wall cell L1 (45.95,61.35)
       DEBUG unknown wall cell L0 (70.65,28.55)
       DEBUG unknown wall cell L0 (67.15,17.45)
       DEBUG unknown wall cell L1 (76.65,45.75)
       DEBUG unknown wall cell L1 (72.25,0.55)
  RIP-RETRY MODEM_PWRKEY: ripping ['MODEM_TX', 'DO2_GATE', '/mcu/SWDIO']
  FAIL MODEM_PWRKEY                 rip-retry stalled on MODEM_PWRKEY: no path U2.29 -> R55.1
       DEBUG round 0: 2 clusters (pad counts [1, 1])
       DEBUG starts 30/60 free, goals 40/140 free
       DEBUG flood 37425 cells, x range 23.9..64.6, y 0.7..27.6
       DEBUG pocket walls: {'GND': 411, '/modem_rf/USIM_DATA_M': 332, '/modem_rf/VBAT_MODEM': 291, 'netless': 238, '/power/U5_FB': 232, 'edge/nogo': 223, '/modem_rf/USB_VBUS': 204, '/mcu/SWCLK': 198}
       DEBUG unknown wall cell L1 (38.15,0.55)
       DEBUG unknown wall cell L0 (32.45,0.55)
       DEBUG unknown wall cell L0 (35.45,0.55)
       DEBUG unknown wall cell L1 (40.35,10.05)
       DEBUG unknown wall cell L1 (37.75,10.65)
       DEBUG unknown wall cell L1 (42.45,0.55)
  RIP-RETRY MODEM_RESET: ripping ['CAN_STB', 'MODEM_STATUS', '/mcu/I2C1_SCL']
  FAIL MODEM_RESET                  rip-retry stalled on MODEM_RESET: no path U2.39 -> R57.1
       DEBUG round 0: 2 clusters (pad counts [1, 1])
       DEBUG starts 15/45 free, goals 140/140 free
       DEBUG flood 5628 cells, x range 21.9..31.2, y 11.8..27.6
       DEBUG pocket walls: {'/modem_rf/USIM_DATA_M': 247, '/mcu/OSC_IN': 226, 'GND': 192, '/mcu/I2C1_SDA': 146, '/mcu/OSC_OUT': 138, '/mcu/BOOT0': 91, '/mcu/SWCLK': 85, '/power/VIN_B': 81}
  RIP-RETRY /modem_rf/Q12_B: ripping ['GND', '3V3', '/modem_rf/SIM_DATA']
  FAIL /modem_rf/Q12_B              rip-retry stalled on /modem_rf/Q12_B: no path R64.2 -> Q12.1
       DEBUG round 0: 2 clusters (pad counts [1, 1])
       DEBUG starts 140/140 free, goals 81/90 free
       DEBUG flood 145512 cells, x range 0.7..76.6, y 0.7..61.9
       DEBUG pocket walls: {'GND': 616, 'edge/nogo': 418, '3V3': 209, '/modem_rf/SIM_DATA': 166, 'netless': 155, '/io/Q1_G': 140, '/power/VIN_B': 130, 'VIN': 125}
       DEBUG unknown wall cell L1 (13.15,61.35)
       DEBUG unknown wall cell L1 (29.55,61.35)
       DEBUG unknown wall cell L1 (45.95,61.35)
       DEBUG unknown wall cell L1 (9.45,0.55)
       DEBUG unknown wall cell L0 (44.05,61.35)
       DEBUG unknown wall cell L0 (60.45,61.35)
  RIP-RETRY /io/CANH: ripping ['3V3', '/power/U6_ICHG', '/power/VBAT_BT']
  FAIL /io/CANH                     rip-retry stalled on /io/CANH: no path D3.1 -> TP25.1
       DEBUG round 0: 4 clusters (pad counts [1, 1, 1, 1])
       DEBUG starts 90/90 free, goals 209/210 free
       DEBUG flood 9104 cells, x range 25.7..42.2, y 36.1..52.4
       DEBUG pocket walls: {'GND': 583, '/io/IGN_SENSE': 239, '/power/REGN': 164, '/io/Q2_G': 161, '/io/CANL': 143, '/io/VIN_SENSE': 135, '/power/SW_CHG': 130, '3V3': 127}
  RIP-RETRY /modem_rf/SIM_DATA: ripping ['GND', '3V3', '/modem_rf/VDD_EXT_1V8']
  FAIL /modem_rf/SIM_DATA           rip-retry stalled on /modem_rf/SIM_DATA: no path X1.C7 -> D14.1
       DEBUG round 0: 4 clusters (pad counts [2, 1, 1, 1])
       DEBUG starts 133/133 free, goals 36/36 free
       DEBUG flood 74861 cells, x range 40.6..76.6, y 35.8..61.3
       DEBUG pocket walls: {'GND': 592, 'netless': 440, 'edge/nogo': 293, '/modem_rf/SIM_CLK': 246, '/modem_rf/VDD_EXT_1V8': 241, '/io/DO2_DRV': 212, 'MODEM_PWRKEY': 197, '5V0': 196}
       DEBUG unknown wall cell L1 (55.75,61.35)
       DEBUG unknown wall cell L0 (76.65,53.05)
       DEBUG unknown wall cell L1 (45.95,61.35)
       DEBUG unknown wall cell L1 (48.95,61.35)
       DEBUG unknown wall cell L1 (67.45,61.35)
       DEBUG unknown wall cell L1 (70.45,61.35)
  RIP-RETRY /io/CANL: ripping ['GND', '/modem_rf/SIM_DATA', '3V3']
  FAIL /io/CANL                     rip-retry stalled on /io/CANL: no path D3.2 -> J1.5
       DEBUG round 0: 3 clusters (pad counts [2, 1, 1])
       DEBUG starts 213/218 free, goals 390/392 free
       DEBUG flood 80496 cells, x range 25.7..76.6, y 35.8..61.3
       DEBUG pocket walls: {'GND': 567, '/modem_rf/SIM_DATA': 292, 'netless': 246, '3V3': 245, 'edge/nogo': 189, '5V0': 183, '/io/DO2_DRV': 155, '/modem_rf/VDD_EXT_1V8': 149}
       DEBUG unknown wall cell L1 (45.95,61.35)
       DEBUG unknown wall cell L1 (70.45,61.35)
       DEBUG unknown wall cell L1 (47.25,61.35)
       DEBUG unknown wall cell L1 (64.95,61.35)
       DEBUG unknown wall cell L1 (52.15,61.35)
       DEBUG unknown wall cell L1 (41.75,61.35)
  FAIL /modem_rf/U8_OE              child crashed (rc=1)
       DEBUG round 0: 2 clusters (pad counts [2, 1])
       DEBUG starts 282/282 free, goals 0/85 free
  RIP-RETRY /io/VIN_SENSE: ripping ['GND', '/io/IGN_SENSE', '3V3']
  FAIL /io/VIN_SENSE                rip-retry stalled on /io/VIN_SENSE: no path D10.3 -> R32.2
       DEBUG round 0: 3 clusters (pad counts [2, 1, 1])
       DEBUG starts 206/209 free, goals 129/140 free
       DEBUG flood 9040 cells, x range 25.7..42.2, y 27.4..44.4
       DEBUG pocket walls: {'GND': 605, '/io/IGN_SENSE': 369, '3V3': 259, '/mcu/BOOT0': 158, 'DI2': 157, '/power/REGN': 156, '/io/CANL_T': 154, '5V0': 135}
  RIP-RETRY MODEM_PWR_EN: ripping ['GND', '/modem_rf/USIM_RST_M', '/modem_rf/VBAT_MODEM']
  FAIL MODEM_PWR_EN                 rip-retry stalled on MODEM_PWR_EN: no path R53.1 -> U2.21
       DEBUG round 0: 2 clusters (pad counts [1, 1])
       DEBUG starts 139/142 free, goals 15/45 free
       DEBUG flood 120759 cells, x range 40.6..76.6, y 0.7..61.3
       DEBUG pocket walls: {'GND': 529, '/modem_rf/USIM_RST_M': 426, 'edge/nogo': 391, 'netless': 324, '/modem_rf/VBAT_MODEM': 260, '3V3': 215, '/modem_rf/SIM_DATA': 210, 'MODEM_PWRKEY': 152}
       DEBUG unknown wall cell L1 (76.65,40.05)
       DEBUG unknown wall cell L1 (45.95,61.35)
       DEBUG unknown wall cell L0 (70.65,28.55)
       DEBUG unknown wall cell L0 (67.15,17.45)
       DEBUG unknown wall cell L1 (76.65,45.75)
       DEBUG unknown wall cell L1 (72.25,0.55)
  RIP-RETRY /power/SYS: ripping ['GND', '/mcu/SYS_LED', '/power/U6_ICHG']
  FAIL /power/SYS                   rip-retry stalled on /power/SYS: no path U9.3 -> C68.1
       DEBUG round 0: 5 clusters (pad counts [2, 2, 2, 1, 1])
       DEBUG round 1: 4 clusters (pad counts [3, 2, 2, 1])
       DEBUG starts 141/144 free, goals 84/90 free
       DEBUG flood 111566 cells, x range 0.7..64.6, y 0.1..61.3
       DEBUG pocket walls: {'GND': 613, 'edge/nogo': 324, '/power/VIN_B': 258, '/modem_rf/USIM_DATA_M': 180, 'VIN': 147, '5V0': 142, '/io/Q1_G': 132, '/modem_rf/VBAT_MODEM': 122}
       DEBUG unknown wall cell L1 (13.15,61.35)
       DEBUG unknown wall cell L1 (38.15,0.55)
       DEBUG unknown wall cell L0 (29.45,0.55)
       DEBUG unknown wall cell L0 (35.45,0.55)
       DEBUG unknown wall cell L1 (40.35,10.05)
       DEBUG unknown wall cell L1 (9.45,0.55)
  FAIL /modem_rf/USIM_VDD           child crashed (rc=1)
       DEBUG round 0: 4 clusters (pad counts [3, 1, 1, 1])
       DEBUG starts 374/374 free, goals 0/45 free
  RIP-RETRY /io/IGN_SENSE: ripping ['GND', '5V0', '3V3']
