** Drc report for telematics-tracker.kicad_pcb **
** Created on 2026-09-15T20:06:05 **
** Report includes: Errors **

** Found 0 DRC violations **

** Found 131 unconnected pads **
[unconnected_items]: Missing connection between items
    Local override; error
    @(22.3200 mm, 46.2700 mm): Pad 1 [CAN1_TX] of U4 on F.Cu
    @(25.2500 mm, 23.8300 mm): Pad 46 [CAN1_TX] of U2 on F.Cu
[unconnected_items]: Missing connection between items
    Local override; error
    @(0.6500 mm, 0.6500 mm): Zone 'B_GND' [GND] on B.Cu, priority 0
    @(0.6500 mm, 0.6500 mm): Zone 'B_GND' [GND] on B.Cu, priority 0
[unconnected_items]: Missing connection between items
    Local override; error
    @(0.6500 mm, 0.6500 mm): Zone 'L2_GND_solid' [GND] on GND_L2, priority 0
    @(0.6500 mm, 0.6500 mm): Zone 'B_GND' [GND] on B.Cu, priority 0
[unconnected_items]: Missing connection between items
    Local override; error
    @(0.6500 mm, 0.6500 mm): Zone 'F_GND' [GND] on F.Cu, priority 0
    @(0.6500 mm, 0.6500 mm): Zone 'L2_GND_solid' [GND] on GND_L2, priority 0
[unconnected_items]: Missing connection between items
    Local override; error
    @(0.6500 mm, 0.6500 mm): Zone 'L2_GND_solid' [GND] on GND_L2, priority 0
    @(0.6500 mm, 0.6500 mm): Zone 'B_GND' [GND] on B.Cu, priority 0
[unconnected_items]: Missing connection between items
    Local override; error
    @(27.1100 mm, 17.9700 mm): Pad 35 [GND] of U2 on F.Cu
    @(0.6500 mm, 0.6500 mm): Zone 'F_GND' [GND] on F.Cu, priority 0
[unconnected_items]: Missing connection between items
    Local override; error
    @(0.6500 mm, 0.6500 mm): Zone 'F_GND' [GND] on F.Cu, priority 0
    @(0.6500 mm, 0.6500 mm): Zone 'B_GND' [GND] on B.Cu, priority 0
[unconnected_items]: Missing connection between items
    Local override; error
    @(0.6500 mm, 0.6500 mm): Zone 'F_GND' [GND] on F.Cu, priority 0
    @(30.0200 mm, 48.0500 mm): Pad 9 [GND] of U6 on F.Cu
[unconnected_items]: Missing connection between items
    Local override; error
    @(0.6500 mm, 0.6500 mm): Zone 'F_GND' [GND] on F.Cu, priority 0
    @(30.1100 mm, 26.1900 mm): Pad 8 [GND] of U2 on F.Cu
[unconnected_items]: Missing connection between items
    Local override; error
    @(0.6500 mm, 0.6500 mm): Zone 'F_GND' [GND] on F.Cu, priority 0
    @(0.6500 mm, 0.6500 mm): Zone 'L2_GND_solid' [GND] on GND_L2, priority 0
[unconnected_items]: Missing connection between items
    Local override; error
    @(0.6500 mm, 0.6500 mm): Zone 'B_GND' [GND] on B.Cu, priority 0
    @(0.6500 mm, 0.6500 mm): Zone 'B_GND' [GND] on B.Cu, priority 0
[unconnected_items]: Missing connection between items
    Local override; error
    @(0.6500 mm, 0.6500 mm): Zone 'F_GND' [GND] on F.Cu, priority 0
    @(0.6500 mm, 0.6500 mm): Zone 'L2_GND_solid' [GND] on GND_L2, priority 0
[unconnected_items]: Missing connection between items
    Local override; error
    @(0.6500 mm, 0.6500 mm): Zone 'F_GND' [GND] on F.Cu, priority 0
    @(0.6500 mm, 0.6500 mm): Zone 'L2_GND_solid' [GND] on GND_L2, priority 0
[unconnected_items]: Missing connection between items
    Local override; error
    @(28.2300 mm, 44.7500 mm): Pad 1 [5V0] of U6 on F.Cu
    @(26.1500 mm, 44.2500 mm): Track [5V0] on B.Cu, length 3.7000 mm
[unconnected_items]: Missing connection between items
    Local override; error
    @(29.0200 mm, 43.9500 mm): Pad 24 [5V0] of U6 on F.Cu
    @(28.2300 mm, 44.7500 mm): Pad 1 [5V0] of U6 on F.Cu
[unconnected_items]: Missing connection between items
    Local override; error
    @(25.2500 mm, 23.3300 mm): Pad 45 [CAN1_RX] of U2 on F.Cu
    @(26.1300 mm, 46.2700 mm): Pad 4 [CAN1_RX] of U4 on F.Cu
[unconnected_items]: Missing connection between items
    Local override; error
    @(29.5000 mm, 53.9900 mm): Pad 12 [3V3] of U3 on F.Cu
    @(30.2600 mm, 54.7500 mm): Pad 10 [3V3] of U3 on F.Cu
[unconnected_items]: Missing connection between items
    Local override; error
    @(30.2600 mm, 55.7500 mm): Pad 8 [3V3] of U3 on F.Cu
    @(30.2600 mm, 54.7500 mm): Pad 10 [3V3] of U3 on F.Cu
[unconnected_items]: Missing connection between items
    Local override; error
    @(30.8500 mm, 55.8500 mm): Track [3V3] on B.Cu, length 1.1314 mm
    @(30.2600 mm, 55.7500 mm): Pad 8 [3V3] of U3 on F.Cu
[unconnected_items]: Missing connection between items
    Local override; error
    @(35.8500 mm, 35.8500 mm): Track [3V3] on F.Cu, length 1.5000 mm
    @(38.3500 mm, 31.4600 mm): Pad 14 [3V3] of U8 on F.Cu
[unconnected_items]: Missing connection between items
    Local override; error
    @(28.4500 mm, 54.4500 mm): Pad 3 [/io/CANL_T] of L2 on B.Cu
    @(24.8600 mm, 40.9100 mm): Pad 6 [/io/CANL_T] of U4 on F.Cu
[unconnected_items]: Missing connection between items
    Local override; error
    @(23.6000 mm, 40.9100 mm): Pad 7 [/io/CANH_T] of U4 on F.Cu
    @(28.4500 mm, 51.9500 mm): Pad 4 [/io/CANH_T] of L2 on B.Cu
[unconnected_items]: Missing connection between items
    Local override; error
    @(22.3200 mm, 40.9100 mm): Pad 8 [CAN_STB] of U4 on F.Cu
    @(25.2500 mm, 19.8300 mm): Pad 38 [CAN_STB] of U2 on F.Cu
[unconnected_items]: Missing connection between items
    Local override; error
    @(51.9125 mm, 7.7450 mm): Pad 3 [/modem_rf/Q3_G] of Q13 on F.Cu
    @(60.5000 mm, 5.4500 mm): Pad 1 [/modem_rf/Q3_G] of Q3 on F.Cu
[unconnected_items]: Missing connection between items
    Local override; error
    @(32.3100 mm, 46.7500 mm): Track [/power/VBAT_BT] on F.Cu, length 0.7017 mm
    @(28.0100 mm, 40.4000 mm): Pad 1 [/power/VBAT_BT] of C67 on B.Cu
[unconnected_items]: Missing connection between items
    Local override; error
    @(33.0117 mm, 46.7500 mm): Track [/power/VBAT_BT] on F.Cu, length 0.5000 mm
    @(35.0100 mm, 56.9950 mm): PTH pad 1 [/power/VBAT_BT] of J2
[unconnected_items]: Missing connection between items
    Local override; error
    @(40.4500 mm, 50.8500 mm): Track [/power/U6_TS] on B.Cu, length 3.1113 mm
    @(31.0200 mm, 48.0500 mm): Pad 11 [/power/U6_TS] of U6 on F.Cu
[unconnected_items]: Missing connection between items
    Local override; error
    @(74.6375 mm, 52.4950 mm): Pad 2 [/modem_rf/Q10_B] of R57 on F.Cu
    @(66.0375 mm, 4.2950 mm): Pad 1 [/modem_rf/Q10_B] of Q10 on F.Cu
[unconnected_items]: Missing connection between items
    Local override; error
    @(52.7500 mm, 43.0500 mm): Pad 20 [/modem_rf/RESETN_MOD] of U1 on F.Cu
    @(67.9125 mm, 5.2450 mm): Pad 3 [/modem_rf/RESETN_MOD] of Q10 on F.Cu
[unconnected_items]: Missing connection between items
    Local override; error
    @(30.6100 mm, 26.1900 mm): Pad 9 [/mcu/3V3A] of U2 on F.Cu
    @(34.3500 mm, 36.2500 mm): Track [/mcu/3V3A] on B.Cu, length 1.1000 mm
[unconnected_items]: Missing connection between items
    Local override; error
    @(36.1075 mm, 48.3950 mm): Pad 2 [/mcu/3V3A] of FB1 on F.Cu
    @(35.0000 mm, 36.7750 mm): Pad 1 [/mcu/3V3A] of C7 on F.Cu
[unconnected_items]: Missing connection between items
    Local override; error
    @(7.5000 mm, 21.0000 mm): PTH pad 4 [/io/CANH] of J1
    @(26.0475 mm, 49.2962 mm): Pad 1 [/io/CANH] of TP25 on F.Cu
[unconnected_items]: Missing connection between items
    Local override; error
    @(26.0500 mm, 36.3500 mm): Track [/io/CANL] on F.Cu, length 2.5000 mm
    @(7.5000 mm, 18.0000 mm): PTH pad 5 [/io/CANL] of J1
[unconnected_items]: Missing connection between items
    Local override; error
    @(31.7500 mm, 7.1500 mm): Track [/io/CANL] on B.Cu, length 0.2828 mm
    @(31.0475 mm, 7.7962 mm): Pad 1 [/io/CANL] of TP26 on B.Cu
[unconnected_items]: Missing connection between items
    Local override; error
    @(33.0100 mm, 54.4500 mm): Pad 2 [/io/CANL] of L2 on B.Cu
    @(36.0500 mm, 44.5450 mm): Pad 2 [/io/CANL] of D3 on F.Cu
[unconnected_items]: Missing connection between items
    Local override; error
    @(23.0950 mm, 49.2950 mm): Pad 2 [/mcu/BOOT0] of JP1 on F.Cu
    @(33.0625 mm, 50.9950 mm): Pad 1 [/mcu/BOOT0] of R1 on F.Cu
[unconnected_items]: Missing connection between items
    Local override; error
    @(25.2500 mm, 22.8300 mm): Pad 44 [/mcu/BOOT0] of U2 on F.Cu
    @(23.0950 mm, 49.2950 mm): Pad 2 [/mcu/BOOT0] of JP1 on F.Cu
[unconnected_items]: Missing connection between items
    Local override; error
    @(30.3900 mm, 49.8000 mm): Pad 2 [/power/SYS] of L3 on B.Cu
    @(32.3100 mm, 45.7500 mm): Track [/power/SYS] on F.Cu, length 0.5000 mm
[unconnected_items]: Missing connection between items
    Local override; error
    @(30.9100 mm, 40.0050 mm): Pad 1 [/power/SYS] of C68 on B.Cu
    @(32.3100 mm, 45.7500 mm): Track [/power/SYS] on F.Cu, length 0.5000 mm
[unconnected_items]: Missing connection between items
    Local override; error
    @(30.9100 mm, 40.0050 mm): Pad 1 [/power/SYS] of C68 on B.Cu
    @(22.6500 mm, 12.3500 mm): Track [/power/SYS] on B.Cu, length 0.8000 mm
[unconnected_items]: Missing connection between items
    Local override; error
    @(22.8000 mm, 37.7800 mm): Pad 2 [SPI1_MISO] of U7 on F.Cu
    @(33.4700 mm, 23.3300 mm): Pad 16 [SPI1_MISO] of U2 on F.Cu
[unconnected_items]: Missing connection between items
    Local override; error
    @(25.3300 mm, 30.7000 mm): Pad 5 [SPI1_MOSI] of U7 on F.Cu
    @(33.4700 mm, 22.8300 mm): Pad 17 [SPI1_MOSI] of U2 on F.Cu
[unconnected_items]: Missing connection between items
    Local override; error
    @(24.0600 mm, 30.7000 mm): Pad 6 [SPI1_SCK] of U7 on F.Cu
    @(33.4700 mm, 23.8300 mm): Pad 15 [SPI1_SCK] of U2 on F.Cu
[unconnected_items]: Missing connection between items
    Local override; error
    @(45.4500 mm, 22.9000 mm): Pad 6 [/modem_rf/NETLIGHT_MOD] of U1 on F.Cu
    @(69.8125 mm, 59.9950 mm): Pad 1 [/modem_rf/NETLIGHT_MOD] of R64 on F.Cu
[unconnected_items]: Missing connection between items
    Local override; error
    @(52.7500 mm, 6.1500 mm): Track [/modem_rf/SIM_DATA] on F.Cu, length 0.1414 mm
    @(50.1700 mm, 45.6270 mm): Pad C7 [/modem_rf/SIM_DATA] of X1 on F.Cu
[unconnected_items]: Missing connection between items
    Local override; error
    @(48.9000 mm, 45.6270 mm): Track [/modem_rf/SIM_CLK] on F.Cu, length 0.8667 mm
    @(55.2500 mm, 3.8950 mm): Pad 3 [/modem_rf/SIM_CLK] of D14 on F.Cu
[unconnected_items]: Missing connection between items
    Local override; error
    @(53.8500 mm, 3.9500 mm): Track [/modem_rf/SIM_RST] on F.Cu, length 0.3000 mm
    @(51.4400 mm, 45.6270 mm): Track [/modem_rf/SIM_RST] on F.Cu, length 0.8667 mm
[unconnected_items]: Missing connection between items
    Local override; error
    @(62.6350 mm, 47.6500 mm): Pad 8 [/modem_rf/USIM_VDD_ESIM] of X2 on F.Cu
    @(65.3125 mm, 1.9950 mm): Pad 2 [/modem_rf/USIM_VDD_ESIM] of R70 on B.Cu
[unconnected_items]: Missing connection between items
    Local override; error
    @(28.2300 mm, 47.2500 mm): Pad 6 [/power/U6_OTG] of U6 on F.Cu
    @(37.6000 mm, 50.5125 mm): Pad 1 [/power/U6_OTG] of R87 on B.Cu
[unconnected_items]: Missing connection between items
    Local override; error
    @(29.5200 mm, 48.0500 mm): Pad 8 [/power/U6_ILIM] of U6 on F.Cu
    @(41.4400 mm, 51.6825 mm): Pad 1 [/power/U6_ILIM] of R86 on B.Cu
[unconnected_items]: Missing connection between items
    Local override; error
    @(36.2900 mm, 42.6350 mm): Pad 2 [/power/SW_CHG] of C64 on B.Cu
    @(31.8500 mm, 44.3500 mm): Track [/power/SW_CHG] on B.Cu, length 1.5000 mm
[unconnected_items]: Missing connection between items
    Local override; error
    @(30.0200 mm, 43.9500 mm): Pad 22 [/power/REGN] of U6 on F.Cu
    @(33.5100 mm, 44.5900 mm): Pad 1 [/power/REGN] of C63 on B.Cu
[unconnected_items]: Missing connection between items
    Local override; error
    @(33.5100 mm, 44.5900 mm): Pad 1 [/power/REGN] of C63 on B.Cu
    @(42.0100 mm, 42.5825 mm): Pad 1 [/power/REGN] of R88 on B.Cu
[unconnected_items]: Missing connection between items
    Local override; error
    @(21.5625 mm, 59.9950 mm): Pad 1 [/mcu/BOOT1] of R2 on F.Cu
    @(33.4700 mm, 21.3300 mm): Pad 20 [/mcu/BOOT1] of U2 on F.Cu
[unconnected_items]: Missing connection between items
    Local override; error
    @(53.9800 mm, 45.6270 mm): Pad C1 [/modem_rf/USIM_VDD_SIM] of X1 on F.Cu
    @(61.3125 mm, 1.9950 mm): Pad 2 [/modem_rf/USIM_VDD_SIM] of R69 on B.Cu
[unconnected_items]: Missing connection between items
    Local override; error
    @(45.4500 mm, 35.1000 mm): Pad 13 [/modem_rf/USIM_DET] of U1 on F.Cu
    @(56.1900 mm, 45.6270 mm): Pad CD [/modem_rf/USIM_DET] of X1 on F.Cu
[unconnected_items]: Missing connection between items
    Local override; error
    @(39.6500 mm, 31.4600 mm): Pad 12 [MODEM_RX] of U8 on F.Cu
    @(29.1100 mm, 17.9700 mm): Pad 31 [MODEM_RX] of U2 on F.Cu
[unconnected_items]: Missing connection between items
    Local override; error
    @(41.7010 mm, 46.3600 mm): Pad 1 [MODEM_RX] of TP28 on F.Cu
    @(39.6500 mm, 31.4600 mm): Pad 12 [MODEM_RX] of U8 on F.Cu
[unconnected_items]: Missing connection between items
    Local override; error
    @(53.4500 mm, 4.5450 mm): Pad 5 [/modem_rf/USIM_VDD] of D14 on F.Cu
    @(45.4500 mm, 36.4000 mm): Pad 14 [/modem_rf/USIM_VDD] of U1 on F.Cu
[unconnected_items]: Missing connection between items
    Local override; error
    @(63.1375 mm, 1.9950 mm): Pad 1 [/modem_rf/USIM_VDD] of R69 on B.Cu
    @(53.4500 mm, 4.5450 mm): Pad 5 [/modem_rf/USIM_VDD] of D14 on F.Cu
[unconnected_items]: Missing connection between items
    Local override; error
    @(67.1375 mm, 1.9950 mm): Pad 1 [/modem_rf/USIM_VDD] of R70 on B.Cu
    @(63.1375 mm, 1.9950 mm): Pad 1 [/modem_rf/USIM_VDD] of R69 on B.Cu
[unconnected_items]: Missing connection between items
    Local override; error
    @(23.3925 mm, 37.6100 mm): Pad 1 [/io/Q1_G] of R25 on B.Cu
    @(39.5625 mm, 28.4950 mm): Pad 2 [/io/Q1_G] of R23 on B.Cu
[unconnected_items]: Missing connection between items
    Local override; error
    @(50.0375 mm, 6.7950 mm): Pad 1 [/modem_rf/Q13_B] of Q13 on F.Cu
    @(50.1500 mm, 11.0500 mm): Track [/modem_rf/Q13_B] on B.Cu, length 3.6000 mm
[unconnected_items]: Missing connection between items
    Local override; error
    @(51.1375 mm, 10.9950 mm): Pad 2 [/modem_rf/Q14_C] of R51 on F.Cu
    @(56.4125 mm, 7.7450 mm): Pad 3 [/modem_rf/Q14_C] of Q14 on F.Cu
[unconnected_items]: Missing connection between items
    Local override; error
    @(25.2500 mm, 21.3300 mm): Pad 41 [/mcu/IMU_INT1] of U2 on F.Cu
    @(27.7400 mm, 55.7500 mm): Pad 4 [/mcu/IMU_INT1] of U3 on F.Cu
[unconnected_items]: Missing connection between items
    Local override; error
    @(25.2500 mm, 21.8300 mm): Pad 42 [/mcu/I2C1_SCL] of U2 on F.Cu
    @(21.5625 mm, 1.9950 mm): Pad 2 [/mcu/I2C1_SCL] of R7 on B.Cu
[unconnected_items]: Missing connection between items
    Local override; error
    @(29.0000 mm, 53.9900 mm): Pad 13 [/mcu/I2C1_SCL] of U3 on F.Cu
    @(25.2500 mm, 21.8300 mm): Pad 42 [/mcu/I2C1_SCL] of U2 on F.Cu
[unconnected_items]: Missing connection between items
    Local override; error
    @(25.2500 mm, 22.3300 mm): Pad 43 [/mcu/I2C1_SDA] of U2 on F.Cu
    @(28.5000 mm, 53.9900 mm): Pad 14 [/mcu/I2C1_SDA] of U3 on F.Cu
[unconnected_items]: Missing connection between items
    Local override; error
    @(25.5625 mm, 1.9950 mm): Pad 2 [/mcu/I2C1_SDA] of R8 on B.Cu
    @(25.2500 mm, 22.3300 mm): Pad 43 [/mcu/I2C1_SDA] of U2 on F.Cu
[unconnected_items]: Missing connection between items
    Local override; error
    @(47.4125 mm, 7.7450 mm): Pad 3 [/modem_rf/NETLED_K] of Q12 on F.Cu
    @(50.2375 mm, 4.2750 mm): Pad 1 [/modem_rf/NETLED_K] of D13 on F.Cu
[unconnected_items]: Missing connection between items
    Local override; error
    @(61.8125 mm, 57.9950 mm): Pad 1 [/modem_rf/U8_OE] of R62 on F.Cu
    @(42.2500 mm, 31.4600 mm): Pad 8 [/modem_rf/U8_OE] of U8 on F.Cu
[unconnected_items]: Missing connection between items
    Local override; error
    @(22.1500 mm, 36.4500 mm): Track [/io/VIN_SENSE] on F.Cu, length 2.8000 mm
    @(2.2000 mm, 20.1875 mm): Pad 2 [/io/VIN_SENSE] of R32 on F.Cu
[unconnected_items]: Missing connection between items
    Local override; error
    @(30.1625 mm, 40.7450 mm): Pad 3 [/io/VIN_SENSE] of D10 on F.Cu
    @(29.1500 mm, 33.1500 mm): Track [/io/VIN_SENSE] on F.Cu, length 0.4243 mm
[unconnected_items]: Missing connection between items
    Local override; error
    @(54.5375 mm, 6.7950 mm): Pad 1 [/modem_rf/Q14_B] of Q14 on F.Cu
    @(70.6375 mm, 49.9950 mm): Pad 2 [/modem_rf/Q14_B] of R53 on F.Cu
[unconnected_items]: Missing connection between items
    Local override; error
    @(31.0000 mm, 32.2750 mm): Pad 1 [/io/VBAT_SENSE] of C29 on F.Cu
    @(35.0625 mm, 52.4950 mm): Pad 2 [/io/VBAT_SENSE] of R38 on B.Cu
[unconnected_items]: Missing connection between items
    Local override; error
    @(75.9500 mm, 47.2500 mm): Track [/modem_rf/Q9_B] on B.Cu, length 1.8000 mm
    @(78.6375 mm, 51.9950 mm): Pad 2 [/modem_rf/Q9_B] of R55 on F.Cu
[unconnected_items]: Missing connection between items
    Local override; error
    @(54.0500 mm, 43.0500 mm): Pad 21 [/modem_rf/PWRKEY_MOD] of U1 on F.Cu
    @(60.9125 mm, 9.2450 mm): Pad 3 [/modem_rf/PWRKEY_MOD] of Q9 on F.Cu
[unconnected_items]: Missing connection between items
    Local override; error
    @(27.5000 mm, 32.2750 mm): Pad 1 [/io/IGN_SENSE] of C28 on F.Cu
    @(2.2000 mm, 33.8375 mm): Pad 2 [/io/IGN_SENSE] of R35 on F.Cu
[unconnected_items]: Missing connection between items
    Local override; error
    @(34.8875 mm, 46.4950 mm): Pad 1 [/io/IGN_SENSE] of R37 on B.Cu
    @(37.2675 mm, 41.7000 mm): Pad 3 [/io/IGN_SENSE] of D11 on F.Cu
[unconnected_items]: Missing connection between items
    Local override; error
    @(37.2675 mm, 41.7000 mm): Pad 3 [/io/IGN_SENSE] of D11 on F.Cu
    @(27.5000 mm, 32.2750 mm): Pad 1 [/io/IGN_SENSE] of C28 on F.Cu
[unconnected_items]: Missing connection between items
    Local override; error
    @(52.2500 mm, 2.2750 mm): Pad 1 [/modem_rf/VDD_EXT_1V8] of C44 on F.Cu
    @(45.7500 mm, 23.9500 mm): Track [/modem_rf/VDD_EXT_1V8] on B.Cu, length 0.5657 mm
[unconnected_items]: Missing connection between items
    Local override; error
    @(21.5000 mm, 23.2750 mm): Pad 1 [/power/U5_VCC] of C75 on F.Cu
    @(36.4000 mm, 11.7200 mm): Pad 1 [/power/U5_VCC] of U5 on F.Cu
[unconnected_items]: Missing connection between items
    Local override; error
    @(36.4000 mm, 11.7200 mm): Pad 1 [/power/U5_VCC] of U5 on F.Cu
    @(23.3875 mm, 4.4950 mm): Pad 1 [/power/U5_VCC] of R81 on B.Cu
[unconnected_items]: Missing connection between items
    Local override; error
    @(40.2100 mm, 11.7200 mm): Pad 4 [/power/U5_FB] of U5 on F.Cu
    @(32.3875 mm, 4.9950 mm): Pad 1 [/power/U5_FB] of R84 on B.Cu
[unconnected_items]: Missing connection between items
    Local override; error
    @(61.8125 mm, 55.4950 mm): Pad 1 [/modem_rf/STATUS_MOD] of R59 on F.Cu
    @(65.7500 mm, 14.9500 mm): Pad 61 [/modem_rf/STATUS_MOD] of U1 on F.Cu
[unconnected_items]: Missing connection between items
    Local override; error
    @(70.5375 mm, 4.2950 mm): Pad 1 [/modem_rf/Q11_B] of Q11 on F.Cu
    @(63.6375 mm, 55.4950 mm): Pad 2 [/modem_rf/Q11_B] of R59 on F.Cu
[unconnected_items]: Missing connection between items
    Local override; error
    @(27.8700 mm, 43.4500 mm): Pad 4 [DI2] of OK2 on B.Cu
    @(31.0000 mm, 30.2750 mm): Pad 1 [DI2] of C26 on F.Cu
[unconnected_items]: Missing connection between items
    Local override; error
    @(31.6100 mm, 17.9700 mm): Pad 26 [DI2] of U2 on F.Cu
    @(30.0625 mm, 28.4950 mm): Pad 2 [DI2] of R22 on B.Cu
[unconnected_items]: Missing connection between items
    Local override; error
    @(72.2925 mm, 47.0100 mm): Pad 2 [/modem_rf/GNSS_BIAS] of R90 on F.Cu
    @(74.7300 mm, 47.3400 mm): Pad 1 [/modem_rf/GNSS_BIAS] of C85 on F.Cu
[unconnected_items]: Missing connection between items
    Local override; error
    @(80.7850 mm, 38.0000 mm): Pad 2 [/modem_rf/GNSS_BIAS] of L4 on F.Cu
    @(76.1500 mm, 45.5700 mm): Pad 1 [/modem_rf/GNSS_BIAS] of C83 on F.Cu
[unconnected_items]: Missing connection between items
    Local override; error
    @(45.4500 mm, 37.7000 mm): Pad 15 [/modem_rf/USIM_DATA_M] of U1 on F.Cu
    @(51.1375 mm, 1.9950 mm): Pad 1 [/modem_rf/USIM_DATA_M] of R66 on B.Cu
[unconnected_items]: Missing connection between items
    Local override; error
    @(45.4500 mm, 39.0000 mm): Pad 16 [/modem_rf/USIM_CLK_M] of U1 on F.Cu
    @(55.1375 mm, 1.9950 mm): Pad 1 [/modem_rf/USIM_CLK_M] of R67 on B.Cu
[unconnected_items]: Missing connection between items
    Local override; error
    @(45.4500 mm, 40.3000 mm): Pad 17 [/modem_rf/USIM_RST_M] of U1 on F.Cu
    @(59.1375 mm, 1.9950 mm): Pad 1 [/modem_rf/USIM_RST_M] of R68 on B.Cu
[unconnected_items]: Missing connection between items
    Local override; error
    @(55.3500 mm, 14.9500 mm): Pad 69 [/modem_rf/USB_DP_M] of U1 on F.Cu
    @(62.0550 mm, 6.3360 mm): Pad 1 [/modem_rf/USB_DP_M] of D15 on F.Cu
[unconnected_items]: Missing connection between items
    Local override; error
    @(54.0500 mm, 14.9500 mm): Pad 70 [/modem_rf/USB_DM_M] of U1 on F.Cu
    @(63.9550 mm, 6.3360 mm): Pad 3 [/modem_rf/USB_DM_M] of D15 on F.Cu
[unconnected_items]: Missing connection between items
    Local override; error
    @(52.1500 mm, 13.4500 mm): Track [/modem_rf/USB_VBUS] on F.Cu, length 1.4142 mm
    @(63.0050 mm, 4.0360 mm): Pad 5 [/modem_rf/USB_VBUS] of D15 on F.Cu
[unconnected_items]: Missing connection between items
    Local override; error
    @(26.6100 mm, 26.1900 mm): Pad 1 [/mcu/VBAT_MCU] of U2 on F.Cu
    @(27.5000 mm, 34.2750 mm): Pad 1 [/mcu/VBAT_MCU] of C6 on F.Cu
[unconnected_items]: Missing connection between items
    Local override; error
    @(27.5000 mm, 34.2750 mm): Pad 1 [/mcu/VBAT_MCU] of C6 on F.Cu
    @(38.0625 mm, 42.9950 mm): Pad 2 [/mcu/VBAT_MCU] of R3 on B.Cu
[unconnected_items]: Missing connection between items
    Local override; error
    @(27.1100 mm, 26.1900 mm): Pad 2 [/mcu/SYS_LED] of U2 on F.Cu
    @(34.4875 mm, 38.7750 mm): Pad 1 [/mcu/SYS_LED] of D20 on F.Cu
[unconnected_items]: Missing connection between items
    Local override; error
    @(29.1100 mm, 26.1900 mm): Pad 6 [/mcu/OSC_OUT] of U2 on F.Cu
    @(33.0100 mm, 20.1250 mm): Pad 1 [/mcu/OSC_OUT] of C2 on B.Cu
[unconnected_items]: Missing connection between items
    Local override; error
    @(33.0100 mm, 20.1250 mm): Pad 1 [/mcu/OSC_OUT] of C2 on B.Cu
    @(27.6600 mm, 17.6500 mm): Pad 3 [/mcu/OSC_OUT] of Y1 on B.Cu
[unconnected_items]: Missing connection between items
    Local override; error
    @(29.6100 mm, 26.1900 mm): Pad 7 [/mcu/NRST] of U2 on F.Cu
    @(34.5000 mm, 32.2750 mm): Pad 1 [/mcu/NRST] of C5 on F.Cu
[unconnected_items]: Missing connection between items
    Local override; error
    @(22.0510 mm, 20.5900 mm): Pad 1 [/mcu/DBG_TX] of TP4 on F.Cu
    @(32.1100 mm, 26.1900 mm): Pad 12 [/mcu/DBG_TX] of U2 on F.Cu
[unconnected_items]: Missing connection between items
    Local override; error
    @(33.4700 mm, 24.8300 mm): Pad 13 [/mcu/DBG_RX] of U2 on F.Cu
    @(48.5010 mm, 33.5200 mm): Pad 1 [/mcu/DBG_RX] of TP5 on B.Cu
[unconnected_items]: Missing connection between items
    Local override; error
    @(33.4700 mm, 20.3300 mm): Pad 22 [/mcu/NET_STATUS_LED] of U2 on F.Cu
    @(34.3875 mm, 59.9950 mm): Pad 1 [/mcu/NET_STATUS_LED] of R5 on B.Cu
[unconnected_items]: Missing connection between items
    Local override; error
    @(22.5700 mm, 43.4500 mm): Pad 4 [DI1] of OK1 on B.Cu
    @(23.2500 mm, 32.2500 mm): Via [DI1] on F.Cu - B.Cu
[unconnected_items]: Missing connection between items
    Local override; error
    @(32.1100 mm, 17.9700 mm): Pad 25 [DI1] of U2 on F.Cu
    @(25.8500 mm, 29.2500 mm): Track [DI1] on F.Cu, length 2.3000 mm
[unconnected_items]: Missing connection between items
    Local override; error
    @(23.3925 mm, 31.0100 mm): Pad 1 [DO1_GATE] of R43 on B.Cu
    @(30.3875 mm, 58.9950 mm): Pad 1 [DO1_GATE] of R42 on B.Cu
[unconnected_items]: Missing connection between items
    Local override; error
    @(31.1100 mm, 17.9700 mm): Pad 27 [DO1_GATE] of U2 on F.Cu
    @(23.3925 mm, 31.0100 mm): Pad 1 [DO1_GATE] of R43 on B.Cu
[unconnected_items]: Missing connection between items
    Local override; error
    @(23.3925 mm, 34.5200 mm): Pad 1 [DO2_GATE] of R46 on B.Cu
    @(32.7625 mm, 34.9000 mm): Pad 1 [DO2_GATE] of R47 on B.Cu
[unconnected_items]: Missing connection between items
    Local override; error
    @(32.7625 mm, 34.9000 mm): Pad 1 [DO2_GATE] of R47 on B.Cu
    @(30.6100 mm, 17.9700 mm): Pad 28 [DO2_GATE] of U2 on F.Cu
[unconnected_items]: Missing connection between items
    Local override; error
    @(40.4750 mm, 27.8948 mm): Track [MODEM_TX] on B.Cu, length 7.7143 mm
    @(29.6100 mm, 17.9700 mm): Pad 30 [MODEM_TX] of U2 on F.Cu
[unconnected_items]: Missing connection between items
    Local override; error
    @(28.6100 mm, 17.9700 mm): Pad 32 [MODEM_RI] of U2 on F.Cu
    @(40.3000 mm, 31.4600 mm): Pad 11 [MODEM_RI] of U8 on F.Cu
[unconnected_items]: Missing connection between items
    Local override; error
    @(28.1100 mm, 17.9700 mm): Pad 33 [MODEM_DTR] of U2 on F.Cu
    @(40.9500 mm, 31.4600 mm): Pad 10 [MODEM_DTR] of U8 on F.Cu
[unconnected_items]: Missing connection between items
    Local override; error
    @(27.6100 mm, 17.9700 mm): Pad 34 [/mcu/SWDIO] of U2 on F.Cu
    @(47.0010 mm, 29.8300 mm): Pad 1 [/mcu/SWDIO] of TP1 on B.Cu
[unconnected_items]: Missing connection between items
    Local override; error
    @(25.2500 mm, 19.3300 mm): Pad 37 [/mcu/SWCLK] of U2 on F.Cu
    @(49.3510 mm, 26.1400 mm): Pad 1 [/mcu/SWCLK] of TP2 on B.Cu
[unconnected_items]: Missing connection between items
    Local override; error
    @(30.6625 mm, 50.7450 mm): Pad 3 [/mcu/NSL_K] of Q4 on F.Cu
    @(39.4875 mm, 41.7750 mm): Pad 1 [/mcu/NSL_K] of D21 on F.Cu
[unconnected_items]: Missing connection between items
    Local override; error
    @(36.5625 mm, 59.9950 mm): Pad 2 [/mcu/NSL_A] of R6 on B.Cu
    @(41.0625 mm, 41.7750 mm): Pad 2 [/mcu/NSL_A] of D21 on F.Cu
[unconnected_items]: Missing connection between items
    Local override; error
    @(45.3125 mm, 1.9950 mm): Pad 2 [/modem_rf/NETLED_A] of R65 on B.Cu
    @(51.8125 mm, 4.2750 mm): Pad 2 [/modem_rf/NETLED_A] of D13 on F.Cu
[unconnected_items]: Missing connection between items
    Local override; error
    @(28.7875 mm, 49.7950 mm): Pad 1 [/mcu/NSL_BASE] of Q4 on F.Cu
    @(32.5625 mm, 59.9950 mm): Pad 2 [/mcu/NSL_BASE] of R5 on B.Cu
[unconnected_items]: Missing connection between items
    Local override; error
    @(35.5000 mm, 28.2750 mm): Pad 1 [/io/CAN_SPLIT] of C22 on F.Cu
    @(39.5950 mm, 49.7950 mm): Pad 2 [/io/CAN_SPLIT] of JP2 on F.Cu
[unconnected_items]: Missing connection between items
    Local override; error
    @(39.5625 mm, 36.9950 mm): Pad 2 [/io/Q2_G] of R24 on B.Cu
    @(25.0725 mm, 40.7000 mm): Pad 1 [/io/Q2_G] of R26 on B.Cu
[unconnected_items]: Missing connection between items
    Local override; error
    @(10.5000 mm, 21.0000 mm): PTH pad 10 [/io/DO2_OUT] of J1
    @(13.0000 mm, 53.8000 mm): Pad 3 [/io/DO2_OUT] of Q2 on F.Cu
[unconnected_items]: Missing connection between items
    Local override; error
    @(28.5625 mm, 56.4950 mm): Pad 2 [/mcu/SYS_LED_A] of R4 on B.Cu
    @(36.0625 mm, 38.7750 mm): Pad 2 [/mcu/SYS_LED_A] of D20 on F.Cu
[unconnected_items]: Missing connection between items
    Local override; error
    @(63.9550 mm, 4.0360 mm): Pad 4 [/modem_rf/USB_DM_TP] of D15 on F.Cu
    @(72.7975 mm, 2.2962 mm): Pad 1 [/modem_rf/USB_DM_TP] of TP16 on B.Cu
[unconnected_items]: Missing connection between items
    Local override; error
    @(62.0550 mm, 4.0360 mm): Pad 6 [/modem_rf/USB_DP_TP] of D15 on F.Cu
    @(69.7975 mm, 2.2962 mm): Pad 1 [/modem_rf/USB_DP_TP] of TP15 on B.Cu
[unconnected_items]: Missing connection between items
    Local override; error
    @(37.4975 mm, 33.9400 mm): Pad 1 [/io/DO2_X] of Q8 on B.Cu
    @(40.3575 mm, 34.9000 mm): Pad 2 [/io/DO2_X] of R48 on B.Cu
[unconnected_items]: Missing connection between items
    Local override; error
    @(21.5625 mm, 59.9950 mm): Pad 2 [/io/DO2_DRV] of R49 on B.Cu
    @(35.6225 mm, 34.8900 mm): Pad 3 [/io/DO2_DRV] of Q8 on B.Cu
[unconnected_items]: Missing connection between items
    Local override; error
    @(30.9175 mm, 31.0200 mm): Pad 2 [/io/DO1_X] of R44 on B.Cu
    @(37.4875 mm, 29.3500 mm): Pad 1 [/io/DO1_X] of Q6 on B.Cu
[unconnected_items]: Missing connection between items
    Local override; error
    @(35.6125 mm, 30.3000 mm): Pad 3 [/io/DO1_DRV] of Q6 on B.Cu
    @(40.3575 mm, 31.3000 mm): Pad 2 [/io/DO1_DRV] of R45 on B.Cu
[unconnected_items]: Missing connection between items
    Local override; error
    @(28.0475 mm, 29.2900 mm): Pad 1 [/io/DO1_B] of Q5 on B.Cu
    @(28.5625 mm, 58.9950 mm): Pad 2 [/io/DO1_B] of R42 on B.Cu

** Found 0 Footprint errors **

** Ignored checks **
    - Footprint has no courtyard defined
    - Track endpoint not centered on via
    - Tuning profile track geometries
    - Footprint doesn't match symbol's footprint filters
    - Footprint component type doesn't match footprint pads

** End of Report **
