=== pours start 01:22:52
--- 3V3 01:22:52
CHILD_FAIL no path U3.5 -> U3.10
POUR 3V3: unconnected=177 errors=0
--- 5V0 01:24:37
CHILD_FAIL no path C77.1 -> C78.1
POUR 5V0: unconnected=177 errors=0
--- /power/SYS 01:25:28
CHILD_PARTIAL vias=0 len=1.85 man=1.90 cause=no path U6.15 -> C68.1
POUR /power/SYS: unconnected=176 errors=0
--- GND 01:25:52
    DEBUG island taps: 33 vias (44 orphan islands)
CHILD_PARTIAL vias=34 len=2.16 man=1.71 cause=no path C10.2 -> U2.8
POUR GND: unconnected=141 errors=0
POURS_DONE
=== pours start 01:32:20
--- 3V3 01:32:20
CHILD_FAIL no path U3.5 -> U3.10
POUR 3V3: unconnected=141 errors=0
--- 5V0 01:33:48
CHILD_FAIL no path C77.1 -> C78.1
POUR 5V0: unconnected=141 errors=0
--- /power/SYS 01:34:37
CHILD_FAIL no path U6.15 -> C68.1
POUR /power/SYS: unconnected=141 errors=0
--- GND 01:34:51
    DEBUG island taps: 7 vias (17 orphan islands)
CHILD_PARTIAL vias=7 len=0.00 man=0.00 cause=no path C10.2 -> U2.8
POUR GND: unconnected=141 errors=0
POURS_DONE
=== pour ROUND 1 05:00:55
=== pours start 05:00:55
--- 3V3 05:00:55
POUR 3V3: unconnected=141 errors=0
--- 5V0 05:02:54
POUR 5V0: unconnected=141 errors=0
--- /power/SYS 05:05:26
CHILD_PARTIAL vias=1 len=35.09 man=25.11 cause=no path U9.3 -> L3.2
POUR /power/SYS: unconnected=141 errors=0
--- GND 05:06:22
    DEBUG island taps: 1 vias (11 orphan islands)
CHILD_PARTIAL vias=1 len=0.00 man=0.00 cause=no path U6.18 -> U6.9
POUR GND: unconnected=140 errors=0
POURS_DONE
ROUND 1 END unconnected=140
=== pour ROUND 2 05:12:47
=== pours start 05:12:47
--- 3V3 05:12:47
CHILD_FAIL no path U9.5 -> U2.24
POUR 3V3: unconnected=140 errors=0
--- 5V0 05:14:59
POUR 5V0: unconnected=140 errors=0
--- /power/SYS 05:17:33
CHILD_FAIL no path U9.3 -> L3.2
POUR /power/SYS: unconnected=140 errors=0
--- GND 05:18:17
CHILD_FAIL no path U6.18 -> U6.9
POUR GND: unconnected=140 errors=0
POURS_DONE
ROUND 2 END unconnected=140
=== pour ROUND 3 05:24:41
=== pours start 05:24:41
--- 3V3 05:24:41
CHILD_FAIL no path U9.5 -> U2.24
=== pour ROUND 1 05:31:24
=== pours start 05:31:24
--- 3V3 05:31:24
    DEBUG island taps: 1 vias (3 orphan islands)
CHILD_PARTIAL vias=6 len=0.00 man=0.00 cause=no path C10.1 -> C11.1
POUR 3V3: unconnected=135 errors=1
POUR 3V3 introduced error(s) - reverting; violations:
[clearance]: Clearance violation (netclass 'Default' clearance 0.2000 mm; actual 0.1900 mm)
    Rule: netclass 'Default'; error
    @(33.4700 mm, 19.8300 mm): Pad 23 [GND] of U2 on F.Cu
    @(32.7500 mm, 19.2500 mm): Track [3V3] on F.Cu, length 0.1000 mm

--
    Local override; error
    @(22.3200 mm, 46.1800 mm): Pad 1 [CAN1_TX] of U4 on F.Cu
    @(25.2500 mm, 23.8300 mm): Pad 46 [CAN1_TX] of U2 on F.Cu
    Local override; error
    @(25.2500 mm, 24.3300 mm): Pad 47 [GND] of U2 on F.Cu
    @(25.8000 mm, 24.7050 mm): Pad 2 [GND] of C4 on B.Cu
    Local override; error
    @(27.1100 mm, 17.9700 mm): Pad 35 [GND] of U2 on F.Cu
    @(24.7400 mm, 17.0550 mm): Pad 2 [GND] of C1 on B.Cu
    Local override; error
    @(27.1100 mm, 17.9700 mm): Pad 35 [GND] of U2 on F.Cu
    @(29.8600 mm, 17.6500 mm): Pad 4 [GND] of Y1 on B.Cu
    Local override; error
    @(27.6600 mm, 19.3500 mm): Pad 2 [GND] of Y1 on B.Cu
    @(27.1100 mm, 17.9700 mm): Pad 35 [GND] of U2 on F.Cu
    Local override; error
    @(30.0200 mm, 48.0500 mm): Pad 9 [GND] of U6 on F.Cu
    @(0.6500 mm, 0.6500 mm): Zone 'F_GND' [GND] on F.Cu, priority 0
--- 5V0 05:35:16
POUR 5V0: unconnected=139 errors=0
--- /power/SYS 05:38:01
CHILD_FAIL no path U9.3 -> L3.2
POUR /power/SYS: unconnected=139 errors=0
--- GND 05:38:44
CHILD_FAIL no path U6.18 -> U6.9
POUR GND: unconnected=139 errors=0
POURS_DONE
ROUND 1 END unconnected=139
=== pour ROUND 2 05:45:17
=== pours start 05:45:17
--- 3V3 05:45:17
    DEBUG island taps: 1 vias (3 orphan islands)
CHILD_PARTIAL vias=6 len=0.00 man=0.00 cause=no path C10.1 -> C11.1
POUR 3V3: unconnected=135 errors=1
POUR 3V3 introduced error(s) - reverting; violations:
[clearance]: Clearance violation (netclass 'Default' clearance 0.2000 mm; actual 0.1900 mm)
    Rule: netclass 'Default'; error
    @(33.4700 mm, 19.8300 mm): Pad 23 [GND] of U2 on F.Cu
    @(32.7500 mm, 19.2500 mm): Track [3V3] on F.Cu, length 0.1000 mm

--
    Local override; error
    @(22.3200 mm, 46.1800 mm): Pad 1 [CAN1_TX] of U4 on F.Cu
    @(25.2500 mm, 23.8300 mm): Pad 46 [CAN1_TX] of U2 on F.Cu
    Local override; error
    @(25.2500 mm, 24.3300 mm): Pad 47 [GND] of U2 on F.Cu
    @(25.8000 mm, 24.7050 mm): Pad 2 [GND] of C4 on B.Cu
    Local override; error
    @(27.1100 mm, 17.9700 mm): Pad 35 [GND] of U2 on F.Cu
    @(24.7400 mm, 17.0550 mm): Pad 2 [GND] of C1 on B.Cu
    Local override; error
    @(27.1100 mm, 17.9700 mm): Pad 35 [GND] of U2 on F.Cu
    @(29.8600 mm, 17.6500 mm): Pad 4 [GND] of Y1 on B.Cu
    Local override; error
    @(27.6600 mm, 19.3500 mm): Pad 2 [GND] of Y1 on B.Cu
    @(27.1100 mm, 17.9700 mm): Pad 35 [GND] of U2 on F.Cu
    Local override; error
    @(30.0200 mm, 48.0500 mm): Pad 9 [GND] of U6 on F.Cu
    @(0.6500 mm, 0.6500 mm): Zone 'F_GND' [GND] on F.Cu, priority 0
--- 5V0 05:49:09
POUR 5V0: unconnected=139 errors=0
--- /power/SYS 05:51:51
CHILD_FAIL no path U9.3 -> L3.2
POUR /power/SYS: unconnected=139 errors=0
--- GND 05:52:33
