** Drc report for telematics-tracker.kicad_pcb **
** Report includes: Errors, Warnings **

** Found 20 DRC violations **
** report normalised: timestamp removed and violations sorted, so an unchanged design produces an unchanged file **

[clearance]: Clearance violation (netclass 'Default' clearance 0.2000 mm; actual 0.1750 mm)
    Rule: netclass 'Default'; error
    @(29.4200 mm, 45.1500 mm): Via [GND] on F.Cu - B.Cu
    @(30.5700 mm, 44.9700 mm): Pad 1 [/power/PMID] of C62 on B.Cu
[courtyards_overlap]: Courtyards overlap
    Rule: board setup constraints courtyard; error
    @(39.4500 mm, 2.7900 mm): Footprint D16
    @(30.3800 mm, 10.5400 mm): Footprint L1
[isolated_copper]: Isolated copper fill
    Local override; warning
    @(20.7500 mm, 27.5000 mm): Zone 'L3_5V0' [5V0] on PWR_L3, priority 0
[isolated_copper]: Isolated copper fill
    Local override; warning
    @(20.7500 mm, 39.5000 mm): Zone 'L3_SYS' [SYS] on PWR_L3, priority 0
[isolated_copper]: Isolated copper fill
    Local override; warning
    @(20.7500 mm, 48.5000 mm): Zone 'L3_3V3' [3V3] on PWR_L3, priority 0
[isolated_copper]: Isolated copper fill
    Local override; warning
    @(44.0000 mm, 22.5000 mm): Zone 'L3_3V3' [3V3] on PWR_L3, priority 0
[isolated_copper]: Isolated copper fill
    Local override; warning
    @(62.0000 mm, 7.0000 mm): Zone 'L3_/modem_rf/VBAT_MODEM' [/modem_rf/VBAT_MODEM] on PWR_L3, priority 0
[silk_over_copper]: Silkscreen clipped by solder mask
    Local override; warning
    @(62.0400 mm, 47.5000 mm): Segment of X2 on F.Silkscreen
    @(62.6350 mm, 47.6500 mm): Pad 8 [/modem_rf/USIM_VDD_ESIM] of X2 on F.Cu
[silk_over_copper]: Silkscreen clipped by solder mask
    Local override; warning
    @(62.0400 mm, 47.5000 mm): Segment of X2 on F.Silkscreen
    @(63.9050 mm, 47.6500 mm): Pad 7 [/modem_rf/SIM_RST] of X2 on F.Cu
[silk_over_copper]: Silkscreen clipped by solder mask
    Local override; warning
    @(62.0400 mm, 47.5000 mm): Segment of X2 on F.Silkscreen
    @(65.1750 mm, 47.6500 mm): Pad 6 [/modem_rf/SIM_CLK] of X2 on F.Cu
[silk_over_copper]: Silkscreen clipped by solder mask
    Local override; warning
    @(62.0400 mm, 47.5000 mm): Segment of X2 on F.Silkscreen
    @(66.4450 mm, 47.6500 mm): Pad 5 [<no net>] of X2 on F.Cu
[silk_over_copper]: Silkscreen clipped by solder mask
    Local override; warning
    @(62.0400 mm, 53.5000 mm): Segment of X2 on F.Silkscreen
    @(62.6350 mm, 53.3500 mm): Pad 1 [GND] of X2 on F.Cu
[silk_over_copper]: Silkscreen clipped by solder mask
    Local override; warning
    @(62.0400 mm, 53.5000 mm): Segment of X2 on F.Silkscreen
    @(63.9050 mm, 53.3500 mm): Pad 2 [<no net>] of X2 on F.Cu
[silk_over_copper]: Silkscreen clipped by solder mask
    Local override; warning
    @(62.0400 mm, 53.5000 mm): Segment of X2 on F.Silkscreen
    @(65.1750 mm, 53.3500 mm): Pad 3 [/modem_rf/SIM_DATA] of X2 on F.Cu
[silk_over_copper]: Silkscreen clipped by solder mask
    Local override; warning
    @(62.0400 mm, 53.5000 mm): Segment of X2 on F.Silkscreen
    @(66.4450 mm, 53.3500 mm): Pad 4 [<no net>] of X2 on F.Cu
[silk_overlap]: Silkscreen clearance
    Rule: board setup constraints silk; warning
    @(18.8000 mm, 31.0000 mm): PCB text 'HV ZONE  <= 100 V' on F.Silkscreen
    @(18.9500 mm, 45.0800 mm): Segment of D2 on F.Silkscreen
[silk_overlap]: Silkscreen clearance
    Rule: board setup constraints silk; warning
    @(35.9400 mm, 1.1400 mm): Segment of D16 on F.Silkscreen
    @(36.5800 mm, 4.3400 mm): Segment of L1 on F.Silkscreen
[silk_overlap]: Silkscreen clearance
    Rule: board setup constraints silk; warning
    @(35.9400 mm, 4.4400 mm): Segment of D16 on F.Silkscreen
    @(36.5800 mm, 7.6100 mm): Segment of L1 on F.Silkscreen
[silk_overlap]: Silkscreen clearance
    Rule: board setup constraints silk; warning
    @(36.5300 mm, 4.3900 mm): Circle of L1 on F.Silkscreen
    @(35.9400 mm, 4.4400 mm): Segment of D16 on F.Silkscreen
[silk_overlap]: Silkscreen clearance
    Rule: board setup constraints silk; warning
    @(36.5800 mm, 4.3400 mm): Segment of L1 on F.Silkscreen
    @(35.9400 mm, 4.4400 mm): Segment of D16 on F.Silkscreen
[unconnected_items]: Missing connection between items
    Local override; error
    @(0.6500 mm, 0.6500 mm): Zone 'B_GND' [GND] on B.Cu, priority 0
    @(0.6500 mm, 0.6500 mm): Zone 'B_GND' [GND] on B.Cu, priority 0
[unconnected_items]: Missing connection between items
    Local override; error
    @(0.6500 mm, 0.6500 mm): Zone 'F_GND' [GND] on F.Cu, priority 0
    @(30.1100 mm, 26.1900 mm): Pad 8 [GND] of U2 on F.Cu
[unconnected_items]: Missing connection between items
    Local override; error
    @(0.6500 mm, 0.6500 mm): Zone 'F_GND' [GND] on F.Cu, priority 0
    @(55.2500 mm, 4.5450 mm): Pad 2 [GND] of D14 on F.Cu
[unconnected_items]: Missing connection between items
    Local override; error
    @(1.8675 mm, 46.4000 mm): Pad 1 [/io/DI1_IN] of R14 on B.Cu
    @(10.5000 mm, 30.0000 mm): PTH pad 7 [/io/DI1_IN] of J1
[unconnected_items]: Missing connection between items
    Local override; error
    @(1.8675 mm, 50.2000 mm): Pad 1 [/io/DI2_IN] of R17 on B.Cu
    @(10.5000 mm, 27.0000 mm): PTH pad 8 [/io/DI2_IN] of J1
[unconnected_items]: Missing connection between items
    Local override; error
    @(10.5000 mm, 21.0000 mm): PTH pad 10 [/io/DO2_OUT] of J1
    @(8.5000 mm, 7.9000 mm): Pad 2 [/io/DO2_OUT] of D8 on B.Cu
[unconnected_items]: Missing connection between items
    Local override; error
    @(10.5000 mm, 24.0000 mm): PTH pad 9 [/io/DO1_OUT] of J1
    @(12.6000 mm, 48.9000 mm): Pad 3 [/io/DO1_OUT] of Q1 on F.Cu
[unconnected_items]: Missing connection between items
    Local override; error
    @(10.5425 mm, 46.4000 mm): Pad 2 [/io/DI1_M2] of R15 on B.Cu
    @(13.3675 mm, 47.4800 mm): Pad 1 [/io/DI1_M2] of R16 on B.Cu
[unconnected_items]: Missing connection between items
    Local override; error
    @(10.5425 mm, 50.2000 mm): Pad 2 [/io/DI2_M2] of R18 on B.Cu
    @(13.3675 mm, 50.9300 mm): Pad 1 [/io/DI2_M2] of R19 on B.Cu
[unconnected_items]: Missing connection between items
    Local override; error
    @(12.5000 mm, 7.9000 mm): Pad 1 [VIN] of D8 on B.Cu
    @(17.4000 mm, 12.8000 mm): Pad 1 [VIN] of F1 on F.Cu
[unconnected_items]: Missing connection between items
    Local override; error
    @(12.5000 mm, 7.9000 mm): Pad 1 [VIN] of D8 on B.Cu
    @(9.2100 mm, 7.4200 mm): Pad 1 [VIN] of D7 on F.Cu
[unconnected_items]: Missing connection between items
    Local override; error
    @(13.0000 mm, 53.8000 mm): Pad 3 [/io/DO2_OUT] of Q2 on F.Cu
    @(10.5000 mm, 21.0000 mm): PTH pad 10 [/io/DO2_OUT] of J1
[unconnected_items]: Missing connection between items
    Local override; error
    @(13.2100 mm, 7.4200 mm): Pad 2 [/io/DO1_OUT] of D7 on F.Cu
    @(10.5000 mm, 24.0000 mm): PTH pad 9 [/io/DO1_OUT] of J1
[unconnected_items]: Missing connection between items
    Local override; error
    @(15.2925 mm, 43.4600 mm): Pad 3 [/io/DI1_LED] of D5 on B.Cu
    @(16.2925 mm, 47.4800 mm): Pad 2 [/io/DI1_LED] of R16 on B.Cu
[unconnected_items]: Missing connection between items
    Local override; error
    @(15.7000 mm, 36.7700 mm): Pad 2 [/power/VIN_P] of D2 on F.Cu
    @(17.3600 mm, 21.0800 mm): Pad 1 [/power/VIN_P] of D1 on F.Cu
[unconnected_items]: Missing connection between items
    Local override; error
    @(16.2125 mm, 38.8700 mm): Pad 3 [/io/DI2_LED] of D6 on B.Cu
    @(16.2925 mm, 50.9300 mm): Pad 2 [/io/DI2_LED] of R19 on B.Cu
[unconnected_items]: Missing connection between items
    Local override; error
    @(16.2925 mm, 47.4800 mm): Pad 2 [/io/DI1_LED] of R16 on B.Cu
    @(22.5700 mm, 49.7500 mm): Pad 1 [/io/DI1_LED] of OK1 on B.Cu
[unconnected_items]: Missing connection between items
    Local override; error
    @(16.2925 mm, 50.9300 mm): Pad 2 [/io/DI2_LED] of R19 on B.Cu
    @(27.8700 mm, 49.7500 mm): Pad 1 [/io/DI2_LED] of OK2 on B.Cu
[unconnected_items]: Missing connection between items
    Local override; error
    @(17.1675 mm, 42.5100 mm): Pad 1 [/io/DI1_LED] of D5 on B.Cu
    @(15.2925 mm, 43.4600 mm): Pad 3 [/io/DI1_LED] of D5 on B.Cu
[unconnected_items]: Missing connection between items
    Local override; error
    @(17.3600 mm, 16.7800 mm): Pad 2 [/power/VIN_F] of D1 on F.Cu
    @(17.4000 mm, 3.4000 mm): Pad 2 [/power/VIN_F] of F1 on F.Cu
[unconnected_items]: Missing connection between items
    Local override; error
    @(18.0875 mm, 37.9200 mm): Pad 1 [/io/DI2_LED] of D6 on B.Cu
    @(16.2125 mm, 38.8700 mm): Pad 3 [/io/DI2_LED] of D6 on B.Cu
[unconnected_items]: Missing connection between items
    Local override; error
    @(2.2000 mm, 11.0875 mm): Pad 2 [/io/VIN_D0] of R30 on F.Cu
    @(2.2000 mm, 17.4625 mm): Pad 1 [/io/VIN_D0] of R31 on F.Cu
[unconnected_items]: Missing connection between items
    Local override; error
    @(2.2000 mm, 12.9125 mm): Pad 1 [VIN] of R30 on F.Cu
    @(7.5000 mm, 30.0000 mm): PTH pad 1 [VIN] of J1
[unconnected_items]: Missing connection between items
    Local override; error
    @(2.2000 mm, 12.9125 mm): Pad 1 [VIN] of R30 on F.Cu
    @(9.2100 mm, 7.4200 mm): Pad 1 [VIN] of D7 on F.Cu
[unconnected_items]: Missing connection between items
    Local override; error
    @(2.2000 mm, 15.6375 mm): Pad 2 [/io/VIN_D1] of R31 on F.Cu
    @(2.2000 mm, 22.0125 mm): Pad 1 [/io/VIN_D1] of R32 on F.Cu
[unconnected_items]: Missing connection between items
    Local override; error
    @(2.2000 mm, 24.7375 mm): Pad 2 [/io/IGN_D0] of R33 on F.Cu
    @(2.2000 mm, 31.1125 mm): Pad 1 [/io/IGN_D0] of R34 on F.Cu
[unconnected_items]: Missing connection between items
    Local override; error
    @(2.2000 mm, 26.5625 mm): Pad 1 [/io/IGN] of R33 on F.Cu
    @(7.5000 mm, 24.0000 mm): PTH pad 3 [/io/IGN] of J1
[unconnected_items]: Missing connection between items
    Local override; error
    @(2.2000 mm, 29.2875 mm): Pad 2 [/io/IGN_D1] of R34 on F.Cu
    @(2.2000 mm, 35.6625 mm): Pad 1 [/io/IGN_D1] of R35 on F.Cu
[unconnected_items]: Missing connection between items
    Local override; error
    @(21.4825 mm, 48.3950 mm): Pad 1 [3V3] of FB1 on F.Cu
    @(26.1300 mm, 40.8200 mm): Pad 5 [3V3] of U4 on F.Cu
[unconnected_items]: Missing connection between items
    Local override; error
    @(21.4825 mm, 48.3950 mm): Pad 1 [3V3] of FB1 on F.Cu
    @(27.7400 mm, 54.2500 mm): Pad 1 [3V3] of U3 on F.Cu
[unconnected_items]: Missing connection between items
    Local override; error
    @(21.5000 mm, 22.2750 mm): Pad 1 [5V0] of C61 on F.Cu
    @(24.9300 mm, 10.5400 mm): Pad 2 [5V0] of L1 on F.Cu
[unconnected_items]: Missing connection between items
    Local override; error
    @(21.5000 mm, 22.2750 mm): Pad 1 [5V0] of C61 on F.Cu
    @(32.7425 mm, 30.9600 mm): Pad 1 [5V0] of R44 on B.Cu
[unconnected_items]: Missing connection between items
    Local override; error
    @(21.5625 mm, 59.9950 mm): Pad 2 [/mcu/SYS_LED_A] of R4 on B.Cu
    @(35.5625 mm, 44.7750 mm): Pad 2 [/mcu/SYS_LED_A] of D20 on F.Cu
[unconnected_items]: Missing connection between items
    Local override; error
    @(21.5675 mm, 34.5200 mm): Pad 2 [/io/DO2_B] of R46 on B.Cu
    @(28.0875 mm, 33.8900 mm): Pad 1 [/io/DO2_B] of Q7 on B.Cu
[unconnected_items]: Missing connection between items
    Local override; error
    @(22.0510 mm, 13.0500 mm): Pad 1 [/mcu/DBG_RX] of TP5 on F.Cu
    @(33.4700 mm, 24.8300 mm): Pad 13 [/mcu/DBG_RX] of U2 on F.Cu
[unconnected_items]: Missing connection between items
    Local override; error
    @(22.0510 mm, 19.8000 mm): Pad 1 [/mcu/DBG_TX] of TP4 on F.Cu
    @(32.1100 mm, 26.1900 mm): Pad 12 [/mcu/DBG_TX] of U2 on F.Cu
[unconnected_items]: Missing connection between items
    Local override; error
    @(22.1000 mm, 30.1600 mm): Pad 8 [3V3] of U7 on F.Cu
    @(23.3700 mm, 30.1600 mm): Pad 7 [3V3] of U7 on F.Cu
[unconnected_items]: Missing connection between items
    Local override; error
    @(22.1000 mm, 37.2400 mm): Pad 1 [FLASH_CS] of U7 on F.Cu
    @(33.4700 mm, 24.3300 mm): Pad 14 [FLASH_CS] of U2 on F.Cu
[unconnected_items]: Missing connection between items
    Local override; error
    @(22.3200 mm, 40.8200 mm): Pad 8 [CAN_STB] of U4 on F.Cu
    @(25.2500 mm, 19.8300 mm): Pad 38 [CAN_STB] of U2 on F.Cu
[unconnected_items]: Missing connection between items
    Local override; error
    @(22.3200 mm, 46.1800 mm): Pad 1 [CAN1_TX] of U4 on F.Cu
    @(25.2500 mm, 23.8300 mm): Pad 46 [CAN1_TX] of U2 on F.Cu
[unconnected_items]: Missing connection between items
    Local override; error
    @(22.4400 mm, 21.6500 mm): Pad 1 [/mcu/OSC32_IN] of Y2 on B.Cu
    @(18.4800 mm, 27.6750 mm): Pad 1 [/mcu/OSC32_IN] of C3 on B.Cu
[unconnected_items]: Missing connection between items
    Local override; error
    @(22.5700 mm, 43.4500 mm): Pad 4 [DI1] of OK1 on B.Cu
    @(35.0000 mm, 34.7750 mm): Pad 1 [DI1] of C25 on F.Cu
[unconnected_items]: Missing connection between items
    Local override; error
    @(23.3700 mm, 30.1600 mm): Pad 7 [3V3] of U7 on F.Cu
    @(28.0000 mm, 30.2750 mm): Pad 1 [3V3] of C13 on F.Cu
[unconnected_items]: Missing connection between items
    Local override; error
    @(23.3700 mm, 37.2400 mm): Pad 2 [SPI1_MISO] of U7 on F.Cu
    @(33.4700 mm, 23.3300 mm): Pad 16 [SPI1_MISO] of U2 on F.Cu
[unconnected_items]: Missing connection between items
    Local override; error
    @(23.3875 mm, 28.4950 mm): Pad 1 [/mcu/BOOT1] of R2 on B.Cu
    @(33.4700 mm, 21.3300 mm): Pad 20 [/mcu/BOOT1] of U2 on F.Cu
[unconnected_items]: Missing connection between items
    Local override; error
    @(23.3875 mm, 59.9950 mm): Pad 2 [/io/CAN_MID] of R12 on F.Cu
    @(30.3875 mm, 57.9950 mm): Pad 2 [/io/CAN_MID] of R11 on F.Cu
[unconnected_items]: Missing connection between items
    Local override; error
    @(23.3875 mm, 6.9950 mm): Pad 1 [3V3] of R7 on B.Cu
    @(27.3875 mm, 6.9950 mm): Pad 1 [3V3] of R8 on B.Cu
[unconnected_items]: Missing connection between items
    Local override; error
    @(23.3925 mm, 31.0000 mm): Pad 1 [DO1_GATE] of R43 on B.Cu
    @(27.3875 mm, 59.9950 mm): Pad 1 [DO1_GATE] of R42 on B.Cu
[unconnected_items]: Missing connection between items
    Local override; error
    @(23.3925 mm, 34.5200 mm): Pad 1 [DO2_GATE] of R46 on B.Cu
    @(32.7625 mm, 34.9000 mm): Pad 1 [DO2_GATE] of R47 on B.Cu
[unconnected_items]: Missing connection between items
    Local override; error
    @(23.3925 mm, 37.6100 mm): Pad 1 [/io/Q1_G] of R25 on B.Cu
    @(14.6000 mm, 49.8500 mm): Pad 1 [/io/Q1_G] of Q1 on F.Cu
[unconnected_items]: Missing connection between items
    Local override; error
    @(23.4450 mm, 4.5250 mm): Pad 1 [5V0] of C78 on B.Cu
    @(27.4450 mm, 4.5250 mm): Pad 1 [5V0] of C79 on B.Cu
[unconnected_items]: Missing connection between items
    Local override; error
    @(23.6000 mm, 40.8200 mm): Pad 7 [/io/CANH_T] of U4 on F.Cu
    @(28.5625 mm, 57.9950 mm): Pad 1 [/io/CANH_T] of R11 on F.Cu
[unconnected_items]: Missing connection between items
    Local override; error
    @(24.6300 mm, 30.1600 mm): Pad 6 [SPI1_SCK] of U7 on F.Cu
    @(33.4700 mm, 23.8300 mm): Pad 15 [SPI1_SCK] of U2 on F.Cu
[unconnected_items]: Missing connection between items
    Local override; error
    @(24.6300 mm, 37.2400 mm): Pad 3 [3V3] of U7 on F.Cu
    @(28.0000 mm, 34.2750 mm): Pad 1 [3V3] of C24 on F.Cu
[unconnected_items]: Missing connection between items
    Local override; error
    @(24.7725 mm, 40.7000 mm): Pad 1 [/io/Q2_G] of R26 on B.Cu
    @(15.0000 mm, 54.7500 mm): Pad 1 [/io/Q2_G] of Q2 on F.Cu
[unconnected_items]: Missing connection between items
    Local override; error
    @(24.8600 mm, 40.8200 mm): Pad 6 [/io/CANL_T] of U4 on F.Cu
    @(21.5625 mm, 59.9950 mm): Pad 1 [/io/CANL_T] of R12 on F.Cu
[unconnected_items]: Missing connection between items
    Local override; error
    @(24.8600 mm, 46.1800 mm): Pad 3 [5V0] of U4 on F.Cu
    @(28.2300 mm, 44.7500 mm): Pad 1 [5V0] of U6 on F.Cu
[unconnected_items]: Missing connection between items
    Local override; error
    @(24.8600 mm, 46.1800 mm): Pad 3 [5V0] of U4 on F.Cu
    @(31.3875 mm, 59.9950 mm): Pad 1 [5V0] of R49 on B.Cu
[unconnected_items]: Missing connection between items
    Local override; error
    @(24.9300 mm, 10.5400 mm): Pad 2 [5V0] of L1 on F.Cu
    @(26.0475 mm, 9.7962 mm): Pad 1 [5V0] of TP19 on B.Cu
[unconnected_items]: Missing connection between items
    Local override; error
    @(24.9400 mm, 21.6500 mm): Pad 2 [/mcu/OSC32_OUT] of Y2 on B.Cu
    @(25.8000 mm, 26.2550 mm): Pad 1 [/mcu/OSC32_OUT] of C4 on B.Cu
[unconnected_items]: Missing connection between items
    Local override; error
    @(25.2500 mm, 19.3300 mm): Pad 37 [/mcu/SWCLK] of U2 on F.Cu
    @(36.4510 mm, 30.0700 mm): Pad 1 [/mcu/SWCLK] of TP2 on F.Cu
[unconnected_items]: Missing connection between items
    Local override; error
    @(25.2500 mm, 20.3300 mm): Pad 39 [MODEM_RESET] of U2 on F.Cu
    @(72.8125 mm, 52.4950 mm): Pad 1 [MODEM_RESET] of R57 on F.Cu
[unconnected_items]: Missing connection between items
    Local override; error
    @(25.2500 mm, 21.3300 mm): Pad 41 [/mcu/IMU_INT1] of U2 on F.Cu
    @(27.7400 mm, 55.7500 mm): Pad 4 [/mcu/IMU_INT1] of U3 on F.Cu
[unconnected_items]: Missing connection between items
    Local override; error
    @(25.2500 mm, 21.8300 mm): Pad 42 [/mcu/I2C1_SCL] of U2 on F.Cu
    @(21.5625 mm, 6.9950 mm): Pad 2 [/mcu/I2C1_SCL] of R7 on B.Cu
[unconnected_items]: Missing connection between items
    Local override; error
    @(25.2500 mm, 22.3300 mm): Pad 43 [/mcu/I2C1_SDA] of U2 on F.Cu
    @(28.5000 mm, 53.9900 mm): Pad 14 [/mcu/I2C1_SDA] of U3 on F.Cu
[unconnected_items]: Missing connection between items
    Local override; error
    @(25.2500 mm, 23.3300 mm): Pad 45 [CAN1_RX] of U2 on F.Cu
    @(26.1300 mm, 46.1800 mm): Pad 4 [CAN1_RX] of U4 on F.Cu
[unconnected_items]: Missing connection between items
    Local override; error
    @(25.2500 mm, 24.8300 mm): Pad 48 [3V3] of U2 on F.Cu
    @(28.0000 mm, 28.2750 mm): Pad 1 [3V3] of C10 on F.Cu
[unconnected_items]: Missing connection between items
    Local override; error
    @(25.5625 mm, 59.9950 mm): Pad 2 [/io/DO1_B] of R42 on B.Cu
    @(28.0475 mm, 29.2900 mm): Pad 1 [/io/DO1_B] of Q5 on B.Cu
[unconnected_items]: Missing connection between items
    Local override; error
    @(25.5625 mm, 6.9950 mm): Pad 2 [/mcu/I2C1_SDA] of R8 on B.Cu
    @(25.2500 mm, 22.3300 mm): Pad 43 [/mcu/I2C1_SDA] of U2 on F.Cu
[unconnected_items]: Missing connection between items
    Local override; error
    @(25.8000 mm, 24.7050 mm): Pad 2 [GND] of C4 on B.Cu
    @(25.2500 mm, 24.3300 mm): Pad 47 [GND] of U2 on F.Cu
[unconnected_items]: Missing connection between items
    Local override; error
    @(25.8000 mm, 26.2550 mm): Pad 1 [/mcu/OSC32_OUT] of C4 on B.Cu
    @(28.1100 mm, 26.1900 mm): Pad 4 [/mcu/OSC32_OUT] of U2 on F.Cu
[unconnected_items]: Missing connection between items
    Local override; error
    @(25.9000 mm, 30.1600 mm): Pad 5 [SPI1_MOSI] of U7 on F.Cu
    @(33.4700 mm, 22.8300 mm): Pad 17 [SPI1_MOSI] of U2 on F.Cu
[unconnected_items]: Missing connection between items
    Local override; error
    @(26.0475 mm, 48.7962 mm): Pad 1 [SYS] of TP13 on F.Cu
    @(30.3875 mm, 54.9950 mm): Pad 1 [SYS] of R38 on B.Cu
[unconnected_items]: Missing connection between items
    Local override; error
    @(26.1300 mm, 40.8200 mm): Pad 5 [3V3] of U4 on F.Cu
    @(24.6300 mm, 37.2400 mm): Pad 3 [3V3] of U7 on F.Cu
[unconnected_items]: Missing connection between items
    Local override; error
    @(26.1725 mm, 30.2400 mm): Pad 3 [/io/DO1_X] of Q5 on B.Cu
    @(30.9175 mm, 30.9600 mm): Pad 2 [/io/DO1_X] of R44 on B.Cu
[unconnected_items]: Missing connection between items
    Local override; error
    @(26.6100 mm, 17.9700 mm): Pad 36 [3V3] of U2 on F.Cu
    @(25.2500 mm, 24.8300 mm): Pad 48 [3V3] of U2 on F.Cu
[unconnected_items]: Missing connection between items
    Local override; error
    @(27.1100 mm, 26.1900 mm): Pad 2 [/mcu/SYS_LED] of U2 on F.Cu
    @(33.9875 mm, 44.7750 mm): Pad 1 [/mcu/SYS_LED] of D20 on F.Cu
[unconnected_items]: Missing connection between items
    Local override; error
    @(27.3875 mm, 6.9950 mm): Pad 1 [3V3] of R8 on B.Cu
    @(26.6100 mm, 17.9700 mm): Pad 36 [3V3] of U2 on F.Cu
[unconnected_items]: Missing connection between items
    Local override; error
    @(27.4450 mm, 2.0250 mm): Pad 1 [/power/SYS] of C66 on B.Cu
    @(23.4450 mm, 2.0250 mm): Pad 1 [/power/SYS] of C65 on B.Cu
[unconnected_items]: Missing connection between items
    Local override; error
    @(27.4450 mm, 2.0250 mm): Pad 1 [/power/SYS] of C66 on B.Cu
    @(40.2950 mm, 12.8875 mm): Pad 3 [/power/SYS] of U9 on B.Cu
[unconnected_items]: Missing connection between items
    Local override; error
    @(27.4450 mm, 4.5250 mm): Pad 1 [5V0] of C79 on B.Cu
    @(26.0475 mm, 9.7962 mm): Pad 1 [5V0] of TP19 on B.Cu
[unconnected_items]: Missing connection between items
    Local override; error
    @(27.6100 mm, 17.9700 mm): Pad 34 [/mcu/SWDIO] of U2 on F.Cu
    @(32.7510 mm, 31.0600 mm): Pad 1 [/mcu/SWDIO] of TP1 on F.Cu
[unconnected_items]: Missing connection between items
    Local override; error
    @(27.6100 mm, 26.1900 mm): Pad 3 [/mcu/OSC32_IN] of U2 on F.Cu
    @(22.4400 mm, 21.6500 mm): Pad 1 [/mcu/OSC32_IN] of Y2 on B.Cu
[unconnected_items]: Missing connection between items
    Local override; error
    @(27.7400 mm, 54.2500 mm): Pad 1 [3V3] of U3 on F.Cu
    @(27.7400 mm, 54.7500 mm): Pad 2 [3V3] of U3 on F.Cu
[unconnected_items]: Missing connection between items
    Local override; error
    @(27.7400 mm, 55.2500 mm): Pad 3 [3V3] of U3 on F.Cu
    @(23.3875 mm, 59.9950 mm): Pad 1 [3V3] of R4 on B.Cu
[unconnected_items]: Missing connection between items
    Local override; error
    @(27.7400 mm, 55.2500 mm): Pad 3 [3V3] of U3 on F.Cu
    @(27.7400 mm, 54.7500 mm): Pad 2 [3V3] of U3 on F.Cu
[unconnected_items]: Missing connection between items
    Local override; error
    @(27.7400 mm, 55.2500 mm): Pad 3 [3V3] of U3 on F.Cu
    @(28.5000 mm, 56.0100 mm): Pad 5 [3V3] of U3 on F.Cu
[unconnected_items]: Missing connection between items
    Local override; error
    @(27.8700 mm, 43.4500 mm): Pad 4 [DI2] of OK2 on B.Cu
    @(38.5000 mm, 34.7750 mm): Pad 1 [DI2] of C26 on F.Cu
[unconnected_items]: Missing connection between items
    Local override; error
    @(27.8800 mm, 19.3500 mm): Pad 2 [GND] of Y1 on B.Cu
    @(27.1100 mm, 17.9700 mm): Pad 35 [GND] of U2 on F.Cu
[unconnected_items]: Missing connection between items
    Local override; error
    @(28.0000 mm, 30.2750 mm): Pad 1 [3V3] of C13 on F.Cu
    @(28.0000 mm, 28.2750 mm): Pad 1 [3V3] of C10 on F.Cu
[unconnected_items]: Missing connection between items
    Local override; error
    @(28.0000 mm, 30.2750 mm): Pad 1 [3V3] of C13 on F.Cu
    @(28.0000 mm, 32.2750 mm): Pad 1 [3V3] of C20 on F.Cu
[unconnected_items]: Missing connection between items
    Local override; error
    @(28.0000 mm, 34.2750 mm): Pad 1 [3V3] of C24 on F.Cu
    @(28.0000 mm, 32.2750 mm): Pad 1 [3V3] of C20 on F.Cu
[unconnected_items]: Missing connection between items
    Local override; error
    @(28.0000 mm, 36.2750 mm): Pad 1 [/io/IGN_SENSE] of C28 on F.Cu
    @(2.2000 mm, 33.8375 mm): Pad 2 [/io/IGN_SENSE] of R35 on F.Cu
[unconnected_items]: Missing connection between items
    Local override; error
    @(28.0000 mm, 38.2750 mm): Pad 1 [/mcu/3V3A] of C7 on F.Cu
    @(23.6075 mm, 48.3950 mm): Pad 2 [/mcu/3V3A] of FB1 on F.Cu
[unconnected_items]: Missing connection between items
    Local override; error
    @(28.0000 mm, 38.2750 mm): Pad 1 [/mcu/3V3A] of C7 on F.Cu
    @(35.0000 mm, 38.7750 mm): Pad 1 [/mcu/3V3A] of C8 on F.Cu
[unconnected_items]: Missing connection between items
    Local override; error
    @(28.1100 mm, 17.9700 mm): Pad 33 [MODEM_DTR] of U2 on F.Cu
    @(40.6700 mm, 20.5500 mm): Pad 10 [MODEM_DTR] of U8 on F.Cu
[unconnected_items]: Missing connection between items
    Local override; error
    @(28.2300 mm, 47.2500 mm): Pad 6 [/power/U6_OTG] of U6 on F.Cu
    @(37.5400 mm, 52.0525 mm): Pad 1 [/power/U6_OTG] of R87 on B.Cu
[unconnected_items]: Missing connection between items
    Local override; error
    @(28.2875 mm, 40.2950 mm): Pad 1 [3V3] of D10 on F.Cu
    @(26.1300 mm, 40.8200 mm): Pad 5 [3V3] of U4 on F.Cu
[unconnected_items]: Missing connection between items
    Local override; error
    @(28.5000 mm, 56.0100 mm): Pad 5 [3V3] of U3 on F.Cu
    @(30.2600 mm, 55.7500 mm): Pad 8 [3V3] of U3 on F.Cu
[unconnected_items]: Missing connection between items
    Local override; error
    @(28.5625 mm, 52.4950 mm): Pad 2 [/mcu/VBAT_MCU] of R3 on B.Cu
    @(31.5000 mm, 37.7750 mm): Pad 1 [/mcu/VBAT_MCU] of C6 on F.Cu
[unconnected_items]: Missing connection between items
    Local override; error
    @(28.5625 mm, 54.9950 mm): Pad 2 [/io/VBAT_SENSE] of R38 on B.Cu
    @(30.3875 mm, 57.4950 mm): Pad 1 [/io/VBAT_SENSE] of R39 on B.Cu
[unconnected_items]: Missing connection between items
    Local override; error
    @(28.6100 mm, 17.9700 mm): Pad 32 [MODEM_RI] of U2 on F.Cu
    @(40.0200 mm, 20.5500 mm): Pad 11 [MODEM_RI] of U8 on F.Cu
[unconnected_items]: Missing connection between items
    Local override; error
    @(28.6100 mm, 26.1900 mm): Pad 5 [/mcu/OSC_IN] of U2 on F.Cu
    @(30.0800 mm, 19.3500 mm): Pad 1 [/mcu/OSC_IN] of Y1 on B.Cu
[unconnected_items]: Missing connection between items
    Local override; error
    @(29.0000 mm, 53.9900 mm): Pad 13 [/mcu/I2C1_SCL] of U3 on F.Cu
    @(25.2500 mm, 21.8300 mm): Pad 42 [/mcu/I2C1_SCL] of U2 on F.Cu
[unconnected_items]: Missing connection between items
    Local override; error
    @(29.0000 mm, 56.0100 mm): Pad 6 [GND] of U3 on F.Cu
    @(0.6500 mm, 0.6500 mm): Zone 'F_GND' [GND] on F.Cu, priority 0
[unconnected_items]: Missing connection between items
    Local override; error
    @(29.0200 mm, 43.9500 mm): Pad 24 [5V0] of U6 on F.Cu
    @(28.2300 mm, 44.7500 mm): Pad 1 [5V0] of U6 on F.Cu
[unconnected_items]: Missing connection between items
    Local override; error
    @(29.0475 mm, 9.7962 mm): Pad 1 [/io/CANH] of TP25 on B.Cu
    @(7.5000 mm, 21.0000 mm): PTH pad 4 [/io/CANH] of J1
[unconnected_items]: Missing connection between items
    Local override; error
    @(29.1100 mm, 26.1900 mm): Pad 6 [/mcu/OSC_OUT] of U2 on F.Cu
    @(33.0200 mm, 19.7050 mm): Pad 1 [/mcu/OSC_OUT] of C2 on B.Cu
[unconnected_items]: Missing connection between items
    Local override; error
    @(29.5200 mm, 43.9500 mm): Pad 23 [/power/PMID] of U6 on F.Cu
    @(30.5700 mm, 44.9700 mm): Pad 1 [/power/PMID] of C62 on B.Cu
[unconnected_items]: Missing connection between items
    Local override; error
    @(29.5200 mm, 48.0500 mm): Pad 8 [/power/U6_ILIM] of U6 on F.Cu
    @(38.9600 mm, 47.5025 mm): Pad 1 [/power/U6_ILIM] of R86 on B.Cu
[unconnected_items]: Missing connection between items
    Local override; error
    @(29.5625 mm, 59.9950 mm): Pad 2 [/io/DO2_DRV] of R49 on B.Cu
    @(41.3875 mm, 49.9950 mm): Pad 1 [/io/DO2_DRV] of R24 on B.Cu
[unconnected_items]: Missing connection between items
    Local override; error
    @(29.5625 mm, 6.9950 mm): Pad 2 [/power/U5_EN] of R81 on B.Cu
    @(39.8800 mm, 11.3300 mm): Pad 2 [/power/U5_EN] of U5 on F.Cu
[unconnected_items]: Missing connection between items
    Local override; error
    @(29.6100 mm, 26.1900 mm): Pad 7 [/mcu/NRST] of U2 on F.Cu
    @(38.5000 mm, 36.7750 mm): Pad 1 [/mcu/NRST] of C5 on F.Cu
[unconnected_items]: Missing connection between items
    Local override; error
    @(30.0200 mm, 43.9500 mm): Pad 22 [/power/REGN] of U6 on F.Cu
    @(33.4100 mm, 44.5600 mm): Pad 1 [/power/REGN] of C63 on B.Cu
[unconnected_items]: Missing connection between items
    Local override; error
    @(30.0200 mm, 48.0500 mm): Pad 9 [GND] of U6 on F.Cu
    @(0.6500 mm, 0.6500 mm): Zone 'F_GND' [GND] on F.Cu, priority 0
[unconnected_items]: Missing connection between items
    Local override; error
    @(30.0800 mm, 19.3500 mm): Pad 1 [/mcu/OSC_IN] of Y1 on B.Cu
    @(24.9600 mm, 18.6050 mm): Pad 1 [/mcu/OSC_IN] of C1 on B.Cu
[unconnected_items]: Missing connection between items
    Local override; error
    @(30.0950 mm, 50.2950 mm): Pad 2 [/io/CAN_SPLIT] of JP2 on F.Cu
    @(39.0000 mm, 32.7750 mm): Pad 1 [/io/CAN_SPLIT] of C22 on F.Cu
[unconnected_items]: Missing connection between items
    Local override; error
    @(30.1100 mm, 17.9700 mm): Pad 29 [MODEM_PWRKEY] of U2 on F.Cu
    @(76.8125 mm, 51.9950 mm): Pad 1 [MODEM_PWRKEY] of R55 on F.Cu
[unconnected_items]: Missing connection between items
    Local override; error
    @(30.1625 mm, 41.2450 mm): Pad 3 [/io/VIN_SENSE] of D10 on F.Cu
    @(34.3875 mm, 52.4950 mm): Pad 1 [/io/VIN_SENSE] of R36 on B.Cu
[unconnected_items]: Missing connection between items
    Local override; error
    @(30.2600 mm, 54.7500 mm): Pad 10 [3V3] of U3 on F.Cu
    @(29.5000 mm, 53.9900 mm): Pad 12 [3V3] of U3 on F.Cu
[unconnected_items]: Missing connection between items
    Local override; error
    @(30.2600 mm, 55.7500 mm): Pad 8 [3V3] of U3 on F.Cu
    @(30.2600 mm, 54.7500 mm): Pad 10 [3V3] of U3 on F.Cu
[unconnected_items]: Missing connection between items
    Local override; error
    @(30.3600 mm, 49.8000 mm): Pad 2 [/power/SYS] of L3 on B.Cu
    @(32.3100 mm, 46.2500 mm): Pad 15 [/power/SYS] of U6 on F.Cu
[unconnected_items]: Missing connection between items
    Local override; error
    @(30.3875 mm, 52.4950 mm): Pad 1 [3V3] of R3 on B.Cu
    @(29.5000 mm, 53.9900 mm): Pad 12 [3V3] of U3 on F.Cu
[unconnected_items]: Missing connection between items
    Local override; error
    @(30.3875 mm, 52.4950 mm): Pad 1 [3V3] of R3 on B.Cu
    @(38.2950 mm, 49.7950 mm): Pad 1 [3V3] of JP1 on F.Cu
[unconnected_items]: Missing connection between items
    Local override; error
    @(30.3875 mm, 57.9950 mm): Pad 2 [/io/CAN_MID] of R11 on F.Cu
    @(28.7950 mm, 50.2950 mm): Pad 1 [/io/CAN_MID] of JP2 on F.Cu
[unconnected_items]: Missing connection between items
    Local override; error
    @(30.5200 mm, 43.9500 mm): Pad 21 [/power/U6_BTST] of U6 on F.Cu
    @(36.1600 mm, 44.1350 mm): Pad 1 [/power/U6_BTST] of C64 on B.Cu
[unconnected_items]: Missing connection between items
    Local override; error
    @(30.5200 mm, 48.0500 mm): Pad 10 [/power/U6_ICHG] of U6 on F.Cu
    @(39.0000 mm, 42.9525 mm): Pad 1 [/power/U6_ICHG] of R85 on B.Cu
[unconnected_items]: Missing connection between items
    Local override; error
    @(30.6100 mm, 26.1900 mm): Pad 9 [/mcu/3V3A] of U2 on F.Cu
    @(28.0000 mm, 38.2750 mm): Pad 1 [/mcu/3V3A] of C7 on F.Cu
[unconnected_items]: Missing connection between items
    Local override; error
    @(30.6100 mm, 39.9850 mm): Pad 1 [/power/SYS] of C68 on B.Cu
    @(32.3100 mm, 45.7500 mm): Pad 16 [/power/SYS] of U6 on F.Cu
[unconnected_items]: Missing connection between items
    Local override; error
    @(30.9175 mm, 30.9600 mm): Pad 2 [/io/DO1_X] of R44 on B.Cu
    @(37.4875 mm, 29.2400 mm): Pad 1 [/io/DO1_X] of Q6 on B.Cu
[unconnected_items]: Missing connection between items
    Local override; error
    @(31.1100 mm, 17.9700 mm): Pad 27 [DO1_GATE] of U2 on F.Cu
    @(23.3925 mm, 31.0000 mm): Pad 1 [DO1_GATE] of R43 on B.Cu
[unconnected_items]: Missing connection between items
    Local override; error
    @(31.3875 mm, 6.9950 mm): Pad 1 [/power/U5_VCC] of R81 on B.Cu
    @(21.5000 mm, 24.2750 mm): Pad 1 [/power/U5_VCC] of C75 on F.Cu
[unconnected_items]: Missing connection between items
    Local override; error
    @(31.5000 mm, 28.2750 mm): Pad 1 [3V3] of C11 on F.Cu
    @(28.0000 mm, 28.2750 mm): Pad 1 [3V3] of C10 on F.Cu
[unconnected_items]: Missing connection between items
    Local override; error
    @(31.5000 mm, 28.2750 mm): Pad 1 [3V3] of C11 on F.Cu
    @(31.8875 mm, 28.4950 mm): Pad 1 [3V3] of R21 on B.Cu
[unconnected_items]: Missing connection between items
    Local override; error
    @(31.5000 mm, 35.7750 mm): Pad 1 [/io/VIN_SENSE] of C27 on F.Cu
    @(2.2000 mm, 20.1875 mm): Pad 2 [/io/VIN_SENSE] of R32 on F.Cu
[unconnected_items]: Missing connection between items
    Local override; error
    @(31.5000 mm, 35.7750 mm): Pad 1 [/io/VIN_SENSE] of C27 on F.Cu
    @(30.1625 mm, 41.2450 mm): Pad 3 [/io/VIN_SENSE] of D10 on F.Cu
[unconnected_items]: Missing connection between items
    Local override; error
    @(31.5000 mm, 37.7750 mm): Pad 1 [/mcu/VBAT_MCU] of C6 on F.Cu
    @(26.6100 mm, 26.1900 mm): Pad 1 [/mcu/VBAT_MCU] of U2 on F.Cu
[unconnected_items]: Missing connection between items
    Local override; error
    @(31.5200 mm, 43.9500 mm): Pad 19 [/power/SW_CHG] of U6 on F.Cu
    @(31.0200 mm, 43.9500 mm): Pad 20 [/power/SW_CHG] of U6 on F.Cu
[unconnected_items]: Missing connection between items
    Local override; error
    @(31.5200 mm, 43.9500 mm): Pad 19 [/power/SW_CHG] of U6 on F.Cu
    @(36.1600 mm, 42.5850 mm): Pad 2 [/power/SW_CHG] of C64 on B.Cu
[unconnected_items]: Missing connection between items
    Local override; error
    @(31.8875 mm, 28.4950 mm): Pad 1 [3V3] of R21 on B.Cu
    @(35.5000 mm, 32.7750 mm): Pad 1 [3V3] of C21 on F.Cu
[unconnected_items]: Missing connection between items
    Local override; error
    @(32.0475 mm, 9.7962 mm): Pad 1 [/io/CANL] of TP26 on B.Cu
    @(7.5000 mm, 18.0000 mm): PTH pad 5 [/io/CANL] of J1
[unconnected_items]: Missing connection between items
    Local override; error
    @(32.1100 mm, 17.9700 mm): Pad 25 [DI1] of U2 on F.Cu
    @(30.0625 mm, 28.4950 mm): Pad 2 [DI1] of R21 on B.Cu
[unconnected_items]: Missing connection between items
    Local override; error
    @(32.3100 mm, 45.2500 mm): Pad 17 [GND] of U6 on F.Cu
    @(0.6500 mm, 0.6500 mm): Zone 'F_GND' [GND] on F.Cu, priority 0
[unconnected_items]: Missing connection between items
    Local override; error
    @(32.3100 mm, 45.7500 mm): Pad 16 [/power/SYS] of U6 on F.Cu
    @(32.3100 mm, 46.2500 mm): Pad 15 [/power/SYS] of U6 on F.Cu
[unconnected_items]: Missing connection between items
    Local override; error
    @(32.3100 mm, 46.7500 mm): Pad 14 [/power/VBAT_BT] of U6 on F.Cu
    @(27.7100 mm, 40.3800 mm): Pad 1 [/power/VBAT_BT] of C67 on B.Cu
[unconnected_items]: Missing connection between items
    Local override; error
    @(32.3100 mm, 47.2500 mm): Pad 13 [/power/VBAT_BT] of U6 on F.Cu
    @(32.3100 mm, 46.7500 mm): Pad 14 [/power/VBAT_BT] of U6 on F.Cu
[unconnected_items]: Missing connection between items
    Local override; error
    @(32.7000 mm, 49.8000 mm): Pad 1 [/power/SW_CHG] of L3 on B.Cu
    @(31.5200 mm, 43.9500 mm): Pad 19 [/power/SW_CHG] of U6 on F.Cu
[unconnected_items]: Missing connection between items
    Local override; error
    @(32.7425 mm, 30.9600 mm): Pad 1 [5V0] of R44 on B.Cu
    @(31.5000 mm, 33.7750 mm): Pad 1 [5V0] of C23 on F.Cu
[unconnected_items]: Missing connection between items
    Local override; error
    @(32.7625 mm, 34.9000 mm): Pad 1 [DO2_GATE] of R47 on B.Cu
    @(30.6100 mm, 17.9700 mm): Pad 28 [DO2_GATE] of U2 on F.Cu
[unconnected_items]: Missing connection between items
    Local override; error
    @(32.7875 mm, 50.2950 mm): Pad 1 [/mcu/NSL_BASE] of Q4 on F.Cu
    @(33.5625 mm, 59.9950 mm): Pad 2 [/mcu/NSL_BASE] of R5 on B.Cu
[unconnected_items]: Missing connection between items
    Local override; error
    @(33.0200 mm, 19.7050 mm): Pad 1 [/mcu/OSC_OUT] of C2 on B.Cu
    @(27.8800 mm, 17.6500 mm): Pad 3 [/mcu/OSC_OUT] of Y1 on B.Cu
[unconnected_items]: Missing connection between items
    Local override; error
    @(33.0625 mm, 46.4950 mm): Pad 2 [/io/Q1_G] of R23 on B.Cu
    @(23.3925 mm, 37.6100 mm): Pad 1 [/io/Q1_G] of R25 on B.Cu
[unconnected_items]: Missing connection between items
    Local override; error
    @(33.2200 mm, 15.4825 mm): Pad 1 [/power/U5_IS] of R82 on B.Cu
    @(39.8800 mm, 5.8900 mm): Pad 7 [/power/U5_IS] of U5 on F.Cu
[unconnected_items]: Missing connection between items
    Local override; error
    @(33.2700 mm, 39.9850 mm): Pad 1 [3V3] of C69 on B.Cu
    @(28.2875 mm, 40.2950 mm): Pad 1 [3V3] of D10 on F.Cu
[unconnected_items]: Missing connection between items
    Local override; error
    @(33.2700 mm, 39.9850 mm): Pad 1 [3V3] of C69 on B.Cu
    @(34.2875 mm, 40.7950 mm): Pad 1 [3V3] of D11 on F.Cu
[unconnected_items]: Missing connection between items
    Local override; error
    @(33.4100 mm, 44.5600 mm): Pad 1 [/power/REGN] of C63 on B.Cu
    @(42.0100 mm, 43.4325 mm): Pad 1 [/power/REGN] of R88 on B.Cu
[unconnected_items]: Missing connection between items
    Local override; error
    @(33.4700 mm, 19.3300 mm): Pad 24 [3V3] of U2 on F.Cu
    @(26.6100 mm, 17.9700 mm): Pad 36 [3V3] of U2 on F.Cu
[unconnected_items]: Missing connection between items
    Local override; error
    @(33.4700 mm, 19.3300 mm): Pad 24 [3V3] of U2 on F.Cu
    @(38.0475 mm, 11.2962 mm): Pad 1 [3V3] of TP6 on B.Cu
[unconnected_items]: Missing connection between items
    Local override; error
    @(33.4700 mm, 19.8300 mm): Pad 23 [GND] of U2 on F.Cu
    @(33.0200 mm, 18.1550 mm): Pad 2 [GND] of C2 on B.Cu
[unconnected_items]: Missing connection between items
    Local override; error
    @(33.4700 mm, 20.3300 mm): Pad 22 [/mcu/NET_STATUS_LED] of U2 on F.Cu
    @(35.3875 mm, 59.9950 mm): Pad 1 [/mcu/NET_STATUS_LED] of R5 on B.Cu
[unconnected_items]: Missing connection between items
    Local override; error
    @(33.4700 mm, 20.8300 mm): Pad 21 [MODEM_PWR_EN] of U2 on F.Cu
    @(68.8125 mm, 49.9950 mm): Pad 1 [MODEM_PWR_EN] of R53 on F.Cu
[unconnected_items]: Missing connection between items
    Local override; error
    @(33.5625 mm, 6.9950 mm): Pad 2 [/power/U5_FB] of R83 on B.Cu
    @(23.3875 mm, 9.4950 mm): Pad 1 [/power/U5_FB] of R84 on B.Cu
[unconnected_items]: Missing connection between items
    Local override; error
    @(34.6625 mm, 51.2450 mm): Pad 3 [/mcu/NSL_K] of Q4 on F.Cu
    @(37.4875 mm, 44.7750 mm): Pad 1 [/mcu/NSL_K] of D21 on F.Cu
[unconnected_items]: Missing connection between items
    Local override; error
    @(34.8875 mm, 46.4950 mm): Pad 1 [/io/DO1_DRV] of R23 on B.Cu
    @(40.3575 mm, 31.3000 mm): Pad 2 [/io/DO1_DRV] of R45 on B.Cu
[unconnected_items]: Missing connection between items
    Local override; error
    @(35.0000 mm, 34.7750 mm): Pad 1 [DI1] of C25 on F.Cu
    @(30.0625 mm, 28.4950 mm): Pad 2 [DI1] of R21 on B.Cu
[unconnected_items]: Missing connection between items
    Local override; error
    @(35.0000 mm, 36.7750 mm): Pad 1 [/io/VBAT_SENSE] of C29 on F.Cu
    @(28.5625 mm, 54.9950 mm): Pad 2 [/io/VBAT_SENSE] of R38 on B.Cu
[unconnected_items]: Missing connection between items
    Local override; error
    @(35.0100 mm, 56.9950 mm): PTH pad 1 [/power/VBAT_BT] of J2
    @(32.3100 mm, 47.2500 mm): Pad 13 [/power/VBAT_BT] of U6 on F.Cu
[unconnected_items]: Missing connection between items
    Local override; error
    @(35.0475 mm, 9.7962 mm): Pad 1 [/mcu/NRST] of TP3 on B.Cu
    @(29.6100 mm, 26.1900 mm): Pad 7 [/mcu/NRST] of U2 on F.Cu
[unconnected_items]: Missing connection between items
    Local override; error
    @(35.3875 mm, 6.9950 mm): Pad 1 [5V0] of R83 on B.Cu
    @(27.4450 mm, 4.5250 mm): Pad 1 [5V0] of C79 on B.Cu
[unconnected_items]: Missing connection between items
    Local override; error
    @(35.3875 mm, 6.9950 mm): Pad 1 [5V0] of R83 on B.Cu
    @(39.9450 mm, 2.0250 mm): Pad 1 [5V0] of C77 on B.Cu
[unconnected_items]: Missing connection between items
    Local override; error
    @(35.5000 mm, 32.7750 mm): Pad 1 [3V3] of C21 on F.Cu
    @(39.0000 mm, 30.7750 mm): Pad 1 [3V3] of C14 on F.Cu
[unconnected_items]: Missing connection between items
    Local override; error
    @(35.8300 mm, 10.5400 mm): Pad 1 [/power/SW_BUCK] of L1 on F.Cu
    @(33.2200 mm, 13.6575 mm): Pad 2 [/power/SW_BUCK] of R82 on B.Cu
[unconnected_items]: Missing connection between items
    Local override; error
    @(35.9200 mm, 39.9550 mm): Pad 1 [5V0] of C80 on B.Cu
    @(29.0200 mm, 43.9500 mm): Pad 24 [5V0] of U6 on F.Cu
[unconnected_items]: Missing connection between items
    Local override; error
    @(35.9200 mm, 39.9550 mm): Pad 1 [5V0] of C80 on B.Cu
    @(31.5000 mm, 33.7750 mm): Pad 1 [5V0] of C23 on F.Cu
[unconnected_items]: Missing connection between items
    Local override; error
    @(35.9200 mm, 39.9550 mm): Pad 1 [5V0] of C80 on B.Cu
    @(42.1825 mm, 34.9000 mm): Pad 1 [5V0] of R48 on B.Cu
[unconnected_items]: Missing connection between items
    Local override; error
    @(36.0500 mm, 46.5450 mm): Pad 2 [/io/CANL] of D3 on F.Cu
    @(42.0100 mm, 39.4500 mm): Pad 2 [/io/CANL] of L2 on B.Cu
[unconnected_items]: Missing connection between items
    Local override; error
    @(36.0500 mm, 48.4450 mm): Pad 1 [/io/CANH] of D3 on F.Cu
    @(42.0100 mm, 36.9500 mm): Pad 1 [/io/CANH] of L2 on B.Cu
[unconnected_items]: Missing connection between items
    Local override; error
    @(36.1625 mm, 41.7450 mm): Pad 3 [/io/IGN_SENSE] of D11 on F.Cu
    @(28.0000 mm, 36.2750 mm): Pad 1 [/io/IGN_SENSE] of C28 on F.Cu
[unconnected_items]: Missing connection between items
    Local override; error
    @(37.0625 mm, 52.4950 mm): Pad 1 [/mcu/BOOT0] of R1 on F.Cu
    @(39.5950 mm, 49.7950 mm): Pad 2 [/mcu/BOOT0] of JP1 on F.Cu
[unconnected_items]: Missing connection between items
    Local override; error
    @(37.4500 mm, 36.9500 mm): Pad 4 [/io/CANH_T] of L2 on B.Cu
    @(23.6000 mm, 40.8200 mm): Pad 7 [/io/CANH_T] of U4 on F.Cu
[unconnected_items]: Missing connection between items
    Local override; error
    @(37.4500 mm, 39.4500 mm): Pad 3 [/io/CANL_T] of L2 on B.Cu
    @(24.8600 mm, 40.8200 mm): Pad 6 [/io/CANL_T] of U4 on F.Cu
[unconnected_items]: Missing connection between items
    Local override; error
    @(37.4975 mm, 33.8600 mm): Pad 1 [/io/DO2_X] of Q8 on B.Cu
    @(26.2125 mm, 34.8400 mm): Pad 3 [/io/DO2_X] of Q7 on B.Cu
[unconnected_items]: Missing connection between items
    Local override; error
    @(37.5100 mm, 56.9950 mm): PTH pad 2 [/power/U6_TS] of J2
    @(42.0100 mm, 47.9925 mm): Pad 1 [/power/U6_TS] of R89 on B.Cu
[unconnected_items]: Missing connection between items
    Local override; error
    @(37.5625 mm, 59.9950 mm): Pad 2 [/mcu/NSL_A] of R6 on B.Cu
    @(39.0625 mm, 44.7750 mm): Pad 2 [/mcu/NSL_A] of D21 on F.Cu
[unconnected_items]: Missing connection between items
    Local override; error
    @(38.0700 mm, 20.5500 mm): Pad 14 [3V3] of U8 on F.Cu
    @(33.4700 mm, 19.3300 mm): Pad 24 [3V3] of U2 on F.Cu
[unconnected_items]: Missing connection between items
    Local override; error
    @(38.0700 mm, 26.1500 mm): Pad 1 [/modem_rf/VDD_EXT_1V8] of U8 on F.Cu
    @(45.4500 mm, 24.2000 mm): Pad 7 [/modem_rf/VDD_EXT_1V8] of U1 on F.Cu
[unconnected_items]: Missing connection between items
    Local override; error
    @(38.5000 mm, 34.7750 mm): Pad 1 [DI2] of C26 on F.Cu
    @(39.5625 mm, 28.4950 mm): Pad 2 [DI2] of R22 on B.Cu
[unconnected_items]: Missing connection between items
    Local override; error
    @(38.5000 mm, 38.7750 mm): Pad 1 [3V3] of C9 on F.Cu
    @(34.2875 mm, 40.7950 mm): Pad 1 [3V3] of D11 on F.Cu
[unconnected_items]: Missing connection between items
    Local override; error
    @(38.6100 mm, 11.3300 mm): Pad 1 [/power/U5_VCC] of U5 on F.Cu
    @(31.3875 mm, 6.9950 mm): Pad 1 [/power/U5_VCC] of R81 on B.Cu
[unconnected_items]: Missing connection between items
    Local override; error
    @(38.6100 mm, 5.8900 mm): Pad 8 [/power/VIN_B] of U5 on F.Cu
    @(34.5700 mm, 2.6450 mm): Pad 1 [/power/VIN_B] of C74 on B.Cu
[unconnected_items]: Missing connection between items
    Local override; error
    @(38.6100 mm, 5.8900 mm): Pad 8 [/power/VIN_B] of U5 on F.Cu
    @(39.6600 mm, 8.6100 mm): Via [/power/VIN_B] on F.Cu - B.Cu
[unconnected_items]: Missing connection between items
    Local override; error
    @(38.7200 mm, 20.5500 mm): Pad 13 [MODEM_TX] of U8 on F.Cu
    @(29.6100 mm, 17.9700 mm): Pad 30 [MODEM_TX] of U2 on F.Cu
[unconnected_items]: Missing connection between items
    Local override; error
    @(38.7200 mm, 26.1500 mm): Pad 2 [/modem_rf/MRXD_1V8] of U8 on F.Cu
    @(56.6500 mm, 14.9500 mm): Pad 68 [/modem_rf/MRXD_1V8] of U1 on F.Cu
[unconnected_items]: Missing connection between items
    Local override; error
    @(38.8450 mm, 16.2000 mm): Pad 1 [/power/VIN_B] of C73 on F.Cu
    @(39.6600 mm, 8.6100 mm): Via [/power/VIN_B] on F.Cu - B.Cu
[unconnected_items]: Missing connection between items
    Local override; error
    @(39.0450 mm, 28.5250 mm): Pad 1 [3V3] of C12 on F.Cu
    @(39.0000 mm, 30.7750 mm): Pad 1 [3V3] of C14 on F.Cu
[unconnected_items]: Missing connection between items
    Local override; error
    @(39.3700 mm, 20.5500 mm): Pad 12 [MODEM_RX] of U8 on F.Cu
    @(29.1100 mm, 17.9700 mm): Pad 31 [MODEM_RX] of U2 on F.Cu
[unconnected_items]: Missing connection between items
    Local override; error
    @(39.3700 mm, 26.1500 mm): Pad 3 [/modem_rf/MTXD_1V8] of U8 on F.Cu
    @(57.9500 mm, 14.9500 mm): Pad 67 [/modem_rf/MTXD_1V8] of U1 on F.Cu
[unconnected_items]: Missing connection between items
    Local override; error
    @(39.3875 mm, 59.9950 mm): Pad 1 [3V3] of R6 on B.Cu
    @(30.2600 mm, 55.7500 mm): Pad 8 [3V3] of U3 on F.Cu
[unconnected_items]: Missing connection between items
    Local override; error
    @(39.3875 mm, 59.9950 mm): Pad 1 [3V3] of R6 on B.Cu
    @(69.8125 mm, 57.4950 mm): Pad 1 [3V3] of R61 on F.Cu
[unconnected_items]: Missing connection between items
    Local override; error
    @(39.5250 mm, 7.2800 mm): Pad 2 [/power/SW_BUCK] of C76 on B.Cu
    @(35.8300 mm, 10.5400 mm): Pad 1 [/power/SW_BUCK] of L1 on F.Cu
[unconnected_items]: Missing connection between items
    Local override; error
    @(39.5250 mm, 7.2800 mm): Pad 2 [/power/SW_BUCK] of C76 on B.Cu
    @(41.1400 mm, 5.8900 mm): Pad 6 [/power/SW_BUCK] of U5 on F.Cu
[unconnected_items]: Missing connection between items
    Local override; error
    @(39.5625 mm, 28.4950 mm): Pad 2 [DI2] of R22 on B.Cu
    @(31.6100 mm, 17.9700 mm): Pad 26 [DI2] of U2 on F.Cu
[unconnected_items]: Missing connection between items
    Local override; error
    @(39.5625 mm, 49.9950 mm): Pad 2 [/io/Q2_G] of R24 on B.Cu
    @(24.7725 mm, 40.7000 mm): Pad 1 [/io/Q2_G] of R26 on B.Cu
[unconnected_items]: Missing connection between items
    Local override; error
    @(39.5950 mm, 49.7950 mm): Pad 2 [/mcu/BOOT0] of JP1 on F.Cu
    @(25.2500 mm, 22.8300 mm): Pad 44 [/mcu/BOOT0] of U2 on F.Cu
[unconnected_items]: Missing connection between items
    Local override; error
    @(4.0000 mm, 43.6375 mm): Pad 2 [/power/VIN_B] of R80 on F.Cu
    @(38.8450 mm, 16.2000 mm): Pad 1 [/power/VIN_B] of C73 on F.Cu
[unconnected_items]: Missing connection between items
    Local override; error
    @(4.0000 mm, 49.5625 mm): Pad 1 [/power/VIN_P] of R80 on F.Cu
    @(9.5000 mm, 49.9750 mm): Pad 1 [/power/VIN_P] of C72 on F.Cu
[unconnected_items]: Missing connection between items
    Local override; error
    @(4.7925 mm, 46.4000 mm): Pad 2 [/io/DI1_M1] of R14 on B.Cu
    @(7.6175 mm, 46.4000 mm): Pad 1 [/io/DI1_M1] of R15 on B.Cu
[unconnected_items]: Missing connection between items
    Local override; error
    @(4.7925 mm, 50.2000 mm): Pad 2 [/io/DI2_M1] of R17 on B.Cu
    @(7.6175 mm, 50.2000 mm): Pad 1 [/io/DI2_M1] of R18 on B.Cu
[unconnected_items]: Missing connection between items
    Local override; error
    @(40.0200 mm, 26.1500 mm): Pad 4 [/modem_rf/MRI_1V8] of U8 on F.Cu
    @(64.4500 mm, 14.9500 mm): Pad 62 [/modem_rf/MRI_1V8] of U1 on F.Cu
[unconnected_items]: Missing connection between items
    Local override; error
    @(40.2950 mm, 12.8875 mm): Pad 3 [/power/SYS] of U9 on B.Cu
    @(30.6100 mm, 39.9850 mm): Pad 1 [/power/SYS] of C68 on B.Cu
[unconnected_items]: Missing connection between items
    Local override; error
    @(40.2950 mm, 12.8875 mm): Pad 3 [/power/SYS] of U9 on B.Cu
    @(42.1950 mm, 12.8875 mm): Pad 1 [/power/SYS] of U9 on B.Cu
[unconnected_items]: Missing connection between items
    Local override; error
    @(40.3575 mm, 31.3000 mm): Pad 2 [/io/DO1_DRV] of R45 on B.Cu
    @(35.6125 mm, 30.1900 mm): Pad 3 [/io/DO1_DRV] of Q6 on B.Cu
[unconnected_items]: Missing connection between items
    Local override; error
    @(40.3575 mm, 34.9000 mm): Pad 2 [/io/DO2_X] of R48 on B.Cu
    @(37.4975 mm, 33.8600 mm): Pad 1 [/io/DO2_X] of Q8 on B.Cu
[unconnected_items]: Missing connection between items
    Local override; error
    @(40.6700 mm, 26.1500 mm): Pad 5 [/modem_rf/MDTR_1V8] of U8 on F.Cu
    @(59.2500 mm, 14.9500 mm): Pad 66 [/modem_rf/MDTR_1V8] of U1 on F.Cu
[unconnected_items]: Missing connection between items
    Local override; error
    @(41.0750 mm, 7.2800 mm): Pad 1 [/power/U5_VB] of C76 on B.Cu
    @(42.4200 mm, 5.8900 mm): Pad 5 [/power/U5_VB] of U5 on F.Cu
[unconnected_items]: Missing connection between items
    Local override; error
    @(41.1400 mm, 5.8900 mm): Pad 6 [/power/SW_BUCK] of U5 on F.Cu
    @(37.4500 mm, 2.7900 mm): Pad 1 [/power/SW_BUCK] of D16 on F.Cu
[unconnected_items]: Missing connection between items
    Local override; error
    @(41.1810 mm, 42.1500 mm): Pad 1 [MODEM_TX] of TP27 on F.Cu
    @(38.7200 mm, 20.5500 mm): Pad 13 [MODEM_TX] of U8 on F.Cu
[unconnected_items]: Missing connection between items
    Local override; error
    @(41.3875 mm, 28.4950 mm): Pad 1 [3V3] of R22 on B.Cu
    @(39.0450 mm, 28.5250 mm): Pad 1 [3V3] of C12 on F.Cu
[unconnected_items]: Missing connection between items
    Local override; error
    @(41.3875 mm, 49.9950 mm): Pad 1 [/io/DO2_DRV] of R24 on B.Cu
    @(35.6225 mm, 34.8100 mm): Pad 3 [/io/DO2_DRV] of Q8 on B.Cu
[unconnected_items]: Missing connection between items
    Local override; error
    @(41.3875 mm, 52.4950 mm): Pad 1 [/io/IGN_SENSE] of R37 on B.Cu
    @(36.1625 mm, 41.7450 mm): Pad 3 [/io/IGN_SENSE] of D11 on F.Cu
[unconnected_items]: Missing connection between items
    Local override; error
    @(41.7010 mm, 46.3600 mm): Pad 1 [MODEM_RX] of TP28 on F.Cu
    @(39.3700 mm, 20.5500 mm): Pad 12 [MODEM_RX] of U8 on F.Cu
[unconnected_items]: Missing connection between items
    Local override; error
    @(41.9700 mm, 20.5500 mm): Pad 8 [/modem_rf/U8_OE] of U8 on F.Cu
    @(61.8125 mm, 57.9950 mm): Pad 1 [/modem_rf/U8_OE] of R62 on F.Cu
[unconnected_items]: Missing connection between items
    Local override; error
    @(42.0100 mm, 36.9500 mm): Pad 1 [/io/CANH] of L2 on B.Cu
    @(29.0475 mm, 9.7962 mm): Pad 1 [/io/CANH] of TP25 on B.Cu
[unconnected_items]: Missing connection between items
    Local override; error
    @(42.0100 mm, 39.4500 mm): Pad 2 [/io/CANL] of L2 on B.Cu
    @(32.0475 mm, 9.7962 mm): Pad 1 [/io/CANL] of TP26 on B.Cu
[unconnected_items]: Missing connection between items
    Local override; error
    @(42.0100 mm, 47.9925 mm): Pad 1 [/power/U6_TS] of R89 on B.Cu
    @(31.0200 mm, 48.0500 mm): Pad 11 [/power/U6_TS] of U6 on F.Cu
[unconnected_items]: Missing connection between items
    Local override; error
    @(42.0100 mm, 47.9925 mm): Pad 1 [/power/U6_TS] of R89 on B.Cu
    @(42.0100 mm, 41.6075 mm): Pad 2 [/power/U6_TS] of R88 on B.Cu
[unconnected_items]: Missing connection between items
    Local override; error
    @(42.1825 mm, 34.9000 mm): Pad 1 [5V0] of R48 on B.Cu
    @(42.1825 mm, 31.3000 mm): Pad 1 [5V0] of R45 on B.Cu
[unconnected_items]: Missing connection between items
    Local override; error
    @(42.1950 mm, 10.5875 mm): Pad 5 [3V3] of U9 on B.Cu
    @(38.0475 mm, 11.2962 mm): Pad 1 [3V3] of TP6 on B.Cu
[unconnected_items]: Missing connection between items
    Local override; error
    @(42.1950 mm, 10.5875 mm): Pad 5 [3V3] of U9 on B.Cu
    @(46.6375 mm, 1.9950 mm): Pad 1 [3V3] of R65 on B.Cu
[unconnected_items]: Missing connection between items
    Local override; error
    @(42.4200 mm, 11.3300 mm): Pad 4 [/power/U5_FB] of U5 on F.Cu
    @(33.5625 mm, 6.9950 mm): Pad 2 [/power/U5_FB] of R83 on B.Cu
[unconnected_items]: Missing connection between items
    Local override; error
    @(44.8125 mm, 1.9950 mm): Pad 2 [/modem_rf/NETLED_A] of R65 on B.Cu
    @(51.8125 mm, 4.2750 mm): Pad 2 [/modem_rf/NETLED_A] of D13 on F.Cu
[unconnected_items]: Missing connection between items
    Local override; error
    @(45.2500 mm, 2.2750 mm): Pad 1 [/modem_rf/VBAT_MODEM] of C42 on F.Cu
    @(45.1000 mm, 4.4450 mm): Pad 1 [/modem_rf/VBAT_MODEM] of D12 on F.Cu
[unconnected_items]: Missing connection between items
    Local override; error
    @(45.2975 mm, 4.7962 mm): Pad 1 [/modem_rf/USB_VBUS] of TP17 on B.Cu
    @(52.7500 mm, 14.9500 mm): Pad 71 [/modem_rf/USB_VBUS] of U1 on F.Cu
[unconnected_items]: Missing connection between items
    Local override; error
    @(45.4500 mm, 22.9000 mm): Pad 6 [/modem_rf/NETLIGHT_MOD] of U1 on F.Cu
    @(69.8125 mm, 59.9950 mm): Pad 1 [/modem_rf/NETLIGHT_MOD] of R64 on F.Cu
[unconnected_items]: Missing connection between items
    Local override; error
    @(45.4500 mm, 24.2000 mm): Pad 7 [/modem_rf/VDD_EXT_1V8] of U1 on F.Cu
    @(52.2500 mm, 2.2750 mm): Pad 1 [/modem_rf/VDD_EXT_1V8] of C44 on F.Cu
[unconnected_items]: Missing connection between items
    Local override; error
    @(45.4500 mm, 24.2000 mm): Pad 7 [/modem_rf/VDD_EXT_1V8] of U1 on F.Cu
    @(65.8125 mm, 59.9950 mm): Pad 1 [/modem_rf/VDD_EXT_1V8] of R63 on F.Cu
[unconnected_items]: Missing connection between items
    Local override; error
    @(45.4500 mm, 35.1000 mm): Pad 13 [/modem_rf/USIM_DET] of U1 on F.Cu
    @(56.1900 mm, 45.7880 mm): Pad CD [/modem_rf/USIM_DET] of X1 on F.Cu
[unconnected_items]: Missing connection between items
    Local override; error
    @(45.4500 mm, 37.7000 mm): Pad 15 [/modem_rf/USIM_DATA_M] of U1 on F.Cu
    @(50.6375 mm, 1.9950 mm): Pad 1 [/modem_rf/USIM_DATA_M] of R66 on B.Cu
[unconnected_items]: Missing connection between items
    Local override; error
    @(45.4500 mm, 39.0000 mm): Pad 16 [/modem_rf/USIM_CLK_M] of U1 on F.Cu
    @(54.6375 mm, 1.9950 mm): Pad 1 [/modem_rf/USIM_CLK_M] of R67 on B.Cu
[unconnected_items]: Missing connection between items
    Local override; error
    @(45.4500 mm, 40.3000 mm): Pad 17 [/modem_rf/USIM_RST_M] of U1 on F.Cu
    @(58.6375 mm, 1.9950 mm): Pad 1 [/modem_rf/USIM_RST_M] of R68 on B.Cu
[unconnected_items]: Missing connection between items
    Local override; error
    @(45.5375 mm, 6.7950 mm): Pad 1 [/modem_rf/Q12_B] of Q12 on F.Cu
    @(71.6375 mm, 59.9950 mm): Pad 2 [/modem_rf/Q12_B] of R64 on F.Cu
[unconnected_items]: Missing connection between items
    Local override; error
    @(47.4125 mm, 7.7450 mm): Pad 3 [/modem_rf/NETLED_K] of Q12 on F.Cu
    @(50.2375 mm, 4.2750 mm): Pad 1 [/modem_rf/NETLED_K] of D13 on F.Cu
[unconnected_items]: Missing connection between items
    Local override; error
    @(48.7500 mm, 2.2750 mm): Pad 1 [/modem_rf/VBAT_MODEM] of C43 on F.Cu
    @(45.2500 mm, 2.2750 mm): Pad 1 [/modem_rf/VBAT_MODEM] of C42 on F.Cu
[unconnected_items]: Missing connection between items
    Local override; error
    @(48.7500 mm, 2.2750 mm): Pad 1 [/modem_rf/VBAT_MODEM] of C43 on F.Cu
    @(51.2975 mm, 4.7962 mm): Pad 1 [/modem_rf/VBAT_MODEM] of TP24 on B.Cu
[unconnected_items]: Missing connection between items
    Local override; error
    @(48.9000 mm, 45.7880 mm): Pad C3 [/modem_rf/SIM_CLK] of X1 on F.Cu
    @(55.2500 mm, 3.8950 mm): Pad 3 [/modem_rf/SIM_CLK] of D14 on F.Cu
[unconnected_items]: Missing connection between items
    Local override; error
    @(48.9000 mm, 45.7880 mm): Pad C3 [/modem_rf/SIM_CLK] of X1 on F.Cu
    @(65.1750 mm, 47.6500 mm): Pad 6 [/modem_rf/SIM_CLK] of X2 on F.Cu
[unconnected_items]: Missing connection between items
    Local override; error
    @(49.3125 mm, 10.9950 mm): Pad 1 [/modem_rf/Q13_B] of R51 on F.Cu
    @(55.1375 mm, 10.9950 mm): Pad 2 [/modem_rf/Q13_B] of R52 on F.Cu
[unconnected_items]: Missing connection between items
    Local override; error
    @(50.0375 mm, 6.7950 mm): Pad 1 [/modem_rf/Q13_B] of Q13 on F.Cu
    @(49.3125 mm, 10.9950 mm): Pad 1 [/modem_rf/Q13_B] of R51 on F.Cu
[unconnected_items]: Missing connection between items
    Local override; error
    @(50.0375 mm, 8.6950 mm): Pad 2 [SYS] of Q13 on F.Cu
    @(53.3125 mm, 10.9950 mm): Pad 1 [SYS] of R52 on F.Cu
[unconnected_items]: Missing connection between items
    Local override; error
    @(50.1700 mm, 45.7880 mm): Pad C7 [/modem_rf/SIM_DATA] of X1 on F.Cu
    @(65.1750 mm, 53.3500 mm): Pad 3 [/modem_rf/SIM_DATA] of X2 on F.Cu
[unconnected_items]: Missing connection between items
    Local override; error
    @(51.1375 mm, 10.9950 mm): Pad 2 [/modem_rf/Q14_C] of R51 on F.Cu
    @(56.4125 mm, 7.7450 mm): Pad 3 [/modem_rf/Q14_C] of Q14 on F.Cu
[unconnected_items]: Missing connection between items
    Local override; error
    @(51.2975 mm, 4.7962 mm): Pad 1 [/modem_rf/VBAT_MODEM] of TP24 on B.Cu
    @(58.5000 mm, 4.5000 mm): Pad 3 [/modem_rf/VBAT_MODEM] of Q3 on F.Cu
[unconnected_items]: Missing connection between items
    Local override; error
    @(51.4400 mm, 45.7880 mm): Pad C2 [/modem_rf/SIM_RST] of X1 on F.Cu
    @(63.9050 mm, 47.6500 mm): Pad 7 [/modem_rf/SIM_RST] of X2 on F.Cu
[unconnected_items]: Missing connection between items
    Local override; error
    @(51.9125 mm, 7.7450 mm): Pad 3 [/modem_rf/Q3_G] of Q13 on F.Cu
    @(45.3125 mm, 10.9950 mm): Pad 1 [/modem_rf/Q3_G] of R50 on F.Cu
[unconnected_items]: Missing connection between items
    Local override; error
    @(52.7500 mm, 14.9500 mm): Pad 71 [/modem_rf/USB_VBUS] of U1 on F.Cu
    @(63.0050 mm, 4.0360 mm): Pad 5 [/modem_rf/USB_VBUS] of D15 on F.Cu
[unconnected_items]: Missing connection between items
    Local override; error
    @(52.7500 mm, 43.0500 mm): Pad 20 [/modem_rf/RESETN_MOD] of U1 on F.Cu
    @(67.9125 mm, 5.2450 mm): Pad 3 [/modem_rf/RESETN_MOD] of Q10 on F.Cu
[unconnected_items]: Missing connection between items
    Local override; error
    @(53.3125 mm, 10.9950 mm): Pad 1 [SYS] of R52 on F.Cu
    @(26.0475 mm, 48.7962 mm): Pad 1 [SYS] of TP13 on F.Cu
[unconnected_items]: Missing connection between items
    Local override; error
    @(53.3125 mm, 10.9950 mm): Pad 1 [SYS] of R52 on F.Cu
    @(60.5000 mm, 3.5500 mm): Pad 2 [SYS] of Q3 on F.Cu
[unconnected_items]: Missing connection between items
    Local override; error
    @(53.4500 mm, 3.8950 mm): Pad 4 [/modem_rf/SIM_RST] of D14 on F.Cu
    @(51.4400 mm, 45.7880 mm): Pad C2 [/modem_rf/SIM_RST] of X1 on F.Cu
[unconnected_items]: Missing connection between items
    Local override; error
    @(53.4500 mm, 4.5450 mm): Pad 5 [/modem_rf/USIM_VDD] of D14 on F.Cu
    @(45.4500 mm, 36.4000 mm): Pad 14 [/modem_rf/USIM_VDD] of U1 on F.Cu
[unconnected_items]: Missing connection between items
    Local override; error
    @(53.9800 mm, 45.7880 mm): Pad C1 [/modem_rf/USIM_VDD_SIM] of X1 on F.Cu
    @(60.8125 mm, 1.9950 mm): Pad 2 [/modem_rf/USIM_VDD_SIM] of R69 on B.Cu
[unconnected_items]: Missing connection between items
    Local override; error
    @(54.0500 mm, 14.9500 mm): Pad 70 [/modem_rf/USB_DM_M] of U1 on F.Cu
    @(63.9550 mm, 6.3360 mm): Pad 3 [/modem_rf/USB_DM_M] of D15 on F.Cu
[unconnected_items]: Missing connection between items
    Local override; error
    @(54.0500 mm, 43.0500 mm): Pad 21 [/modem_rf/PWRKEY_MOD] of U1 on F.Cu
    @(60.9125 mm, 9.2450 mm): Pad 3 [/modem_rf/PWRKEY_MOD] of Q9 on F.Cu
[unconnected_items]: Missing connection between items
    Local override; error
    @(54.5375 mm, 6.7950 mm): Pad 1 [/modem_rf/Q14_B] of Q14 on F.Cu
    @(70.6375 mm, 49.9950 mm): Pad 2 [/modem_rf/Q14_B] of R53 on F.Cu
[unconnected_items]: Missing connection between items
    Local override; error
    @(55.2500 mm, 3.8950 mm): Pad 3 [/modem_rf/SIM_CLK] of D14 on F.Cu
    @(52.8125 mm, 1.9950 mm): Pad 2 [/modem_rf/SIM_CLK] of R67 on B.Cu
[unconnected_items]: Missing connection between items
    Local override; error
    @(55.2500 mm, 5.1950 mm): Pad 1 [/modem_rf/SIM_DATA] of D14 on F.Cu
    @(48.8125 mm, 1.9950 mm): Pad 2 [/modem_rf/SIM_DATA] of R66 on B.Cu
[unconnected_items]: Missing connection between items
    Local override; error
    @(55.2500 mm, 5.1950 mm): Pad 1 [/modem_rf/SIM_DATA] of D14 on F.Cu
    @(50.1700 mm, 45.7880 mm): Pad C7 [/modem_rf/SIM_DATA] of X1 on F.Cu
[unconnected_items]: Missing connection between items
    Local override; error
    @(55.3500 mm, 14.9500 mm): Pad 69 [/modem_rf/USB_DP_M] of U1 on F.Cu
    @(62.0550 mm, 6.3360 mm): Pad 1 [/modem_rf/USB_DP_M] of D15 on F.Cu
[unconnected_items]: Missing connection between items
    Local override; error
    @(56.8125 mm, 1.9950 mm): Pad 2 [/modem_rf/SIM_RST] of R68 on B.Cu
    @(53.4500 mm, 3.8950 mm): Pad 4 [/modem_rf/SIM_RST] of D14 on F.Cu
[unconnected_items]: Missing connection between items
    Local override; error
    @(59.0375 mm, 8.2950 mm): Pad 1 [/modem_rf/Q9_B] of Q9 on F.Cu
    @(68.8125 mm, 52.4950 mm): Pad 1 [/modem_rf/Q9_B] of R56 on F.Cu
[unconnected_items]: Missing connection between items
    Local override; error
    @(60.5000 mm, 5.4500 mm): Pad 1 [/modem_rf/Q3_G] of Q3 on F.Cu
    @(51.9125 mm, 7.7450 mm): Pad 3 [/modem_rf/Q3_G] of Q13 on F.Cu
[unconnected_items]: Missing connection between items
    Local override; error
    @(61.8125 mm, 55.4950 mm): Pad 1 [/modem_rf/STATUS_MOD] of R59 on F.Cu
    @(65.7500 mm, 14.9500 mm): Pad 61 [/modem_rf/STATUS_MOD] of U1 on F.Cu
[unconnected_items]: Missing connection between items
    Local override; error
    @(61.8125 mm, 57.9950 mm): Pad 1 [/modem_rf/U8_OE] of R62 on F.Cu
    @(67.6375 mm, 59.9950 mm): Pad 2 [/modem_rf/U8_OE] of R63 on F.Cu
[unconnected_items]: Missing connection between items
    Local override; error
    @(62.0550 mm, 4.0360 mm): Pad 6 [/modem_rf/USB_DP_TP] of D15 on F.Cu
    @(69.2975 mm, 2.2962 mm): Pad 1 [/modem_rf/USB_DP_TP] of TP15 on B.Cu
[unconnected_items]: Missing connection between items
    Local override; error
    @(62.2500 mm, 2.2750 mm): Pad 1 [/modem_rf/VDD_EXT_1V8] of C45 on F.Cu
    @(52.2500 mm, 2.2750 mm): Pad 1 [/modem_rf/VDD_EXT_1V8] of C44 on F.Cu
[unconnected_items]: Missing connection between items
    Local override; error
    @(62.6350 mm, 47.6500 mm): Pad 8 [/modem_rf/USIM_VDD_ESIM] of X2 on F.Cu
    @(64.8125 mm, 1.9950 mm): Pad 2 [/modem_rf/USIM_VDD_ESIM] of R70 on B.Cu
[unconnected_items]: Missing connection between items
    Local override; error
    @(62.6375 mm, 1.9950 mm): Pad 1 [/modem_rf/USIM_VDD] of R69 on B.Cu
    @(53.4500 mm, 4.5450 mm): Pad 5 [/modem_rf/USIM_VDD] of D14 on F.Cu
[unconnected_items]: Missing connection between items
    Local override; error
    @(63.6375 mm, 55.4950 mm): Pad 2 [/modem_rf/Q11_B] of R59 on F.Cu
    @(65.8125 mm, 57.4950 mm): Pad 1 [/modem_rf/Q11_B] of R60 on F.Cu
[unconnected_items]: Missing connection between items
    Local override; error
    @(63.9550 mm, 4.0360 mm): Pad 4 [/modem_rf/USB_DM_TP] of D15 on F.Cu
    @(72.2975 mm, 2.2962 mm): Pad 1 [/modem_rf/USB_DM_TP] of TP16 on B.Cu
[unconnected_items]: Missing connection between items
    Local override; error
    @(65.4250 mm, 10.4000 mm): Pad 1 [/modem_rf/VBAT_MODEM] of C40 on F.Cu
    @(58.5000 mm, 4.5000 mm): Pad 3 [/modem_rf/VBAT_MODEM] of Q3 on F.Cu
[unconnected_items]: Missing connection between items
    Local override; error
    @(65.4250 mm, 10.4000 mm): Pad 1 [/modem_rf/VBAT_MODEM] of C40 on F.Cu
    @(67.0500 mm, 14.9500 mm): Pad 60 [/modem_rf/VBAT_MODEM] of U1 on F.Cu
[unconnected_items]: Missing connection between items
    Local override; error
    @(65.7500 mm, 2.2750 mm): Pad 1 [3V3] of C46 on F.Cu
    @(46.6375 mm, 1.9950 mm): Pad 1 [3V3] of R65 on B.Cu
[unconnected_items]: Missing connection between items
    Local override; error
    @(66.6375 mm, 1.9950 mm): Pad 1 [/modem_rf/USIM_VDD] of R70 on B.Cu
    @(62.6375 mm, 1.9950 mm): Pad 1 [/modem_rf/USIM_VDD] of R69 on B.Cu
[unconnected_items]: Missing connection between items
    Local override; error
    @(67.0500 mm, 14.9500 mm): Pad 60 [/modem_rf/VBAT_MODEM] of U1 on F.Cu
    @(68.3500 mm, 14.9500 mm): Pad 59 [/modem_rf/VBAT_MODEM] of U1 on F.Cu
[unconnected_items]: Missing connection between items
    Local override; error
    @(68.3500 mm, 14.9500 mm): Pad 59 [/modem_rf/VBAT_MODEM] of U1 on F.Cu
    @(68.3750 mm, 17.4000 mm): Pad 1 [/modem_rf/VBAT_MODEM] of C81 on B.Cu
[unconnected_items]: Missing connection between items
    Local override; error
    @(68.3500 mm, 14.9500 mm): Pad 59 [/modem_rf/VBAT_MODEM] of U1 on F.Cu
    @(69.6500 mm, 14.9500 mm): Pad 58 [/modem_rf/VBAT_MODEM] of U1 on F.Cu
[unconnected_items]: Missing connection between items
    Local override; error
    @(68.8125 mm, 52.4950 mm): Pad 1 [/modem_rf/Q9_B] of R56 on F.Cu
    @(78.6375 mm, 51.9950 mm): Pad 2 [/modem_rf/Q9_B] of R55 on F.Cu
[unconnected_items]: Missing connection between items
    Local override; error
    @(68.8125 mm, 54.9950 mm): Pad 1 [/modem_rf/Q10_B] of R58 on F.Cu
    @(74.6375 mm, 52.4950 mm): Pad 2 [/modem_rf/Q10_B] of R57 on F.Cu
[unconnected_items]: Missing connection between items
    Local override; error
    @(69.2500 mm, 2.2750 mm): Pad 1 [/modem_rf/USIM_VDD] of C47 on F.Cu
    @(66.6375 mm, 1.9950 mm): Pad 1 [/modem_rf/USIM_VDD] of R70 on B.Cu
[unconnected_items]: Missing connection between items
    Local override; error
    @(69.8125 mm, 57.4950 mm): Pad 1 [3V3] of R61 on F.Cu
    @(69.3675 mm, 47.0100 mm): Pad 1 [3V3] of R90 on F.Cu
[unconnected_items]: Missing connection between items
    Local override; error
    @(70.5375 mm, 4.2950 mm): Pad 1 [/modem_rf/Q11_B] of Q11 on F.Cu
    @(63.6375 mm, 55.4950 mm): Pad 2 [/modem_rf/Q11_B] of R59 on F.Cu
[unconnected_items]: Missing connection between items
    Local override; error
    @(70.6375 mm, 49.9950 mm): Pad 2 [/modem_rf/Q14_B] of R53 on F.Cu
    @(72.8125 mm, 49.9950 mm): Pad 1 [/modem_rf/Q14_B] of R54 on F.Cu
[unconnected_items]: Missing connection between items
    Local override; error
    @(70.9500 mm, 14.9500 mm): Pad 57 [/modem_rf/VBAT_MODEM] of U1 on F.Cu
    @(69.6500 mm, 14.9500 mm): Pad 58 [/modem_rf/VBAT_MODEM] of U1 on F.Cu
[unconnected_items]: Missing connection between items
    Local override; error
    @(70.9500 mm, 14.9500 mm): Pad 57 [/modem_rf/VBAT_MODEM] of U1 on F.Cu
    @(70.3250 mm, 10.4000 mm): Pad 1 [/modem_rf/VBAT_MODEM] of C41 on F.Cu
[unconnected_items]: Missing connection between items
    Local override; error
    @(70.9500 mm, 14.9500 mm): Pad 57 [/modem_rf/VBAT_MODEM] of U1 on F.Cu
    @(73.2750 mm, 17.4000 mm): Pad 1 [/modem_rf/VBAT_MODEM] of C82 on B.Cu
[unconnected_items]: Missing connection between items
    Local override; error
    @(71.6375 mm, 57.4950 mm): Pad 2 [MODEM_STATUS] of R61 on F.Cu
    @(72.4125 mm, 5.2450 mm): Pad 3 [MODEM_STATUS] of Q11 on F.Cu
[unconnected_items]: Missing connection between items
    Local override; error
    @(72.2925 mm, 47.0100 mm): Pad 2 [/modem_rf/GNSS_BIAS] of R90 on F.Cu
    @(74.7300 mm, 47.3400 mm): Pad 1 [/modem_rf/GNSS_BIAS] of C85 on F.Cu
[unconnected_items]: Missing connection between items
    Local override; error
    @(72.4125 mm, 5.2450 mm): Pad 3 [MODEM_STATUS] of Q11 on F.Cu
    @(25.2500 mm, 20.8300 mm): Pad 40 [MODEM_STATUS] of U2 on F.Cu
[unconnected_items]: Missing connection between items
    Local override; error
    @(74.6375 mm, 52.4950 mm): Pad 2 [/modem_rf/Q10_B] of R57 on F.Cu
    @(66.0375 mm, 4.2950 mm): Pad 1 [/modem_rf/Q10_B] of Q10 on F.Cu
[unconnected_items]: Missing connection between items
    Local override; error
    @(74.7300 mm, 47.3400 mm): Pad 1 [/modem_rf/GNSS_BIAS] of C85 on F.Cu
    @(76.1500 mm, 45.5700 mm): Pad 1 [/modem_rf/GNSS_BIAS] of C83 on F.Cu
[unconnected_items]: Missing connection between items
    Local override; error
    @(76.1500 mm, 45.5700 mm): Pad 1 [/modem_rf/GNSS_BIAS] of C83 on F.Cu
    @(80.7850 mm, 38.0000 mm): Pad 2 [/modem_rf/GNSS_BIAS] of L4 on F.Cu
[unconnected_items]: Missing connection between items
    Local override; error
    @(78.3800 mm, 21.6000 mm): Pad 1 [/modem_rf/ANT_MAIN_M] of C48 on B.Cu
    @(76.5500 mm, 22.9000 mm): Pad 49 [/modem_rf/ANT_MAIN_M] of U1 on F.Cu
[unconnected_items]: Missing connection between items
    Local override; error
    @(78.3800 mm, 27.3000 mm): Pad 1 [/modem_rf/ANT_GNSS_M] of C50 on B.Cu
    @(76.5500 mm, 28.6000 mm): Pad 47 [/modem_rf/ANT_GNSS_M] of U1 on F.Cu
[unconnected_items]: Missing connection between items
    Local override; error
    @(79.4800 mm, 15.0000 mm): Pad 1 [/modem_rf/ANT_MAIN_C] of C49 on F.Cu
    @(79.8000 mm, 22.5300 mm): Pad 2 [/modem_rf/ANT_MAIN_C] of R71 on F.Cu
[unconnected_items]: Missing connection between items
    Local override; error
    @(79.4800 mm, 31.4000 mm): Pad 1 [/modem_rf/ANT_GNSS_C] of C51 on F.Cu
    @(79.8000 mm, 34.0200 mm): Pad 1 [/modem_rf/ANT_GNSS_C] of C84 on F.Cu
[unconnected_items]: Missing connection between items
    Local override; error
    @(79.8000 mm, 23.5500 mm): Pad 1 [/modem_rf/ANT_MAIN_M] of R71 on F.Cu
    @(78.3800 mm, 21.6000 mm): Pad 1 [/modem_rf/ANT_MAIN_M] of C48 on B.Cu
[unconnected_items]: Missing connection between items
    Local override; error
    @(79.8000 mm, 28.2300 mm): Pad 1 [/modem_rf/ANT_GNSS_M] of R72 on F.Cu
    @(78.3800 mm, 27.3000 mm): Pad 1 [/modem_rf/ANT_GNSS_M] of C50 on B.Cu
[unconnected_items]: Missing connection between items
    Local override; error
    @(79.8000 mm, 29.2500 mm): Pad 2 [/modem_rf/ANT_GNSS_C] of R72 on F.Cu
    @(79.4800 mm, 31.4000 mm): Pad 1 [/modem_rf/ANT_GNSS_C] of C51 on F.Cu
[unconnected_items]: Missing connection between items
    Local override; error
    @(79.8000 mm, 34.9800 mm): Pad 2 [/modem_rf/ANT_GNSS_F] of C84 on F.Cu
    @(79.8150 mm, 38.0000 mm): Pad 1 [/modem_rf/ANT_GNSS_F] of L4 on F.Cu
[unconnected_items]: Missing connection between items
    Local override; error
    @(79.8150 mm, 38.0000 mm): Pad 1 [/modem_rf/ANT_GNSS_F] of L4 on F.Cu
    @(80.8300 mm, 48.4950 mm): Pad 3 [/modem_rf/ANT_GNSS_F] of AF2 on F.Cu
[unconnected_items]: Missing connection between items
    Local override; error
    @(80.8300 mm, 10.2050 mm): Pad 3 [/modem_rf/ANT_MAIN_C] of AF1 on F.Cu
    @(79.4800 mm, 15.0000 mm): Pad 1 [/modem_rf/ANT_MAIN_C] of C49 on F.Cu
[unconnected_items]: Missing connection between items
    Local override; error
    @(9.2100 mm, 7.4200 mm): Pad 1 [VIN] of D7 on F.Cu
    @(11.0010 mm, 2.5000 mm): Pad 1 [VIN] of TP23 on F.Cu
[unconnected_items]: Missing connection between items
    Local override; error
    @(9.5000 mm, 39.0750 mm): Pad 1 [/power/VIN_P] of C70 on F.Cu
    @(15.7000 mm, 36.7700 mm): Pad 2 [/power/VIN_P] of D2 on F.Cu
[unconnected_items]: Missing connection between items
    Local override; error
    @(9.5000 mm, 39.0750 mm): Pad 1 [/power/VIN_P] of C70 on F.Cu
    @(9.5000 mm, 44.8750 mm): Pad 1 [/power/VIN_P] of C71 on F.Cu
[unconnected_items]: Missing connection between items
    Local override; error
    @(9.5000 mm, 44.8750 mm): Pad 1 [/power/VIN_P] of C71 on F.Cu
    @(9.5000 mm, 49.9750 mm): Pad 1 [/power/VIN_P] of C72 on F.Cu

** Found 315 unconnected pads **
** Found 0 Footprint errors **
** Ignored checks **
    - Footprint has no courtyard defined
    - Track endpoint not centered on via
    - Tuning profile track geometries
    - Footprint doesn't match symbol's footprint filters
    - Footprint component type doesn't match footprint pads
** End of Report **
