ERC report (2026-09-01T23:40:24, Encoding UTF8)
Report includes: Errors, Warnings

***** Sheet /
[isolated_pin_label]: Label connected to only one pin
    ; warning
    @(17.78 mm, 30.48 mm): Label 'ADC_SPARE'
[isolated_pin_label]: Label connected to only one pin
    ; warning
    @(17.78 mm, 33.02 mm): Label 'CAN1_RX'
[isolated_pin_label]: Label connected to only one pin
    ; warning
    @(17.78 mm, 35.56 mm): Label 'CAN1_TX'
[isolated_pin_label]: Label connected to only one pin
    ; warning
    @(17.78 mm, 38.10 mm): Label 'CAN_STB'
[isolated_pin_label]: Label connected to only one pin
    ; warning
    @(17.78 mm, 40.64 mm): Label 'DI1'
[isolated_pin_label]: Label connected to only one pin
    ; warning
    @(17.78 mm, 43.18 mm): Label 'DI2'
[isolated_pin_label]: Label connected to only one pin
    ; warning
    @(17.78 mm, 45.72 mm): Label 'DO1_GATE'
[isolated_pin_label]: Label connected to only one pin
    ; warning
    @(17.78 mm, 48.26 mm): Label 'DO2_GATE'
[isolated_pin_label]: Label connected to only one pin
    ; warning
    @(17.78 mm, 50.80 mm): Label 'FLASH_CS'
[isolated_pin_label]: Label connected to only one pin
    ; warning
    @(17.78 mm, 53.34 mm): Label 'IGN_SENSE'
[isolated_pin_label]: Label connected to only one pin
    ; warning
    @(17.78 mm, 55.88 mm): Label 'MODEM_DTR'
[isolated_pin_label]: Label connected to only one pin
    ; warning
    @(17.78 mm, 58.42 mm): Label 'MODEM_PWRKEY'
[isolated_pin_label]: Label connected to only one pin
    ; warning
    @(17.78 mm, 60.96 mm): Label 'MODEM_PWR_EN'
[isolated_pin_label]: Label connected to only one pin
    ; warning
    @(17.78 mm, 63.50 mm): Label 'MODEM_RESET'
[isolated_pin_label]: Label connected to only one pin
    ; warning
    @(17.78 mm, 66.04 mm): Label 'MODEM_RI'
[isolated_pin_label]: Label connected to only one pin
    ; warning
    @(17.78 mm, 68.58 mm): Label 'MODEM_RX'
[isolated_pin_label]: Label connected to only one pin
    ; warning
    @(17.78 mm, 71.12 mm): Label 'MODEM_STATUS'
[isolated_pin_label]: Label connected to only one pin
    ; warning
    @(17.78 mm, 73.66 mm): Label 'MODEM_TX'
[isolated_pin_label]: Label connected to only one pin
    ; warning
    @(17.78 mm, 76.20 mm): Label 'SPI1_MISO'
[isolated_pin_label]: Label connected to only one pin
    ; warning
    @(17.78 mm, 78.74 mm): Label 'SPI1_MOSI'
[isolated_pin_label]: Label connected to only one pin
    ; warning
    @(17.78 mm, 81.28 mm): Label 'SPI1_SCK'
[isolated_pin_label]: Label connected to only one pin
    ; warning
    @(17.78 mm, 83.82 mm): Label 'VBAT_SENSE'
[isolated_pin_label]: Label connected to only one pin
    ; warning
    @(17.78 mm, 86.36 mm): Label 'VIN_SENSE'
[isolated_pin_label]: Label connected to only one pin
    ; warning
    @(25.40 mm, 274.32 mm): Label 'VIN'
[isolated_pin_label]: Label connected to only one pin
    ; warning
    @(45.72 mm, 274.32 mm): Label 'SYS'
[isolated_pin_label]: Label connected to only one pin
    ; warning
    @(66.04 mm, 274.32 mm): Label '5V0'
[isolated_pin_label]: Label connected to only one pin
    ; warning
    @(106.68 mm, 274.32 mm): Label 'VBAT_MODEM'
[isolated_pin_label]: Label connected to only one pin
    ; warning
    @(127.00 mm, 274.32 mm): Label 'VDD_EXT_1V8'
[isolated_pin_label]: Label connected to only one pin
    ; warning
    @(158.75 mm, 143.51 mm): Hierarchical Label 'IGN_SENSE'
[isolated_pin_label]: Label connected to only one pin
    ; warning
    @(158.75 mm, 146.05 mm): Hierarchical Label 'VIN_SENSE'
[isolated_pin_label]: Label connected to only one pin
    ; warning
    @(158.75 mm, 153.67 mm): Hierarchical Label 'FLASH_CS'
[isolated_pin_label]: Label connected to only one pin
    ; warning
    @(158.75 mm, 156.21 mm): Hierarchical Label 'SPI1_SCK'
[isolated_pin_label]: Label connected to only one pin
    ; warning
    @(158.75 mm, 158.75 mm): Hierarchical Label 'SPI1_MISO'
[isolated_pin_label]: Label connected to only one pin
    ; warning
    @(158.75 mm, 161.29 mm): Hierarchical Label 'SPI1_MOSI'
[isolated_pin_label]: Label connected to only one pin
    ; warning
    @(158.75 mm, 163.83 mm): Hierarchical Label 'VBAT_SENSE'
[isolated_pin_label]: Label connected to only one pin
    ; warning
    @(158.75 mm, 166.37 mm): Hierarchical Label 'ADC_SPARE'
[isolated_pin_label]: Label connected to only one pin
    ; warning
    @(158.75 mm, 171.45 mm): Hierarchical Label 'MODEM_PWR_EN'
[isolated_pin_label]: Label connected to only one pin
    ; warning
    @(222.25 mm, 125.73 mm): Hierarchical Label 'CAN1_TX'
[isolated_pin_label]: Label connected to only one pin
    ; warning
    @(222.25 mm, 128.27 mm): Hierarchical Label 'CAN1_RX'
[isolated_pin_label]: Label connected to only one pin
    ; warning
    @(222.25 mm, 140.97 mm): Hierarchical Label 'MODEM_STATUS'
[isolated_pin_label]: Label connected to only one pin
    ; warning
    @(222.25 mm, 143.51 mm): Hierarchical Label 'MODEM_RESET'
[isolated_pin_label]: Label connected to only one pin
    ; warning
    @(222.25 mm, 146.05 mm): Hierarchical Label 'CAN_STB'
[isolated_pin_label]: Label connected to only one pin
    ; warning
    @(222.25 mm, 158.75 mm): Hierarchical Label 'MODEM_DTR'
[isolated_pin_label]: Label connected to only one pin
    ; warning
    @(222.25 mm, 161.29 mm): Hierarchical Label 'MODEM_RI'
[isolated_pin_label]: Label connected to only one pin
    ; warning
    @(222.25 mm, 163.83 mm): Hierarchical Label 'MODEM_RX'
[isolated_pin_label]: Label connected to only one pin
    ; warning
    @(222.25 mm, 166.37 mm): Hierarchical Label 'MODEM_TX'
[isolated_pin_label]: Label connected to only one pin
    ; warning
    @(222.25 mm, 168.91 mm): Hierarchical Label 'MODEM_PWRKEY'
[isolated_pin_label]: Label connected to only one pin
    ; warning
    @(222.25 mm, 171.45 mm): Hierarchical Label 'DO2_GATE'
[isolated_pin_label]: Label connected to only one pin
    ; warning
    @(222.25 mm, 173.99 mm): Hierarchical Label 'DO1_GATE'
[isolated_pin_label]: Label connected to only one pin
    ; warning
    @(222.25 mm, 176.53 mm): Hierarchical Label 'DI2'
[isolated_pin_label]: Label connected to only one pin
    ; warning
    @(222.25 mm, 179.07 mm): Hierarchical Label 'DI1'

***** Sheet /mcu/

 ** ERC messages: 51  Errors 0  Warnings 51

 ** Ignored checks:
    - Global label only appears once in the schematic
    - Four connection points are joined together
    - SPICE model issue
    - Assigned footprint doesn't match footprint filters
