ERC report (normalised)
Report includes: Errors, Warnings

***** Sheet /
** report normalised: timestamp removed and violations sorted, so an unchanged design produces an unchanged file **

[isolated_pin_label]: Label connected to only one pin
    ; warning
    @(158.75 mm, 143.51 mm): Hierarchical Label 'IGN_SENSE'
[isolated_pin_label]: Label connected to only one pin
    ; warning
    @(158.75 mm, 146.05 mm): Hierarchical Label 'VIN_SENSE'
[isolated_pin_label]: Label connected to only one pin
    ; warning
    @(158.75 mm, 163.83 mm): Hierarchical Label 'VBAT_SENSE'
[isolated_pin_label]: Label connected to only one pin
    ; warning
    @(17.78 mm, 50.80 mm): Global Label 'IGN_SENSE'
[isolated_pin_label]: Label connected to only one pin
    ; warning
    @(17.78 mm, 81.28 mm): Global Label 'VBAT_SENSE'
[isolated_pin_label]: Label connected to only one pin
    ; warning
    @(17.78 mm, 83.82 mm): Global Label 'VIN_SENSE'
[isolated_pin_label]: Label connected to only one pin
    ; warning
    @(45.72 mm, 114.30 mm): Label 'J1_SPARE1'
[isolated_pin_label]: Label connected to only one pin
    ; warning
    @(45.72 mm, 116.84 mm): Label 'J1_SPARE2'
[isolated_pin_label]: Label connected to only one pin
    ; warning
    @(97.79 mm, 187.96 mm): Label 'U6_STAT'
[isolated_pin_label]: Label connected to only one pin
    ; warning
    @(97.79 mm, 193.04 mm): Label 'U6_PG'
[same_local_global_label]: Local and global labels have same name
    ; warning
    @(17.78 mm, 27.94 mm): Global Label '3V3'
    @(71.12 mm, 73.66 mm): Label '3V3'
[same_local_global_label]: Local and global labels have same name
    ; warning
    @(17.78 mm, 38.10 mm): Global Label 'DI1'
    @(170.18 mm, 172.72 mm): Label 'DI1'
[same_local_global_label]: Local and global labels have same name
    ; warning
    @(17.78 mm, 40.64 mm): Global Label 'DI2'
    @(185.42 mm, 213.36 mm): Label 'DI2'
[same_local_global_label]: Local and global labels have same name
    ; warning
    @(17.78 mm, 43.18 mm): Global Label 'DO1_GATE'
    @(58.42 mm, 266.70 mm): Label 'DO1_GATE'
[same_local_global_label]: Local and global labels have same name
    ; warning
    @(17.78 mm, 45.72 mm): Global Label 'DO2_GATE'
    @(58.42 mm, 312.42 mm): Label 'DO2_GATE'
[same_local_global_label]: Local and global labels have same name
    ; warning
    @(17.78 mm, 50.80 mm): Global Label 'IGN_SENSE'
    @(322.58 mm, 101.60 mm): Label 'IGN_SENSE'
[same_local_global_label]: Local and global labels have same name
    ; warning
    @(17.78 mm, 68.58 mm): Global Label 'MODEM_STATUS'
    @(149.86 mm, 149.86 mm): Label 'MODEM_STATUS'
[same_local_global_label]: Local and global labels have same name
    ; warning
    @(17.78 mm, 81.28 mm): Global Label 'VBAT_SENSE'
    @(322.58 mm, 129.54 mm): Label 'VBAT_SENSE'
[same_local_global_label]: Local and global labels have same name
    ; warning
    @(17.78 mm, 83.82 mm): Global Label 'VIN_SENSE'
    @(322.58 mm, 58.42 mm): Label 'VIN_SENSE'
[same_local_global_label]: Local and global labels have same name
    ; warning
    @(220.98 mm, 30.48 mm): Global Label '5V0'
    @(96.52 mm, 251.46 mm): Label '5V0'
[same_local_global_label]: Local and global labels have same name
    ; warning
    @(220.98 mm, 50.80 mm): Global Label 'SYS'
    @(261.62 mm, 193.04 mm): Label 'SYS'
[same_local_global_label]: Local and global labels have same name
    ; warning
    @(220.98 mm, 53.34 mm): Global Label 'VIN'
    @(199.39 mm, 302.26 mm): Label 'VIN'

***** Sheet /mcu/
***** Sheet /storage/
***** Sheet /io/
***** Sheet /modem_rf/
***** Sheet /power/
 ** ERC messages: 22  Errors 0  Warnings 22
 ** Ignored checks:
    - Global label only appears once in the schematic
    - Four connection points are joined together
    - SPICE model issue
    - Assigned footprint doesn't match footprint filters
