ERC report (2026-09-03T23:23:01, Encoding UTF8)
Report includes: Errors, Warnings

***** Sheet /
[same_local_global_label]: Local and global labels have same name
    ; warning
    @(17.78 mm, 27.94 mm): Global Label '3V3'
    @(86.36 mm, 274.32 mm): Label '3V3'
[same_local_global_label]: Local and global labels have same name
    ; warning
    @(17.78 mm, 30.48 mm): Global Label 'ADC_SPARE'
    @(292.10 mm, 185.42 mm): Label 'ADC_SPARE'
[same_local_global_label]: Local and global labels have same name
    ; warning
    @(17.78 mm, 40.64 mm): Global Label 'DI1'
    @(185.42 mm, 165.10 mm): Label 'DI1'
[same_local_global_label]: Local and global labels have same name
    ; warning
    @(17.78 mm, 43.18 mm): Global Label 'DI2'
    @(170.18 mm, 220.98 mm): Label 'DI2'
[same_local_global_label]: Local and global labels have same name
    ; warning
    @(17.78 mm, 45.72 mm): Global Label 'DO1_GATE'
    @(58.42 mm, 266.70 mm): Label 'DO1_GATE'
[same_local_global_label]: Local and global labels have same name
    ; warning
    @(17.78 mm, 48.26 mm): Global Label 'DO2_GATE'
    @(58.42 mm, 312.42 mm): Label 'DO2_GATE'
[same_local_global_label]: Local and global labels have same name
    ; warning
    @(17.78 mm, 53.34 mm): Global Label 'IGN_SENSE'
    @(353.06 mm, 86.36 mm): Label 'IGN_SENSE'
[isolated_pin_label]: Label connected to only one pin
    ; warning
    @(17.78 mm, 55.88 mm): Global Label 'MODEM_DTR'
[isolated_pin_label]: Label connected to only one pin
    ; warning
    @(17.78 mm, 58.42 mm): Global Label 'MODEM_PWRKEY'
[isolated_pin_label]: Label connected to only one pin
    ; warning
    @(17.78 mm, 60.96 mm): Global Label 'MODEM_PWR_EN'
[isolated_pin_label]: Label connected to only one pin
    ; warning
    @(17.78 mm, 63.50 mm): Global Label 'MODEM_RESET'
[isolated_pin_label]: Label connected to only one pin
    ; warning
    @(17.78 mm, 66.04 mm): Global Label 'MODEM_RI'
[isolated_pin_label]: Label connected to only one pin
    ; warning
    @(17.78 mm, 68.58 mm): Global Label 'MODEM_RX'
[isolated_pin_label]: Label connected to only one pin
    ; warning
    @(17.78 mm, 71.12 mm): Global Label 'MODEM_STATUS'
[isolated_pin_label]: Label connected to only one pin
    ; warning
    @(17.78 mm, 73.66 mm): Global Label 'MODEM_TX'
[same_local_global_label]: Local and global labels have same name
    ; warning
    @(17.78 mm, 83.82 mm): Global Label 'VBAT_SENSE'
    @(322.58 mm, 129.54 mm): Label 'VBAT_SENSE'
[same_local_global_label]: Local and global labels have same name
    ; warning
    @(17.78 mm, 86.36 mm): Global Label 'VIN_SENSE'
    @(322.58 mm, 58.42 mm): Label 'VIN_SENSE'
[same_local_global_label]: Local and global labels have same name
    ; warning
    @(220.98 mm, 30.48 mm): Global Label '5V0'
    @(66.04 mm, 274.32 mm): Label '5V0'
[same_local_global_label]: Local and global labels have same name
    ; warning
    @(220.98 mm, 55.88 mm): Global Label 'SYS'
    @(45.72 mm, 274.32 mm): Label 'SYS'
[same_local_global_label]: Local and global labels have same name
    ; warning
    @(220.98 mm, 60.96 mm): Global Label 'VIN'
    @(25.40 mm, 274.32 mm): Label 'VIN'
[isolated_pin_label]: Label connected to only one pin
    ; warning
    @(106.68 mm, 274.32 mm): Label 'VBAT_MODEM'
[isolated_pin_label]: Label connected to only one pin
    ; warning
    @(127.00 mm, 274.32 mm): Label 'VDD_EXT_1V8'
[isolated_pin_label]: Label connected to only one pin
    ; warning
    @(158.75 mm, 171.45 mm): Hierarchical Label 'MODEM_PWR_EN'
[isolated_pin_label]: Label connected to only one pin
    ; warning
    @(222.25 mm, 140.97 mm): Hierarchical Label 'MODEM_STATUS'
[isolated_pin_label]: Label connected to only one pin
    ; warning
    @(222.25 mm, 143.51 mm): Hierarchical Label 'MODEM_RESET'
[isolated_pin_label]: Label connected to only one pin
    ; warning
    @(222.25 mm, 158.75 mm): Hierarchical Label 'MODEM_DTR'
[isolated_pin_label]: Label connected to only one pin
    ; warning
    @(222.25 mm, 161.29 mm): Hierarchical Label 'MODEM_RI'
[isolated_pin_label]: Label connected to only one pin
    ; warning
    @(222.25 mm, 163.83 mm): Hierarchical Label 'MODEM_RX'
[isolated_pin_label]: Label connected to only one pin
    ; warning
    @(222.25 mm, 166.37 mm): Hierarchical Label 'MODEM_TX'
[isolated_pin_label]: Label connected to only one pin
    ; warning
    @(222.25 mm, 168.91 mm): Hierarchical Label 'MODEM_PWRKEY'

***** Sheet /mcu/

***** Sheet /storage/

***** Sheet /io/

 ** ERC messages: 30  Errors 0  Warnings 30

 ** Ignored checks:
    - Global label only appears once in the schematic
    - Four connection points are joined together
    - SPICE model issue
    - Assigned footprint doesn't match footprint filters
