** Drc report for telematics-tracker.kicad_pcb **
** Created on 2026-09-08T01:29:23 **
** Report includes: Errors **

** Found 13 DRC violations **
[solder_mask_bridge]: Front solder mask aperture bridges items with different nets
    Rule: board setup solder mask min width; error
    @(78.0000 mm, 22.9000 mm): Track [/modem_rf/ANT_MAIN_M] on F.Cu, length 0.6675 mm
    @(78.8300 mm, 22.8700 mm): Pad 2 [GND] of C48 on F.Cu
[solder_mask_bridge]: Front solder mask aperture bridges items with different nets
    Rule: board setup solder mask min width; error
    @(78.6000 mm, 23.1925 mm): Track [/modem_rf/ANT_MAIN_M] on F.Cu, length 0.1966 mm
    @(78.8300 mm, 22.8700 mm): Pad 2 [GND] of C48 on F.Cu
[shorting_items]: Items shorting two nets (nets /io/CANL and /mcu/IMU_INT1)
    Local override; error
    @(27.5500 mm, 52.1500 mm): Via [/io/CANL] on F.Cu - B.Cu
    @(27.4987 mm, 27.5631 mm): Track [/mcu/IMU_INT1] on PWR_L3, length 28.8847 mm
[clearance]: Clearance violation (rule 'HV to signal 1.5mm' clearance 1.5000 mm; actual 1.2690 mm)
    Rule: HV to signal 1.5mm; error
    @(22.1969 mm, 27.6927 mm): Track [/mcu/SYS_LED] on B.Cu, length 1.3025 mm
    @(20.2500 mm, 27.3500 mm): Track [/power/VIN_B] on B.Cu, length 0.1000 mm
[clearance]: Clearance violation (rule 'HV to signal 1.5mm' clearance 1.5000 mm; actual 1.3397 mm)
    Rule: HV to signal 1.5mm; error
    @(22.1969 mm, 27.6927 mm): Track [/mcu/SYS_LED] on B.Cu, length 1.3025 mm
    @(20.1500 mm, 27.3500 mm): Track [/power/VIN_B] on B.Cu, length 22.2032 mm
[shorting_items]: Items shorting two nets (nets GND and /modem_rf/ANT_MAIN_M)
    Local override; error
    @(78.8300 mm, 22.8700 mm): Pad 2 [GND] of C48 on F.Cu
    @(78.6000 mm, 23.1925 mm): Track [/modem_rf/ANT_MAIN_M] on F.Cu, length 0.1966 mm
[clearance]: Clearance violation (netclass 'RF' clearance 0.3000 mm; actual 0.2179 mm)
    Rule: netclass 'RF'; error
    @(78.8300 mm, 22.8700 mm): Pad 2 [GND] of C48 on F.Cu
    @(79.1400 mm, 23.5500 mm): Track [/modem_rf/ANT_MAIN_M] on F.Cu, length 0.6600 mm
[shorting_items]: Items shorting two nets (nets GND and /modem_rf/ANT_MAIN_M)
    Local override; error
    @(78.8300 mm, 22.8700 mm): Pad 2 [GND] of C48 on F.Cu
    @(78.0000 mm, 22.9000 mm): Track [/modem_rf/ANT_MAIN_M] on F.Cu, length 0.6675 mm
[clearance]: Clearance violation (netclass 'RF' clearance 0.3000 mm; actual 0.0438 mm)
    Rule: netclass 'RF'; error
    @(78.8300 mm, 22.8700 mm): Pad 2 [GND] of C48 on F.Cu
    @(78.6000 mm, 23.3891 mm): Track [/modem_rf/ANT_MAIN_M] on F.Cu, length 0.5635 mm
[clearance]: Clearance violation (netclass 'Default' clearance 0.2000 mm; actual 0.0296 mm)
    Rule: netclass 'Default'; error
    @(27.5500 mm, 52.1500 mm): Via [/io/CANL] on F.Cu - B.Cu
    @(27.1704 mm, 54.4752 mm): Track [DI1] on GND_L2, length 9.3737 mm
[clearance]: Clearance violation (netclass 'Default' clearance 0.2000 mm; actual 0.0004 mm)
    Rule: netclass 'Default'; error
    @(27.9004 mm, 27.1141 mm): Track [/mcu/OSC_OUT] on PWR_L3, length 26.1179 mm
    @(27.5500 mm, 52.1500 mm): Via [/io/CANL] on F.Cu - B.Cu
[shorting_items]: Items shorting two nets (nets /mcu/OSC_IN and /io/CANL)
    Local override; error
    @(23.8624 mm, 41.7793 mm): Track [/mcu/OSC_IN] on GND_L2, length 7.2794 mm
    @(23.5500 mm, 44.8500 mm): Via [/io/CANL] on F.Cu - B.Cu
[clearance]: Clearance violation (rule 'HV to signal 1.5mm' clearance 1.5000 mm; actual 1.1155 mm)
    Rule: HV to signal 1.5mm; error
    @(20.2500 mm, 27.3500 mm): Track [/power/VIN_B] on B.Cu, length 0.1000 mm
    @(20.7792 mm, 25.7708 mm): Via [/mcu/OSC_IN] on F.Cu - B.Cu

** Found 183 unconnected pads **
[unconnected_items]: Missing connection between items
    Local override; error
    @(0.6500 mm, 0.6500 mm): Zone 'F_GND' [GND] on F.Cu, priority 0
    @(0.6500 mm, 0.6500 mm): Zone 'B_GND' [GND] on B.Cu, priority 0
[unconnected_items]: Missing connection between items
    Local override; error
    @(0.6500 mm, 0.6500 mm): Zone 'B_GND' [GND] on B.Cu, priority 0
    @(0.6500 mm, 0.6500 mm): Zone 'B_GND' [GND] on B.Cu, priority 0
[unconnected_items]: Missing connection between items
    Local override; error
    @(0.6500 mm, 0.6500 mm): Zone 'B_GND' [GND] on B.Cu, priority 0
    @(0.6500 mm, 0.6500 mm): Zone 'F_GND' [GND] on F.Cu, priority 0
[unconnected_items]: Missing connection between items
    Local override; error
    @(23.6000 mm, 46.2700 mm): Pad 2 [GND] of U4 on F.Cu
    @(0.6500 mm, 0.6500 mm): Zone 'F_GND' [GND] on F.Cu, priority 0
[unconnected_items]: Missing connection between items
    Local override; error
    @(0.6500 mm, 0.6500 mm): Zone 'F_GND' [GND] on F.Cu, priority 0
    @(0.6500 mm, 0.6500 mm): Zone 'B_GND' [GND] on B.Cu, priority 0
[unconnected_items]: Missing connection between items
    Local override; error
    @(0.6500 mm, 0.6500 mm): Zone 'F_GND' [GND] on F.Cu, priority 0
    @(24.8900 mm, 24.3300 mm): Pad 47 [GND] of U2 on F.Cu
[unconnected_items]: Missing connection between items
    Local override; error
    @(26.7500 mm, 17.9700 mm): Pad 35 [GND] of U2 on F.Cu
    @(26.2450 mm, 16.8875 mm): Pad 2 [GND] of U9 on B.Cu
[unconnected_items]: Missing connection between items
    Local override; error
    @(0.6500 mm, 0.6500 mm): Zone 'B_GND' [GND] on B.Cu, priority 0
    @(0.6500 mm, 0.6500 mm): Zone 'F_GND' [GND] on F.Cu, priority 0
[unconnected_items]: Missing connection between items
    Local override; error
    @(0.6500 mm, 0.6500 mm): Zone 'B_GND' [GND] on B.Cu, priority 0
    @(0.6500 mm, 0.6500 mm): Zone 'F_GND' [GND] on F.Cu, priority 0
[unconnected_items]: Missing connection between items
    Local override; error
    @(0.6500 mm, 0.6500 mm): Zone 'F_GND' [GND] on F.Cu, priority 0
    @(0.6500 mm, 0.6500 mm): Zone 'B_GND' [GND] on B.Cu, priority 0
[unconnected_items]: Missing connection between items
    Local override; error
    @(0.6500 mm, 0.6500 mm): Zone 'F_GND' [GND] on F.Cu, priority 0
    @(0.6500 mm, 0.6500 mm): Zone 'B_GND' [GND] on B.Cu, priority 0
[unconnected_items]: Missing connection between items
    Local override; error
    @(29.0000 mm, 56.0100 mm): Pad 6 [GND] of U3 on F.Cu
    @(0.6500 mm, 0.6500 mm): Zone 'F_GND' [GND] on F.Cu, priority 0
[unconnected_items]: Missing connection between items
    Local override; error
    @(0.6500 mm, 0.6500 mm): Zone 'B_GND' [GND] on B.Cu, priority 0
    @(0.6500 mm, 0.6500 mm): Zone 'F_GND' [GND] on F.Cu, priority 0
[unconnected_items]: Missing connection between items
    Local override; error
    @(0.6500 mm, 0.6500 mm): Zone 'F_GND' [GND] on F.Cu, priority 0
    @(29.7500 mm, 26.1900 mm): Pad 8 [GND] of U2 on F.Cu
[unconnected_items]: Missing connection between items
    Local override; error
    @(0.6500 mm, 0.6500 mm): Zone 'F_GND' [GND] on F.Cu, priority 0
    @(0.6500 mm, 0.6500 mm): Zone 'B_GND' [GND] on B.Cu, priority 0
[unconnected_items]: Missing connection between items
    Local override; error
    @(0.6500 mm, 0.6500 mm): Zone 'B_GND' [GND] on B.Cu, priority 0
    @(0.6500 mm, 0.6500 mm): Zone 'B_GND' [GND] on B.Cu, priority 0
[unconnected_items]: Missing connection between items
    Local override; error
    @(30.0200 mm, 48.0500 mm): Pad 9 [GND] of U6 on F.Cu
    @(0.6500 mm, 0.6500 mm): Zone 'F_GND' [GND] on F.Cu, priority 0
[unconnected_items]: Missing connection between items
    Local override; error
    @(0.6500 mm, 0.6500 mm): Zone 'B_GND' [GND] on B.Cu, priority 0
    @(0.6500 mm, 0.6500 mm): Zone 'F_GND' [GND] on F.Cu, priority 0
[unconnected_items]: Missing connection between items
    Local override; error
    @(0.6500 mm, 0.6500 mm): Zone 'F_GND' [GND] on F.Cu, priority 0
    @(0.6500 mm, 0.6500 mm): Zone 'F_GND' [GND] on F.Cu, priority 0
[unconnected_items]: Missing connection between items
    Local override; error
    @(0.6500 mm, 0.6500 mm): Zone 'F_GND' [GND] on F.Cu, priority 0
    @(0.6500 mm, 0.6500 mm): Zone 'F_GND' [GND] on F.Cu, priority 0
[unconnected_items]: Missing connection between items
    Local override; error
    @(30.9950 mm, 57.4450 mm): Pad 4 [GND] of Y1 on B.Cu
    @(29.5000 mm, 56.0100 mm): Pad 7 [GND] of U3 on F.Cu
[unconnected_items]: Missing connection between items
    Local override; error
    @(32.3100 mm, 45.2500 mm): Pad 17 [GND] of U6 on F.Cu
    @(0.6500 mm, 0.6500 mm): Zone 'F_GND' [GND] on F.Cu, priority 0
[unconnected_items]: Missing connection between items
    Local override; error
    @(0.6500 mm, 0.6500 mm): Zone 'F_GND' [GND] on F.Cu, priority 0
    @(0.6500 mm, 0.6500 mm): Zone 'F_GND' [GND] on F.Cu, priority 0
[unconnected_items]: Missing connection between items
    Local override; error
    @(0.6500 mm, 0.6500 mm): Zone 'F_GND' [GND] on F.Cu, priority 0
    @(0.6500 mm, 0.6500 mm): Zone 'B_GND' [GND] on B.Cu, priority 0
[unconnected_items]: Missing connection between items
    Local override; error
    @(0.6500 mm, 0.6500 mm): Zone 'F_GND' [GND] on F.Cu, priority 0
    @(0.6500 mm, 0.6500 mm): Zone 'F_GND' [GND] on F.Cu, priority 0
[unconnected_items]: Missing connection between items
    Local override; error
    @(33.1100 mm, 19.8300 mm): Pad 23 [GND] of U2 on F.Cu
    @(36.0625 mm, 13.9950 mm): Pad 2 [GND] of R87 on B.Cu
[unconnected_items]: Missing connection between items
    Local override; error
    @(0.6500 mm, 0.6500 mm): Zone 'F_GND' [GND] on F.Cu, priority 0
    @(0.6500 mm, 0.6500 mm): Zone 'B_GND' [GND] on B.Cu, priority 0
[unconnected_items]: Missing connection between items
    Local override; error
    @(0.6500 mm, 0.6500 mm): Zone 'F_GND' [GND] on F.Cu, priority 0
    @(0.6500 mm, 0.6500 mm): Zone 'B_GND' [GND] on B.Cu, priority 0
[unconnected_items]: Missing connection between items
    Local override; error
    @(0.6500 mm, 0.6500 mm): Zone 'B_GND' [GND] on B.Cu, priority 0
    @(0.6500 mm, 0.6500 mm): Zone 'F_GND' [GND] on F.Cu, priority 0
[unconnected_items]: Missing connection between items
    Local override; error
    @(0.6500 mm, 0.6500 mm): Zone 'B_GND' [GND] on B.Cu, priority 0
    @(0.6500 mm, 0.6500 mm): Zone 'F_GND' [GND] on F.Cu, priority 0
[unconnected_items]: Missing connection between items
    Local override; error
    @(0.6500 mm, 0.6500 mm): Zone 'F_GND' [GND] on F.Cu, priority 0
    @(0.6500 mm, 0.6500 mm): Zone 'B_GND' [GND] on B.Cu, priority 0
[unconnected_items]: Missing connection between items
    Local override; error
    @(0.6500 mm, 0.6500 mm): Zone 'F_GND' [GND] on F.Cu, priority 0
    @(0.6500 mm, 0.6500 mm): Zone 'B_GND' [GND] on B.Cu, priority 0
[unconnected_items]: Missing connection between items
    Local override; error
    @(0.6500 mm, 0.6500 mm): Zone 'B_GND' [GND] on B.Cu, priority 0
    @(0.6500 mm, 0.6500 mm): Zone 'F_GND' [GND] on F.Cu, priority 0
[unconnected_items]: Missing connection between items
    Local override; error
    @(0.6500 mm, 0.6500 mm): Zone 'B_GND' [GND] on B.Cu, priority 0
    @(0.6500 mm, 0.6500 mm): Zone 'F_GND' [GND] on F.Cu, priority 0
[unconnected_items]: Missing connection between items
    Local override; error
    @(0.6500 mm, 0.6500 mm): Zone 'F_GND' [GND] on F.Cu, priority 0
    @(0.6500 mm, 0.6500 mm): Zone 'F_GND' [GND] on F.Cu, priority 0
[unconnected_items]: Missing connection between items
    Local override; error
    @(0.6500 mm, 0.6500 mm): Zone 'F_GND' [GND] on F.Cu, priority 0
    @(55.2500 mm, 4.5450 mm): Pad 2 [GND] of D14 on F.Cu
[unconnected_items]: Missing connection between items
    Local override; error
    @(0.6500 mm, 0.6500 mm): Zone 'F_GND' [GND] on F.Cu, priority 0
    @(55.2500 mm, 4.5450 mm): Pad 2 [GND] of D14 on F.Cu
[unconnected_items]: Missing connection between items
    Local override; error
    @(0.6500 mm, 0.6500 mm): Zone 'B_GND' [GND] on B.Cu, priority 0
    @(0.6500 mm, 0.6500 mm): Zone 'F_GND' [GND] on F.Cu, priority 0
[unconnected_items]: Missing connection between items
    Local override; error
    @(0.6500 mm, 0.6500 mm): Zone 'F_GND' [GND] on F.Cu, priority 0
    @(0.6500 mm, 0.6500 mm): Zone 'F_GND' [GND] on F.Cu, priority 0
[unconnected_items]: Missing connection between items
    Local override; error
    @(0.6500 mm, 0.6500 mm): Zone 'F_GND' [GND] on F.Cu, priority 0
    @(0.6500 mm, 0.6500 mm): Zone 'F_GND' [GND] on F.Cu, priority 0
[unconnected_items]: Missing connection between items
    Local override; error
    @(0.6500 mm, 0.6500 mm): Zone 'F_GND' [GND] on F.Cu, priority 0
    @(0.6500 mm, 0.6500 mm): Zone 'F_GND' [GND] on F.Cu, priority 0
[unconnected_items]: Missing connection between items
    Local override; error
    @(0.6500 mm, 0.6500 mm): Zone 'F_GND' [GND] on F.Cu, priority 0
    @(0.6500 mm, 0.6500 mm): Zone 'F_GND' [GND] on F.Cu, priority 0
[unconnected_items]: Missing connection between items
    Local override; error
    @(0.6500 mm, 0.6500 mm): Zone 'F_GND' [GND] on F.Cu, priority 0
    @(0.6500 mm, 0.6500 mm): Zone 'F_GND' [GND] on F.Cu, priority 0
[unconnected_items]: Missing connection between items
    Local override; error
    @(0.6500 mm, 0.6500 mm): Zone 'F_GND' [GND] on F.Cu, priority 0
    @(0.6500 mm, 0.6500 mm): Zone 'F_GND' [GND] on F.Cu, priority 0
[unconnected_items]: Missing connection between items
    Local override; error
    @(0.6500 mm, 0.6500 mm): Zone 'F_GND' [GND] on F.Cu, priority 0
    @(0.6500 mm, 0.6500 mm): Zone 'F_GND' [GND] on F.Cu, priority 0
[unconnected_items]: Missing connection between items
    Local override; error
    @(78.8300 mm, 22.8700 mm): Pad 2 [GND] of C48 on F.Cu
    @(0.6500 mm, 0.6500 mm): Zone 'F_GND' [GND] on F.Cu, priority 0
[unconnected_items]: Missing connection between items
    Local override; error
    @(22.0475 mm, 18.7962 mm): Pad 1 [5V0] of TP19 on F.Cu
    @(28.0000 mm, 32.2750 mm): Pad 1 [5V0] of C23 on F.Cu
[unconnected_items]: Missing connection between items
    Local override; error
    @(22.2000 mm, 9.8600 mm): Pad 2 [5V0] of L1 on F.Cu
    @(23.4450 mm, 9.5250 mm): Pad 1 [5V0] of C79 on B.Cu
[unconnected_items]: Missing connection between items
    Local override; error
    @(22.2000 mm, 9.8600 mm): Pad 2 [5V0] of L1 on F.Cu
    @(22.0475 mm, 18.7962 mm): Pad 1 [5V0] of TP19 on F.Cu
[unconnected_items]: Missing connection between items
    Local override; error
    @(23.4450 mm, 7.0250 mm): Pad 1 [5V0] of C77 on B.Cu
    @(23.4450 mm, 9.5250 mm): Pad 1 [5V0] of C79 on B.Cu
[unconnected_items]: Missing connection between items
    Local override; error
    @(23.4450 mm, 7.0250 mm): Pad 1 [5V0] of C77 on B.Cu
    @(27.4450 mm, 7.0250 mm): Pad 1 [5V0] of C78 on B.Cu
[unconnected_items]: Missing connection between items
    Local override; error
    @(23.4450 mm, 7.0250 mm): Pad 1 [5V0] of C77 on B.Cu
    @(23.0500 mm, 2.2750 mm): Pad 1 [5V0] of C61 on B.Cu
[unconnected_items]: Missing connection between items
    Local override; error
    @(28.2300 mm, 44.7500 mm): Pad 1 [5V0] of U6 on F.Cu
    @(29.0200 mm, 43.9500 mm): Pad 24 [5V0] of U6 on F.Cu
[unconnected_items]: Missing connection between items
    Local override; error
    @(28.2300 mm, 44.7500 mm): Pad 1 [5V0] of U6 on F.Cu
    @(24.8600 mm, 46.2700 mm): Pad 3 [5V0] of U4 on F.Cu
[unconnected_items]: Missing connection between items
    Local override; error
    @(29.0200 mm, 43.9500 mm): Pad 24 [5V0] of U6 on F.Cu
    @(33.0877 mm, 39.7948 mm): Track [5V0] on B.Cu, length 0.2831 mm
[unconnected_items]: Missing connection between items
    Local override; error
    @(31.0500 mm, 6.2750 mm): Pad 1 [5V0] of C80 on B.Cu
    @(27.4450 mm, 7.0250 mm): Pad 1 [5V0] of C78 on B.Cu
[unconnected_items]: Missing connection between items
    Local override; error
    @(33.0877 mm, 39.7948 mm): Track [5V0] on B.Cu, length 0.2831 mm
    @(26.6149 mm, 33.7450 mm): Track [5V0] on F.Cu, length 0.0849 mm
[unconnected_items]: Missing connection between items
    Local override; error
    @(37.8875 mm, 11.4950 mm): Pad 1 [5V0] of R83 on B.Cu
    @(31.0500 mm, 6.2750 mm): Pad 1 [5V0] of C80 on B.Cu
[unconnected_items]: Missing connection between items
    Local override; error
    @(40.3875 mm, 43.4950 mm): Pad 1 [5V0] of R49 on B.Cu
    @(36.8875 mm, 40.9950 mm): Track [5V0] on B.Cu, length 2.0000 mm
[unconnected_items]: Missing connection between items
    Local override; error
    @(22.1000 mm, 30.7000 mm): Pad 8 [3V3] of U7 on F.Cu
    @(23.3700 mm, 30.7000 mm): Pad 7 [3V3] of U7 on F.Cu
[unconnected_items]: Missing connection between items
    Local override; error
    @(23.3875 mm, 32.4950 mm): Pad 1 [3V3] of R22 on B.Cu
    @(23.3700 mm, 30.7000 mm): Pad 7 [3V3] of U7 on F.Cu
[unconnected_items]: Missing connection between items
    Local override; error
    @(23.3875 mm, 34.9950 mm): Pad 1 [3V3] of R3 on B.Cu
    @(23.3875 mm, 32.4950 mm): Pad 1 [3V3] of R22 on B.Cu
[unconnected_items]: Missing connection between items
    Local override; error
    @(23.3875 mm, 34.9950 mm): Pad 1 [3V3] of R3 on B.Cu
    @(24.6300 mm, 37.7800 mm): Pad 3 [3V3] of U7 on F.Cu
[unconnected_items]: Missing connection between items
    Local override; error
    @(24.6300 mm, 37.7800 mm): Pad 3 [3V3] of U7 on F.Cu
    @(26.1300 mm, 40.9100 mm): Pad 5 [3V3] of U4 on F.Cu
[unconnected_items]: Missing connection between items
    Local override; error
    @(24.8900 mm, 24.8300 mm): Pad 48 [3V3] of U2 on F.Cu
    @(26.2500 mm, 17.9700 mm): Pad 36 [3V3] of U2 on F.Cu
[unconnected_items]: Missing connection between items
    Local override; error
    @(25.0000 mm, 28.2750 mm): Pad 1 [3V3] of C10 on F.Cu
    @(23.3700 mm, 30.7000 mm): Pad 7 [3V3] of U7 on F.Cu
[unconnected_items]: Missing connection between items
    Local override; error
    @(25.0000 mm, 28.2750 mm): Pad 1 [3V3] of C10 on F.Cu
    @(24.8900 mm, 24.8300 mm): Pad 48 [3V3] of U2 on F.Cu
[unconnected_items]: Missing connection between items
    Local override; error
    @(25.0000 mm, 28.2750 mm): Pad 1 [3V3] of C10 on F.Cu
    @(28.5000 mm, 28.2750 mm): Pad 1 [3V3] of C11 on F.Cu
[unconnected_items]: Missing connection between items
    Local override; error
    @(26.1300 mm, 40.9100 mm): Pad 5 [3V3] of U4 on F.Cu
    @(28.2875 mm, 40.2950 mm): Pad 1 [3V3] of D11 on F.Cu
[unconnected_items]: Missing connection between items
    Local override; error
    @(26.2500 mm, 17.9700 mm): Pad 36 [3V3] of U2 on F.Cu
    @(27.1950 mm, 14.5875 mm): Pad 5 [3V3] of U9 on B.Cu
[unconnected_items]: Missing connection between items
    Local override; error
    @(27.7400 mm, 54.2500 mm): Pad 1 [3V3] of U3 on F.Cu
    @(27.7400 mm, 54.7500 mm): Pad 2 [3V3] of U3 on F.Cu
[unconnected_items]: Missing connection between items
    Local override; error
    @(27.7400 mm, 55.2500 mm): Pad 3 [3V3] of U3 on F.Cu
    @(27.7400 mm, 54.7500 mm): Pad 2 [3V3] of U3 on F.Cu
[unconnected_items]: Missing connection between items
    Local override; error
    @(27.7400 mm, 55.2500 mm): Pad 3 [3V3] of U3 on F.Cu
    @(28.5000 mm, 56.0100 mm): Pad 5 [3V3] of U3 on F.Cu
[unconnected_items]: Missing connection between items
    Local override; error
    @(28.5000 mm, 28.2750 mm): Pad 1 [3V3] of C11 on F.Cu
    @(32.0450 mm, 28.5250 mm): Pad 1 [3V3] of C12 on F.Cu
[unconnected_items]: Missing connection between items
    Local override; error
    @(29.0475 mm, 53.2962 mm): Pad 1 [3V3] of TP6 on B.Cu
    @(29.5000 mm, 53.9900 mm): Pad 12 [3V3] of U3 on F.Cu
[unconnected_items]: Missing connection between items
    Local override; error
    @(29.0475 mm, 53.2962 mm): Pad 1 [3V3] of TP6 on B.Cu
    @(27.7400 mm, 54.2500 mm): Pad 1 [3V3] of U3 on F.Cu
[unconnected_items]: Missing connection between items
    Local override; error
    @(29.0475 mm, 53.2962 mm): Pad 1 [3V3] of TP6 on B.Cu
    @(32.3875 mm, 47.4950 mm): Pad 1 [3V3] of R8 on B.Cu
[unconnected_items]: Missing connection between items
    Local override; error
    @(30.2600 mm, 54.7500 mm): Pad 10 [3V3] of U3 on F.Cu
    @(29.5000 mm, 53.9900 mm): Pad 12 [3V3] of U3 on F.Cu
[unconnected_items]: Missing connection between items
    Local override; error
    @(30.2600 mm, 55.7500 mm): Pad 8 [3V3] of U3 on F.Cu
    @(30.2600 mm, 54.7500 mm): Pad 10 [3V3] of U3 on F.Cu
[unconnected_items]: Missing connection between items
    Local override; error
    @(31.0500 mm, 4.2750 mm): Pad 1 [3V3] of C69 on B.Cu
    @(27.1950 mm, 14.5875 mm): Pad 5 [3V3] of U9 on B.Cu
[unconnected_items]: Missing connection between items
    Local override; error
    @(32.0450 mm, 28.5250 mm): Pad 1 [3V3] of C12 on F.Cu
    @(36.0000 mm, 28.2750 mm): Pad 1 [3V3] of C13 on F.Cu
[unconnected_items]: Missing connection between items
    Local override; error
    @(32.8875 mm, 37.4950 mm): Pad 1 [3V3] of R4 on B.Cu
    @(35.0000 mm, 38.2750 mm): Pad 1 [3V3] of C9 on F.Cu
[unconnected_items]: Missing connection between items
    Local override; error
    @(32.8875 mm, 37.4950 mm): Pad 1 [3V3] of R4 on B.Cu
    @(28.2875 mm, 40.2950 mm): Pad 1 [3V3] of D11 on F.Cu
[unconnected_items]: Missing connection between items
    Local override; error
    @(33.1100 mm, 19.3300 mm): Pad 24 [3V3] of U2 on F.Cu
    @(26.2500 mm, 17.9700 mm): Pad 36 [3V3] of U2 on F.Cu
[unconnected_items]: Missing connection between items
    Local override; error
    @(35.0000 mm, 32.2750 mm): Pad 1 [3V3] of C24 on F.Cu
    @(36.0000 mm, 30.2750 mm): Pad 1 [3V3] of C20 on F.Cu
[unconnected_items]: Missing connection between items
    Local override; error
    @(36.0000 mm, 30.2750 mm): Pad 1 [3V3] of C20 on F.Cu
    @(36.0000 mm, 28.2750 mm): Pad 1 [3V3] of C13 on F.Cu
[unconnected_items]: Missing connection between items
    Local override; error
    @(36.3875 mm, 45.9950 mm): Pad 1 [3V3] of R6 on B.Cu
    @(32.3875 mm, 47.4950 mm): Pad 1 [3V3] of R8 on B.Cu
[unconnected_items]: Missing connection between items
    Local override; error
    @(37.5300 mm, 20.5500 mm): Pad 14 [3V3] of U8 on F.Cu
    @(33.1100 mm, 19.3300 mm): Pad 24 [3V3] of U2 on F.Cu
[unconnected_items]: Missing connection between items
    Local override; error
    @(38.7875 mm, 38.2950 mm): Pad 1 [3V3] of D10 on F.Cu
    @(35.0000 mm, 38.2750 mm): Pad 1 [3V3] of C9 on F.Cu
[unconnected_items]: Missing connection between items
    Local override; error
    @(39.5000 mm, 28.2750 mm): Pad 1 [3V3] of C14 on F.Cu
    @(36.0000 mm, 28.2750 mm): Pad 1 [3V3] of C13 on F.Cu
[unconnected_items]: Missing connection between items
    Local override; error
    @(39.5000 mm, 30.2750 mm): Pad 1 [3V3] of C21 on F.Cu
    @(39.5000 mm, 28.2750 mm): Pad 1 [3V3] of C14 on F.Cu
[unconnected_items]: Missing connection between items
    Local override; error
    @(39.5000 mm, 30.2750 mm): Pad 1 [3V3] of C21 on F.Cu
    @(41.3875 mm, 30.9950 mm): Pad 1 [3V3] of R21 on B.Cu
[unconnected_items]: Missing connection between items
    Local override; error
    @(39.9825 mm, 42.3950 mm): Pad 1 [3V3] of FB1 on F.Cu
    @(40.2950 mm, 45.2950 mm): Pad 1 [3V3] of JP1 on F.Cu
[unconnected_items]: Missing connection between items
    Local override; error
    @(39.9825 mm, 42.3950 mm): Pad 1 [3V3] of FB1 on F.Cu
    @(38.7875 mm, 38.2950 mm): Pad 1 [3V3] of D10 on F.Cu
[unconnected_items]: Missing connection between items
    Local override; error
    @(40.2950 mm, 45.2950 mm): Pad 1 [3V3] of JP1 on F.Cu
    @(36.3875 mm, 45.9950 mm): Pad 1 [3V3] of R6 on B.Cu
[unconnected_items]: Missing connection between items
    Local override; error
    @(40.3875 mm, 45.9950 mm): Pad 1 [3V3] of R7 on B.Cu
    @(40.2950 mm, 45.2950 mm): Pad 1 [3V3] of JP1 on F.Cu
[unconnected_items]: Missing connection between items
    Local override; error
    @(46.6375 mm, 1.9950 mm): Pad 1 [3V3] of R65 on B.Cu
    @(31.0500 mm, 4.2750 mm): Pad 1 [3V3] of C69 on B.Cu
[unconnected_items]: Missing connection between items
    Local override; error
    @(65.7500 mm, 2.2750 mm): Pad 1 [3V3] of C46 on F.Cu
    @(46.6375 mm, 1.9950 mm): Pad 1 [3V3] of R65 on B.Cu
[unconnected_items]: Missing connection between items
    Local override; error
    @(69.3675 mm, 47.0100 mm): Pad 1 [3V3] of R90 on F.Cu
    @(40.3875 mm, 45.9950 mm): Pad 1 [3V3] of R7 on B.Cu
[unconnected_items]: Missing connection between items
    Local override; error
    @(69.8125 mm, 57.4950 mm): Pad 1 [3V3] of R61 on F.Cu
    @(69.3675 mm, 47.0100 mm): Pad 1 [3V3] of R90 on F.Cu
[unconnected_items]: Missing connection between items
    Local override; error
    @(38.5100 mm, 50.9500 mm): Track [/io/CANL_T] on F.Cu, length 1.0017 mm
    @(24.8600 mm, 40.9100 mm): Pad 6 [/io/CANL_T] of U4 on F.Cu
[unconnected_items]: Missing connection between items
    Local override; error
    @(22.3200 mm, 40.9100 mm): Pad 8 [CAN_STB] of U4 on F.Cu
    @(24.8900 mm, 19.8300 mm): Pad 38 [CAN_STB] of U2 on F.Cu
[unconnected_items]: Missing connection between items
    Local override; error
    @(26.0507 mm, 47.8759 mm): Via [SYS] on F.Cu - B.Cu
    @(35.3875 mm, 34.9950 mm): Pad 1 [SYS] of R38 on B.Cu
[unconnected_items]: Missing connection between items
    Local override; error
    @(35.3875 mm, 34.9950 mm): Pad 1 [SYS] of R38 on B.Cu
    @(52.8125 mm, 10.9950 mm): Pad 1 [SYS] of R52 on F.Cu
[unconnected_items]: Missing connection between items
    Local override; error
    @(52.8125 mm, 10.9950 mm): Pad 1 [SYS] of R52 on F.Cu
    @(60.5000 mm, 3.5500 mm): Pad 2 [SYS] of Q3 on F.Cu
[unconnected_items]: Missing connection between items
    Local override; error
    @(48.7500 mm, 2.2750 mm): Pad 1 [/modem_rf/VBAT_MODEM] of C43 on F.Cu
    @(45.2500 mm, 2.2750 mm): Pad 1 [/modem_rf/VBAT_MODEM] of C42 on F.Cu
[unconnected_items]: Missing connection between items
    Local override; error
    @(48.7500 mm, 2.2750 mm): Pad 1 [/modem_rf/VBAT_MODEM] of C43 on F.Cu
    @(54.1648 mm, 7.6635 mm): Track [/modem_rf/VBAT_MODEM] on B.Cu, length 4.0550 mm
[unconnected_items]: Missing connection between items
    Local override; error
    @(58.5000 mm, 4.5000 mm): Pad 3 [/modem_rf/VBAT_MODEM] of Q3 on F.Cu
    @(54.1648 mm, 9.0161 mm): Track [/modem_rf/VBAT_MODEM] on B.Cu, length 1.3526 mm
[unconnected_items]: Missing connection between items
    Local override; error
    @(62.7510 mm, 11.0960 mm): Track [/modem_rf/VBAT_MODEM] on F.Cu, length 1.9780 mm
    @(67.0500 mm, 14.9500 mm): Track [/modem_rf/VBAT_MODEM] on F.Cu, length 1.8516 mm
[unconnected_items]: Missing connection between items
    Local override; error
    @(69.6500 mm, 14.9500 mm): Track [/modem_rf/VBAT_MODEM] on F.Cu, length 1.3000 mm
    @(67.6688 mm, 18.1062 mm): Track [/modem_rf/VBAT_MODEM] on B.Cu, length 0.9987 mm
[unconnected_items]: Missing connection between items
    Local override; error
    @(32.3100 mm, 46.7500 mm): Track [/power/VBAT_BT] on F.Cu, length 0.7017 mm
    @(27.4450 mm, 4.5250 mm): Pad 1 [/power/VBAT_BT] of C67 on B.Cu
[unconnected_items]: Missing connection between items
    Local override; error
    @(23.3875 mm, 14.4950 mm): Pad 1 [/power/U6_TS] of R89 on B.Cu
    @(31.0200 mm, 49.6714 mm): Track [/power/U6_TS] on F.Cu, length 1.6214 mm
[unconnected_items]: Missing connection between items
    Local override; error
    @(40.0625 mm, 13.9950 mm): Pad 2 [/power/U6_TS] of R88 on B.Cu
    @(23.3875 mm, 14.4950 mm): Pad 1 [/power/U6_TS] of R89 on B.Cu
[unconnected_items]: Missing connection between items
    Local override; error
    @(31.5000 mm, 36.7750 mm): Pad 1 [/mcu/3V3A] of C7 on F.Cu
    @(30.2500 mm, 26.1900 mm): Pad 9 [/mcu/3V3A] of U2 on F.Cu
[unconnected_items]: Missing connection between items
    Local override; error
    @(7.5000 mm, 21.0000 mm): PTH pad 4 [/io/CANH] of J1
    @(33.9500 mm, 48.4500 mm): Pad 1 [/io/CANH] of L2 on F.Cu
[unconnected_items]: Missing connection between items
    Local override; error
    @(35.5656 mm, 48.4500 mm): Track [/io/CANH] on F.Cu, length 0.8644 mm
    @(38.0500 mm, 43.9450 mm): Pad 1 [/io/CANH] of D3 on F.Cu
[unconnected_items]: Missing connection between items
    Local override; error
    @(25.9000 mm, 30.7000 mm): Pad 5 [SPI1_MOSI] of U7 on F.Cu
    @(33.1100 mm, 22.8300 mm): Pad 17 [SPI1_MOSI] of U2 on F.Cu
[unconnected_items]: Missing connection between items
    Local override; error
    @(24.6300 mm, 30.7000 mm): Pad 6 [SPI1_SCK] of U7 on F.Cu
    @(33.1100 mm, 23.8300 mm): Pad 15 [SPI1_SCK] of U2 on F.Cu
[unconnected_items]: Missing connection between items
    Local override; error
    @(50.1700 mm, 45.6270 mm): Pad C7 [/modem_rf/SIM_DATA] of X1 on F.Cu
    @(65.1750 mm, 53.3500 mm): Pad 3 [/modem_rf/SIM_DATA] of X2 on F.Cu
[unconnected_items]: Missing connection between items
    Local override; error
    @(55.2500 mm, 5.1950 mm): Pad 1 [/modem_rf/SIM_DATA] of D14 on F.Cu
    @(48.8125 mm, 1.9950 mm): Pad 2 [/modem_rf/SIM_DATA] of R66 on B.Cu
[unconnected_items]: Missing connection between items
    Local override; error
    @(55.2500 mm, 5.1950 mm): Pad 1 [/modem_rf/SIM_DATA] of D14 on F.Cu
    @(50.1700 mm, 45.6270 mm): Pad C7 [/modem_rf/SIM_DATA] of X1 on F.Cu
[unconnected_items]: Missing connection between items
    Local override; error
    @(28.2300 mm, 47.2500 mm): Pad 6 [/power/U6_OTG] of U6 on F.Cu
    @(37.8875 mm, 13.9950 mm): Pad 1 [/power/U6_OTG] of R87 on B.Cu
[unconnected_items]: Missing connection between items
    Local override; error
    @(27.3875 mm, 12.4950 mm): Pad 1 [/power/U6_ILIM] of R86 on B.Cu
    @(29.5200 mm, 48.0500 mm): Pad 8 [/power/U6_ILIM] of U6 on F.Cu
[unconnected_items]: Missing connection between items
    Local override; error
    @(23.3875 mm, 11.9950 mm): Pad 1 [/power/U6_ICHG] of R85 on B.Cu
    @(30.5200 mm, 48.0500 mm): Pad 10 [/power/U6_ICHG] of U6 on F.Cu
[unconnected_items]: Missing connection between items
    Local override; error
    @(25.5675 mm, 9.5800 mm): Pad 2 [/power/SYS] of L3 on B.Cu
    @(23.4450 mm, 4.5250 mm): Pad 1 [/power/SYS] of C66 on B.Cu
[unconnected_items]: Missing connection between items
    Local override; error
    @(25.5675 mm, 9.5800 mm): Pad 2 [/power/SYS] of L3 on B.Cu
    @(25.2950 mm, 16.8875 mm): Pad 3 [/power/SYS] of U9 on B.Cu
[unconnected_items]: Missing connection between items
    Local override; error
    @(27.1950 mm, 16.8875 mm): Pad 1 [/power/SYS] of U9 on B.Cu
    @(25.2950 mm, 16.8875 mm): Pad 3 [/power/SYS] of U9 on B.Cu
[unconnected_items]: Missing connection between items
    Local override; error
    @(27.1950 mm, 16.8875 mm): Pad 1 [/power/SYS] of U9 on B.Cu
    @(32.3100 mm, 45.7500 mm): Track [/power/SYS] on F.Cu, length 0.7017 mm
[unconnected_items]: Missing connection between items
    Local override; error
    @(38.4450 mm, 2.0250 mm): Pad 1 [/power/SYS] of C65 on B.Cu
    @(25.5675 mm, 9.5800 mm): Pad 2 [/power/SYS] of L3 on B.Cu
[unconnected_items]: Missing connection between items
    Local override; error
    @(42.0500 mm, 2.2750 mm): Pad 1 [/power/SYS] of C68 on B.Cu
    @(38.4450 mm, 2.0250 mm): Pad 1 [/power/SYS] of C65 on B.Cu
[unconnected_items]: Missing connection between items
    Local override; error
    @(27.9075 mm, 9.5800 mm): Pad 1 [/power/SW_CHG] of L3 on B.Cu
    @(31.0200 mm, 43.2483 mm): Track [/power/SW_CHG] on F.Cu, length 0.5000 mm
[unconnected_items]: Missing connection between items
    Local override; error
    @(33.0000 mm, 2.2750 mm): Pad 2 [/power/SW_CHG] of C64 on B.Cu
    @(27.9075 mm, 9.5800 mm): Pad 1 [/power/SW_CHG] of L3 on B.Cu
[unconnected_items]: Missing connection between items
    Local override; error
    @(30.5200 mm, 43.9500 mm): Pad 21 [/power/U6_BTST] of U6 on F.Cu
    @(34.5500 mm, 2.2750 mm): Pad 1 [/power/U6_BTST] of C64 on B.Cu
[unconnected_items]: Missing connection between items
    Local override; error
    @(30.0200 mm, 43.9500 mm): Pad 22 [/power/REGN] of U6 on F.Cu
    @(41.8875 mm, 13.9950 mm): Pad 1 [/power/REGN] of R88 on B.Cu
[unconnected_items]: Missing connection between items
    Local override; error
    @(41.8875 mm, 13.9950 mm): Pad 1 [/power/REGN] of R88 on B.Cu
    @(30.9450 mm, 2.0250 mm): Pad 1 [/power/REGN] of C63 on B.Cu
[unconnected_items]: Missing connection between items
    Local override; error
    @(26.9450 mm, 2.0250 mm): Pad 1 [/power/PMID] of C62 on B.Cu
    @(29.5200 mm, 43.9500 mm): Pad 23 [/power/PMID] of U6 on F.Cu
[unconnected_items]: Missing connection between items
    Local override; error
    @(27.7500 mm, 26.1900 mm): Pad 4 [/mcu/OSC32_OUT] of U2 on F.Cu
    @(28.0000 mm, 36.2750 mm): Pad 1 [/mcu/OSC32_OUT] of C4 on F.Cu
[unconnected_items]: Missing connection between items
    Local override; error
    @(38.5450 mm, 16.6950 mm): Pad 2 [/mcu/OSC32_OUT] of Y2 on B.Cu
    @(27.7500 mm, 26.1900 mm): Pad 4 [/mcu/OSC32_OUT] of U2 on F.Cu
[unconnected_items]: Missing connection between items
    Local override; error
    @(45.4500 mm, 35.1000 mm): Pad 13 [/modem_rf/USIM_DET] of U1 on F.Cu
    @(56.1900 mm, 45.6270 mm): Pad CD [/modem_rf/USIM_DET] of X1 on F.Cu
[unconnected_items]: Missing connection between items
    Local override; error
    @(56.7173 mm, 2.2654 mm): Track [/modem_rf/USIM_VDD] on PWR_L3, length 8.0582 mm
    @(53.4500 mm, 4.5450 mm): Pad 5 [/modem_rf/USIM_VDD] of D14 on F.Cu
[unconnected_items]: Missing connection between items
    Local override; error
    @(25.5625 mm, 32.4950 mm): Pad 2 [/io/Q1_G] of R23 on B.Cu
    @(14.6000 mm, 49.8500 mm): Pad 1 [/io/Q1_G] of Q1 on F.Cu
[unconnected_items]: Missing connection between items
    Local override; error
    @(35.3875 mm, 32.4950 mm): Pad 1 [/io/Q1_G] of R25 on B.Cu
    @(25.5625 mm, 32.4950 mm): Pad 2 [/io/Q1_G] of R23 on B.Cu
[unconnected_items]: Missing connection between items
    Local override; error
    @(28.5000 mm, 53.9900 mm): Pad 14 [/mcu/I2C1_SDA] of U3 on F.Cu
    @(30.5625 mm, 47.4950 mm): Pad 2 [/mcu/I2C1_SDA] of R8 on B.Cu
[unconnected_items]: Missing connection between items
    Local override; error
    @(30.5625 mm, 47.4950 mm): Pad 2 [/mcu/I2C1_SDA] of R8 on B.Cu
    @(24.8900 mm, 22.3300 mm): Pad 43 [/mcu/I2C1_SDA] of U2 on F.Cu
[unconnected_items]: Missing connection between items
    Local override; error
    @(36.0450 mm, 16.6950 mm): Pad 1 [/mcu/OSC32_IN] of Y2 on B.Cu
    @(27.3689 mm, 24.5020 mm): Track [/mcu/OSC32_IN] on F.Cu, length 0.1681 mm
[unconnected_items]: Missing connection between items
    Local override; error
    @(26.6869 mm, 35.6956 mm): Track [/io/VIN_SENSE] on B.Cu, length 0.4898 mm
    @(2.2000 mm, 20.1875 mm): Pad 2 [/io/VIN_SENSE] of R32 on F.Cu
[unconnected_items]: Missing connection between items
    Local override; error
    @(28.0000 mm, 34.2750 mm): Track [/io/VIN_SENSE] on F.Cu, length 0.5973 mm
    @(40.6625 mm, 39.2450 mm): Pad 3 [/io/VIN_SENSE] of D10 on F.Cu
[unconnected_items]: Missing connection between items
    Local override; error
    @(31.0882 mm, 40.7600 mm): Track [/io/IGN_SENSE] on GND_L2, length 6.5926 mm
    @(2.2000 mm, 33.8375 mm): Pad 2 [/io/IGN_SENSE] of R35 on F.Cu
[unconnected_items]: Missing connection between items
    Local override; error
    @(45.4500 mm, 24.2000 mm): Pad 7 [/modem_rf/VDD_EXT_1V8] of U1 on F.Cu
    @(53.5169 mm, 1.0081 mm): Track [/modem_rf/VDD_EXT_1V8] on F.Cu, length 1.7917 mm
[unconnected_items]: Missing connection between items
    Local override; error
    @(45.4500 mm, 24.2000 mm): Pad 7 [/modem_rf/VDD_EXT_1V8] of U1 on F.Cu
    @(65.8125 mm, 59.9950 mm): Pad 1 [/modem_rf/VDD_EXT_1V8] of R63 on F.Cu
[unconnected_items]: Missing connection between items
    Local override; error
    @(31.8875 mm, 10.4950 mm): Pad 1 [/power/U5_VCC] of R81 on B.Cu
    @(36.4000 mm, 12.1000 mm): Pad 1 [/power/U5_VCC] of U5 on F.Cu
[unconnected_items]: Missing connection between items
    Local override; error
    @(36.4000 mm, 12.1000 mm): Pad 1 [/power/U5_VCC] of U5 on F.Cu
    @(42.0500 mm, 4.2750 mm): Pad 1 [/power/U5_VCC] of C75 on B.Cu
[unconnected_items]: Missing connection between items
    Local override; error
    @(30.0625 mm, 10.4950 mm): Pad 2 [/power/U5_EN] of R81 on B.Cu
    @(37.6700 mm, 12.1000 mm): Pad 2 [/power/U5_EN] of U5 on F.Cu
[unconnected_items]: Missing connection between items
    Local override; error
    @(36.0625 mm, 11.4950 mm): Pad 2 [/power/U5_FB] of R83 on B.Cu
    @(40.2100 mm, 12.1000 mm): Pad 4 [/power/U5_FB] of U5 on F.Cu
[unconnected_items]: Missing connection between items
    Local override; error
    @(40.2100 mm, 12.1000 mm): Pad 4 [/power/U5_FB] of U5 on F.Cu
    @(41.8875 mm, 11.4950 mm): Pad 1 [/power/U5_FB] of R84 on B.Cu
[unconnected_items]: Missing connection between items
    Local override; error
    @(78.0000 mm, 22.9000 mm): Track [/modem_rf/ANT_MAIN_M] on F.Cu, length 0.6675 mm
    @(78.8300 mm, 21.9100 mm): Track [/modem_rf/ANT_MAIN_M] on F.Cu, length 0.8700 mm
[unconnected_items]: Missing connection between items
    Local override; error
    @(31.2500 mm, 17.9700 mm): Pad 26 [DI2] of U2 on F.Cu
    @(31.3698 mm, 25.0599 mm): Track [DI2] on GND_L2, length 12.5664 mm
[unconnected_items]: Missing connection between items
    Local override; error
    @(31.5000 mm, 32.7750 mm): Track [DI2] on F.Cu, length 1.1305 mm
    @(29.1100 mm, 43.4500 mm): Pad 4 [DI2] of OK2 on B.Cu
[unconnected_items]: Missing connection between items
    Local override; error
    @(72.2925 mm, 47.0100 mm): Pad 2 [/modem_rf/GNSS_BIAS] of R90 on F.Cu
    @(74.7300 mm, 47.3400 mm): Pad 1 [/modem_rf/GNSS_BIAS] of C85 on F.Cu
[unconnected_items]: Missing connection between items
    Local override; error
    @(74.7300 mm, 47.3400 mm): Pad 1 [/modem_rf/GNSS_BIAS] of C85 on F.Cu
    @(76.1500 mm, 45.5700 mm): Pad 1 [/modem_rf/GNSS_BIAS] of C83 on F.Cu
[unconnected_items]: Missing connection between items
    Local override; error
    @(76.1500 mm, 45.5700 mm): Pad 1 [/modem_rf/GNSS_BIAS] of C83 on F.Cu
    @(80.7850 mm, 38.0000 mm): Pad 2 [/modem_rf/GNSS_BIAS] of L4 on F.Cu
[unconnected_items]: Missing connection between items
    Local override; error
    @(78.5500 mm, 27.0500 mm): Via [/modem_rf/ANT_GNSS_M] on F.Cu - B.Cu
    @(78.6000 mm, 28.4335 mm): Track [/modem_rf/ANT_GNSS_M] on F.Cu, length 0.1119 mm
[unconnected_items]: Missing connection between items
    Local override; error
    @(38.8300 mm, 26.1500 mm): Pad 3 [/modem_rf/MTXD_1V8] of U8 on F.Cu
    @(57.9500 mm, 14.9500 mm): Pad 67 [/modem_rf/MTXD_1V8] of U1 on F.Cu
[unconnected_items]: Missing connection between items
    Local override; error
    @(45.2975 mm, 4.7962 mm): Pad 1 [/modem_rf/USB_VBUS] of TP17 on B.Cu
    @(52.7500 mm, 14.9500 mm): Pad 71 [/modem_rf/USB_VBUS] of U1 on F.Cu
[unconnected_items]: Missing connection between items
    Local override; error
    @(52.7500 mm, 14.9500 mm): Pad 71 [/modem_rf/USB_VBUS] of U1 on F.Cu
    @(63.0050 mm, 4.0360 mm): Pad 5 [/modem_rf/USB_VBUS] of D15 on F.Cu
[unconnected_items]: Missing connection between items
    Local override; error
    @(26.2500 mm, 26.1900 mm): Pad 1 [/mcu/VBAT_MCU] of U2 on F.Cu
    @(21.5625 mm, 34.9950 mm): Pad 2 [/mcu/VBAT_MCU] of R3 on B.Cu
[unconnected_items]: Missing connection between items
    Local override; error
    @(38.5000 mm, 36.2750 mm): Pad 1 [/mcu/VBAT_MCU] of C6 on F.Cu
    @(26.2500 mm, 26.1900 mm): Pad 1 [/mcu/VBAT_MCU] of U2 on F.Cu
[unconnected_items]: Missing connection between items
    Local override; error
    @(31.7500 mm, 17.9700 mm): Pad 25 [DI1] of U2 on F.Cu
    @(38.1885 mm, 30.9950 mm): Track [DI1] on B.Cu, length 0.3960 mm
[unconnected_items]: Missing connection between items
    Local override; error
    @(30.7500 mm, 17.9700 mm): Pad 27 [DO1_GATE] of U2 on F.Cu
    @(36.8875 mm, 38.4950 mm): Track [DO1_GATE] on B.Cu, length 1.4383 mm
[unconnected_items]: Missing connection between items
    Local override; error
    @(39.0474 mm, 42.2406 mm): Track [DO2_GATE] on GND_L2, length 4.7906 mm
    @(30.2500 mm, 17.9700 mm): Pad 28 [DO2_GATE] of U2 on F.Cu
[unconnected_items]: Missing connection between items
    Local override; error
    @(29.7500 mm, 17.9700 mm): Pad 29 [MODEM_PWRKEY] of U2 on F.Cu
    @(76.8125 mm, 51.9950 mm): Pad 1 [MODEM_PWRKEY] of R55 on F.Cu
[unconnected_items]: Missing connection between items
    Local override; error
    @(38.1800 mm, 20.5500 mm): Track [MODEM_TX] on F.Cu, length 1.1517 mm
    @(29.2500 mm, 17.9700 mm): Pad 30 [MODEM_TX] of U2 on F.Cu
[unconnected_items]: Missing connection between items
    Local override; error
    @(38.8300 mm, 20.5500 mm): Pad 12 [MODEM_RX] of U8 on F.Cu
    @(28.7500 mm, 17.9700 mm): Pad 31 [MODEM_RX] of U2 on F.Cu
[unconnected_items]: Missing connection between items
    Local override; error
    @(28.2500 mm, 17.9700 mm): Pad 32 [MODEM_RI] of U2 on F.Cu
    @(39.4800 mm, 20.5500 mm): Pad 11 [MODEM_RI] of U8 on F.Cu
[unconnected_items]: Missing connection between items
    Local override; error
    @(27.7500 mm, 17.9700 mm): Pad 33 [MODEM_DTR] of U2 on F.Cu
    @(40.1300 mm, 20.5500 mm): Pad 10 [MODEM_DTR] of U8 on F.Cu
[unconnected_items]: Missing connection between items
    Local override; error
    @(27.2500 mm, 17.9700 mm): Pad 34 [/mcu/SWDIO] of U2 on F.Cu
    @(41.0475 mm, 48.2962 mm): Pad 1 [/mcu/SWDIO] of TP1 on F.Cu
[unconnected_items]: Missing connection between items
    Local override; error
    @(24.8900 mm, 19.3300 mm): Pad 37 [/mcu/SWCLK] of U2 on F.Cu
    @(41.0475 mm, 51.2962 mm): Pad 1 [/mcu/SWCLK] of TP2 on F.Cu
[unconnected_items]: Missing connection between items
    Local override; error
    @(28.7875 mm, 49.7950 mm): Pad 1 [/mcu/NSL_BASE] of Q4 on F.Cu
    @(30.5625 mm, 44.9950 mm): Pad 2 [/mcu/NSL_BASE] of R5 on B.Cu
[unconnected_items]: Missing connection between items
    Local override; error
    @(29.5625 mm, 32.4950 mm): Pad 2 [/io/Q2_G] of R24 on B.Cu
    @(15.0000 mm, 54.7500 mm): Pad 1 [/io/Q2_G] of Q2 on F.Cu
[unconnected_items]: Missing connection between items
    Local override; error
    @(39.3875 mm, 33.4950 mm): Pad 1 [/io/Q2_G] of R26 on B.Cu
    @(29.5625 mm, 32.4950 mm): Pad 2 [/io/Q2_G] of R24 on B.Cu
[unconnected_items]: Missing connection between items
    Local override; error
    @(30.7875 mm, 29.2450 mm): Pad 3 [/io/DO2_X] of Q7 on B.Cu
    @(34.5625 mm, 43.4950 mm): Pad 2 [/io/DO2_X] of R48 on B.Cu
[unconnected_items]: Missing connection between items
    Local override; error
    @(37.1625 mm, 28.2950 mm): Pad 1 [/io/DO2_X] of Q8 on B.Cu
    @(30.7875 mm, 29.2450 mm): Pad 3 [/io/DO2_X] of Q7 on B.Cu
[unconnected_items]: Missing connection between items
    Local override; error
    @(31.3875 mm, 32.4950 mm): Pad 1 [/io/DO2_DRV] of R24 on B.Cu
    @(35.2875 mm, 29.7282 mm): Track [/io/DO2_DRV] on B.Cu, length 3.2074 mm

** Found 0 Footprint errors **

** Ignored checks **
    - Footprint has no courtyard defined
    - Track endpoint not centered on via
    - Tuning profile track geometries
    - Footprint doesn't match symbol's footprint filters
    - Footprint component type doesn't match footprint pads

** End of Report **
