** Drc report for telematics-tracker.kicad_pcb **
** Created on 2026-09-08T02:48:18 **
** Report includes: Errors **

** Found 1 DRC violations **
[shorting_items]: Items shorting two nets (nets /mcu/BOOT0 and /mcu/VBAT_MCU)
    Local override; error
    @(22.0457 mm, 25.1423 mm): Track [/mcu/BOOT0] on GND_L2, length 10.5383 mm
    @(22.0500 mm, 34.7500 mm): Via [/mcu/VBAT_MCU] on F.Cu - B.Cu

** Found 182 unconnected pads **
[unconnected_items]: Missing connection between items
    Local override; error
    @(22.3200 mm, 46.2700 mm): Pad 1 [CAN1_TX] of U4 on F.Cu
    @(24.8900 mm, 23.8300 mm): Pad 46 [CAN1_TX] of U2 on F.Cu
[unconnected_items]: Missing connection between items
    Local override; error
    @(0.6500 mm, 0.6500 mm): Zone 'F_GND' [GND] on F.Cu, priority 0
    @(0.6500 mm, 0.6500 mm): Zone 'B_GND' [GND] on B.Cu, priority 0
[unconnected_items]: Missing connection between items
    Local override; error
    @(0.6500 mm, 0.6500 mm): Zone 'B_GND' [GND] on B.Cu, priority 0
    @(0.6500 mm, 0.6500 mm): Zone 'F_GND' [GND] on F.Cu, priority 0
[unconnected_items]: Missing connection between items
    Local override; error
    @(0.6500 mm, 0.6500 mm): Zone 'F_GND' [GND] on F.Cu, priority 0
    @(0.6500 mm, 0.6500 mm): Zone 'B_GND' [GND] on B.Cu, priority 0
[unconnected_items]: Missing connection between items
    Local override; error
    @(0.6500 mm, 0.6500 mm): Zone 'B_GND' [GND] on B.Cu, priority 0
    @(0.6500 mm, 0.6500 mm): Zone 'F_GND' [GND] on F.Cu, priority 0
[unconnected_items]: Missing connection between items
    Local override; error
    @(0.6500 mm, 0.6500 mm): Zone 'F_GND' [GND] on F.Cu, priority 0
    @(24.8900 mm, 24.3300 mm): Pad 47 [GND] of U2 on F.Cu
[unconnected_items]: Missing connection between items
    Local override; error
    @(0.6500 mm, 0.6500 mm): Zone 'F_GND' [GND] on F.Cu, priority 0
    @(0.6500 mm, 0.6500 mm): Zone 'B_GND' [GND] on B.Cu, priority 0
[unconnected_items]: Missing connection between items
    Local override; error
    @(26.7500 mm, 17.9700 mm): Pad 35 [GND] of U2 on F.Cu
    @(26.2450 mm, 16.8875 mm): Pad 2 [GND] of U9 on B.Cu
[unconnected_items]: Missing connection between items
    Local override; error
    @(0.6500 mm, 0.6500 mm): Zone 'F_GND' [GND] on F.Cu, priority 0
    @(0.6500 mm, 0.6500 mm): Zone 'B_GND' [GND] on B.Cu, priority 0
[unconnected_items]: Missing connection between items
    Local override; error
    @(0.6500 mm, 0.6500 mm): Zone 'B_GND' [GND] on B.Cu, priority 0
    @(0.6500 mm, 0.6500 mm): Zone 'F_GND' [GND] on F.Cu, priority 0
[unconnected_items]: Missing connection between items
    Local override; error
    @(0.6500 mm, 0.6500 mm): Zone 'F_GND' [GND] on F.Cu, priority 0
    @(0.6500 mm, 0.6500 mm): Zone 'F_GND' [GND] on F.Cu, priority 0
[unconnected_items]: Missing connection between items
    Local override; error
    @(0.6500 mm, 0.6500 mm): Zone 'B_GND' [GND] on B.Cu, priority 0
    @(0.6500 mm, 0.6500 mm): Zone 'F_GND' [GND] on F.Cu, priority 0
[unconnected_items]: Missing connection between items
    Local override; error
    @(0.6500 mm, 0.6500 mm): Zone 'F_GND' [GND] on F.Cu, priority 0
    @(0.6500 mm, 0.6500 mm): Zone 'B_GND' [GND] on B.Cu, priority 0
[unconnected_items]: Missing connection between items
    Local override; error
    @(0.6500 mm, 0.6500 mm): Zone 'F_GND' [GND] on F.Cu, priority 0
    @(0.6500 mm, 0.6500 mm): Zone 'F_GND' [GND] on F.Cu, priority 0
[unconnected_items]: Missing connection between items
    Local override; error
    @(0.6500 mm, 0.6500 mm): Zone 'B_GND' [GND] on B.Cu, priority 0
    @(0.6500 mm, 0.6500 mm): Zone 'F_GND' [GND] on F.Cu, priority 0
[unconnected_items]: Missing connection between items
    Local override; error
    @(29.5000 mm, 56.0100 mm): Pad 7 [GND] of U3 on F.Cu
    @(29.0000 mm, 56.0100 mm): Pad 6 [GND] of U3 on F.Cu
[unconnected_items]: Missing connection between items
    Local override; error
    @(0.6500 mm, 0.6500 mm): Zone 'B_GND' [GND] on B.Cu, priority 0
    @(0.6500 mm, 0.6500 mm): Zone 'F_GND' [GND] on F.Cu, priority 0
[unconnected_items]: Missing connection between items
    Local override; error
    @(0.6500 mm, 0.6500 mm): Zone 'F_GND' [GND] on F.Cu, priority 0
    @(29.7500 mm, 26.1900 mm): Pad 8 [GND] of U2 on F.Cu
[unconnected_items]: Missing connection between items
    Local override; error
    @(30.0200 mm, 48.0500 mm): Pad 9 [GND] of U6 on F.Cu
    @(0.6500 mm, 0.6500 mm): Zone 'F_GND' [GND] on F.Cu, priority 0
[unconnected_items]: Missing connection between items
    Local override; error
    @(0.6500 mm, 0.6500 mm): Zone 'B_GND' [GND] on B.Cu, priority 0
    @(0.6500 mm, 0.6500 mm): Zone 'F_GND' [GND] on F.Cu, priority 0
[unconnected_items]: Missing connection between items
    Local override; error
    @(0.6500 mm, 0.6500 mm): Zone 'B_GND' [GND] on B.Cu, priority 0
    @(0.6500 mm, 0.6500 mm): Zone 'F_GND' [GND] on F.Cu, priority 0
[unconnected_items]: Missing connection between items
    Local override; error
    @(0.6500 mm, 0.6500 mm): Zone 'F_GND' [GND] on F.Cu, priority 0
    @(0.6500 mm, 0.6500 mm): Zone 'B_GND' [GND] on B.Cu, priority 0
[unconnected_items]: Missing connection between items
    Local override; error
    @(30.9950 mm, 57.4450 mm): Pad 4 [GND] of Y1 on B.Cu
    @(29.5000 mm, 56.0100 mm): Pad 7 [GND] of U3 on F.Cu
[unconnected_items]: Missing connection between items
    Local override; error
    @(0.6500 mm, 0.6500 mm): Zone 'F_GND' [GND] on F.Cu, priority 0
    @(0.6500 mm, 0.6500 mm): Zone 'B_GND' [GND] on B.Cu, priority 0
[unconnected_items]: Missing connection between items
    Local override; error
    @(0.6500 mm, 0.6500 mm): Zone 'F_GND' [GND] on F.Cu, priority 0
    @(0.6500 mm, 0.6500 mm): Zone 'B_GND' [GND] on B.Cu, priority 0
[unconnected_items]: Missing connection between items
    Local override; error
    @(0.6500 mm, 0.6500 mm): Zone 'F_GND' [GND] on F.Cu, priority 0
    @(32.3100 mm, 45.2500 mm): Pad 17 [GND] of U6 on F.Cu
[unconnected_items]: Missing connection between items
    Local override; error
    @(0.6500 mm, 0.6500 mm): Zone 'F_GND' [GND] on F.Cu, priority 0
    @(0.6500 mm, 0.6500 mm): Zone 'B_GND' [GND] on B.Cu, priority 0
[unconnected_items]: Missing connection between items
    Local override; error
    @(0.6500 mm, 0.6500 mm): Zone 'F_GND' [GND] on F.Cu, priority 0
    @(0.6500 mm, 0.6500 mm): Zone 'F_GND' [GND] on F.Cu, priority 0
[unconnected_items]: Missing connection between items
    Local override; error
    @(0.6500 mm, 0.6500 mm): Zone 'F_GND' [GND] on F.Cu, priority 0
    @(0.6500 mm, 0.6500 mm): Zone 'F_GND' [GND] on F.Cu, priority 0
[unconnected_items]: Missing connection between items
    Local override; error
    @(0.6500 mm, 0.6500 mm): Zone 'F_GND' [GND] on F.Cu, priority 0
    @(0.6500 mm, 0.6500 mm): Zone 'F_GND' [GND] on F.Cu, priority 0
[unconnected_items]: Missing connection between items
    Local override; error
    @(0.6500 mm, 0.6500 mm): Zone 'B_GND' [GND] on B.Cu, priority 0
    @(0.6500 mm, 0.6500 mm): Zone 'F_GND' [GND] on F.Cu, priority 0
[unconnected_items]: Missing connection between items
    Local override; error
    @(36.0625 mm, 13.9950 mm): Pad 2 [GND] of R87 on B.Cu
    @(33.1100 mm, 19.8300 mm): Pad 23 [GND] of U2 on F.Cu
[unconnected_items]: Missing connection between items
    Local override; error
    @(0.6500 mm, 0.6500 mm): Zone 'F_GND' [GND] on F.Cu, priority 0
    @(0.6500 mm, 0.6500 mm): Zone 'F_GND' [GND] on F.Cu, priority 0
[unconnected_items]: Missing connection between items
    Local override; error
    @(0.6500 mm, 0.6500 mm): Zone 'B_GND' [GND] on B.Cu, priority 0
    @(0.6500 mm, 0.6500 mm): Zone 'F_GND' [GND] on F.Cu, priority 0
[unconnected_items]: Missing connection between items
    Local override; error
    @(0.6500 mm, 0.6500 mm): Zone 'B_GND' [GND] on B.Cu, priority 0
    @(0.6500 mm, 0.6500 mm): Zone 'F_GND' [GND] on F.Cu, priority 0
[unconnected_items]: Missing connection between items
    Local override; error
    @(0.6500 mm, 0.6500 mm): Zone 'F_GND' [GND] on F.Cu, priority 0
    @(0.6500 mm, 0.6500 mm): Zone 'B_GND' [GND] on B.Cu, priority 0
[unconnected_items]: Missing connection between items
    Local override; error
    @(0.6500 mm, 0.6500 mm): Zone 'F_GND' [GND] on F.Cu, priority 0
    @(0.6500 mm, 0.6500 mm): Zone 'B_GND' [GND] on B.Cu, priority 0
[unconnected_items]: Missing connection between items
    Local override; error
    @(0.6500 mm, 0.6500 mm): Zone 'F_GND' [GND] on F.Cu, priority 0
    @(0.6500 mm, 0.6500 mm): Zone 'B_GND' [GND] on B.Cu, priority 0
[unconnected_items]: Missing connection between items
    Local override; error
    @(41.8600 mm, 26.1500 mm): Pad 7 [GND] of U8 on F.Cu
    @(0.6500 mm, 0.6500 mm): Zone 'F_GND' [GND] on F.Cu, priority 0
[unconnected_items]: Missing connection between items
    Local override; error
    @(0.6500 mm, 0.6500 mm): Zone 'F_GND' [GND] on F.Cu, priority 0
    @(0.6500 mm, 0.6500 mm): Zone 'L2_GND_solid' [GND] on GND_L2, priority 0
[unconnected_items]: Missing connection between items
    Local override; error
    @(0.6500 mm, 0.6500 mm): Zone 'F_GND' [GND] on F.Cu, priority 0
    @(0.6500 mm, 0.6500 mm): Zone 'B_GND' [GND] on B.Cu, priority 0
[unconnected_items]: Missing connection between items
    Local override; error
    @(0.6500 mm, 0.6500 mm): Zone 'L2_GND_solid' [GND] on GND_L2, priority 0
    @(0.6500 mm, 0.6500 mm): Zone 'F_GND' [GND] on F.Cu, priority 0
[unconnected_items]: Missing connection between items
    Local override; error
    @(0.6500 mm, 0.6500 mm): Zone 'F_GND' [GND] on F.Cu, priority 0
    @(55.2500 mm, 4.5450 mm): Pad 2 [GND] of D14 on F.Cu
[unconnected_items]: Missing connection between items
    Local override; error
    @(0.6500 mm, 0.6500 mm): Zone 'F_GND' [GND] on F.Cu, priority 0
    @(0.6500 mm, 0.6500 mm): Zone 'F_GND' [GND] on F.Cu, priority 0
[unconnected_items]: Missing connection between items
    Local override; error
    @(55.2500 mm, 4.5450 mm): Pad 2 [GND] of D14 on F.Cu
    @(0.6500 mm, 0.6500 mm): Zone 'F_GND' [GND] on F.Cu, priority 0
[unconnected_items]: Missing connection between items
    Local override; error
    @(0.6500 mm, 0.6500 mm): Zone 'F_GND' [GND] on F.Cu, priority 0
    @(0.6500 mm, 0.6500 mm): Zone 'F_GND' [GND] on F.Cu, priority 0
[unconnected_items]: Missing connection between items
    Local override; error
    @(0.6500 mm, 0.6500 mm): Zone 'F_GND' [GND] on F.Cu, priority 0
    @(62.6350 mm, 53.3500 mm): Pad 1 [GND] of X2 on F.Cu
[unconnected_items]: Missing connection between items
    Local override; error
    @(62.6350 mm, 53.3500 mm): Pad 1 [GND] of X2 on F.Cu
    @(0.6500 mm, 0.6500 mm): Zone 'F_GND' [GND] on F.Cu, priority 0
[unconnected_items]: Missing connection between items
    Local override; error
    @(0.6500 mm, 0.6500 mm): Zone 'F_GND' [GND] on F.Cu, priority 0
    @(0.6500 mm, 0.6500 mm): Zone 'F_GND' [GND] on F.Cu, priority 0
[unconnected_items]: Missing connection between items
    Local override; error
    @(0.6500 mm, 0.6500 mm): Zone 'F_GND' [GND] on F.Cu, priority 0
    @(0.6500 mm, 0.6500 mm): Zone 'F_GND' [GND] on F.Cu, priority 0
[unconnected_items]: Missing connection between items
    Local override; error
    @(22.2000 mm, 9.8600 mm): Pad 2 [5V0] of L1 on F.Cu
    @(22.0475 mm, 18.7962 mm): Pad 1 [5V0] of TP19 on F.Cu
[unconnected_items]: Missing connection between items
    Local override; error
    @(23.4450 mm, 7.0250 mm): Pad 1 [5V0] of C77 on B.Cu
    @(27.4450 mm, 7.0250 mm): Pad 1 [5V0] of C78 on B.Cu
[unconnected_items]: Missing connection between items
    Local override; error
    @(23.4450 mm, 7.0250 mm): Pad 1 [5V0] of C77 on B.Cu
    @(23.0500 mm, 2.2750 mm): Pad 1 [5V0] of C61 on B.Cu
[unconnected_items]: Missing connection between items
    Local override; error
    @(23.4450 mm, 9.5250 mm): Pad 1 [5V0] of C79 on B.Cu
    @(22.2000 mm, 9.8600 mm): Pad 2 [5V0] of L1 on F.Cu
[unconnected_items]: Missing connection between items
    Local override; error
    @(23.4450 mm, 9.5250 mm): Pad 1 [5V0] of C79 on B.Cu
    @(23.4450 mm, 7.0250 mm): Pad 1 [5V0] of C77 on B.Cu
[unconnected_items]: Missing connection between items
    Local override; error
    @(24.8600 mm, 46.2700 mm): Pad 3 [5V0] of U4 on F.Cu
    @(28.2300 mm, 44.7500 mm): Pad 1 [5V0] of U6 on F.Cu
[unconnected_items]: Missing connection between items
    Local override; error
    @(28.0000 mm, 32.2750 mm): Pad 1 [5V0] of C23 on F.Cu
    @(22.0475 mm, 18.7962 mm): Pad 1 [5V0] of TP19 on F.Cu
[unconnected_items]: Missing connection between items
    Local override; error
    @(28.2300 mm, 44.7500 mm): Pad 1 [5V0] of U6 on F.Cu
    @(29.0200 mm, 43.9500 mm): Pad 24 [5V0] of U6 on F.Cu
[unconnected_items]: Missing connection between items
    Local override; error
    @(29.0200 mm, 43.9500 mm): Pad 24 [5V0] of U6 on F.Cu
    @(32.8875 mm, 39.9950 mm): Track [5V0] on B.Cu, length 1.4626 mm
[unconnected_items]: Missing connection between items
    Local override; error
    @(31.0500 mm, 6.2750 mm): Pad 1 [5V0] of C80 on B.Cu
    @(27.4450 mm, 7.0250 mm): Pad 1 [5V0] of C78 on B.Cu
[unconnected_items]: Missing connection between items
    Local override; error
    @(33.9217 mm, 38.9608 mm): Track [5V0] on B.Cu, length 0.0135 mm
    @(28.0000 mm, 32.2750 mm): Pad 1 [5V0] of C23 on F.Cu
[unconnected_items]: Missing connection between items
    Local override; error
    @(36.8875 mm, 42.9950 mm): Track [5V0] on B.Cu, length 2.0000 mm
    @(32.8875 mm, 39.9950 mm): Track [5V0] on B.Cu, length 1.4626 mm
[unconnected_items]: Missing connection between items
    Local override; error
    @(37.8875 mm, 11.4950 mm): Pad 1 [5V0] of R83 on B.Cu
    @(31.0500 mm, 6.2750 mm): Pad 1 [5V0] of C80 on B.Cu
[unconnected_items]: Missing connection between items
    Local override; error
    @(40.3875 mm, 43.4950 mm): Pad 1 [5V0] of R49 on B.Cu
    @(36.3875 mm, 43.4950 mm): Track [5V0] on B.Cu, length 0.7071 mm
[unconnected_items]: Missing connection between items
    Local override; error
    @(22.1000 mm, 30.7000 mm): Pad 8 [3V3] of U7 on F.Cu
    @(23.3700 mm, 30.7000 mm): Pad 7 [3V3] of U7 on F.Cu
[unconnected_items]: Missing connection between items
    Local override; error
    @(23.3875 mm, 32.4950 mm): Pad 1 [3V3] of R22 on B.Cu
    @(23.3700 mm, 30.7000 mm): Pad 7 [3V3] of U7 on F.Cu
[unconnected_items]: Missing connection between items
    Local override; error
    @(23.3875 mm, 34.9950 mm): Pad 1 [3V3] of R3 on B.Cu
    @(23.3875 mm, 32.4950 mm): Pad 1 [3V3] of R22 on B.Cu
[unconnected_items]: Missing connection between items
    Local override; error
    @(24.6300 mm, 37.7800 mm): Pad 3 [3V3] of U7 on F.Cu
    @(23.3875 mm, 34.9950 mm): Pad 1 [3V3] of R3 on B.Cu
[unconnected_items]: Missing connection between items
    Local override; error
    @(24.8900 mm, 24.8300 mm): Pad 48 [3V3] of U2 on F.Cu
    @(25.0000 mm, 28.2750 mm): Pad 1 [3V3] of C10 on F.Cu
[unconnected_items]: Missing connection between items
    Local override; error
    @(25.0000 mm, 28.2750 mm): Pad 1 [3V3] of C10 on F.Cu
    @(23.3700 mm, 30.7000 mm): Pad 7 [3V3] of U7 on F.Cu
[unconnected_items]: Missing connection between items
    Local override; error
    @(25.0000 mm, 28.2750 mm): Pad 1 [3V3] of C10 on F.Cu
    @(28.5000 mm, 28.2750 mm): Pad 1 [3V3] of C11 on F.Cu
[unconnected_items]: Missing connection between items
    Local override; error
    @(26.1300 mm, 40.9100 mm): Pad 5 [3V3] of U4 on F.Cu
    @(28.2875 mm, 40.2950 mm): Pad 1 [3V3] of D11 on F.Cu
[unconnected_items]: Missing connection between items
    Local override; error
    @(26.1300 mm, 40.9100 mm): Pad 5 [3V3] of U4 on F.Cu
    @(24.6300 mm, 37.7800 mm): Pad 3 [3V3] of U7 on F.Cu
[unconnected_items]: Missing connection between items
    Local override; error
    @(26.2500 mm, 17.9700 mm): Pad 36 [3V3] of U2 on F.Cu
    @(33.1100 mm, 19.3300 mm): Pad 24 [3V3] of U2 on F.Cu
[unconnected_items]: Missing connection between items
    Local override; error
    @(26.2500 mm, 17.9700 mm): Pad 36 [3V3] of U2 on F.Cu
    @(24.8900 mm, 24.8300 mm): Pad 48 [3V3] of U2 on F.Cu
[unconnected_items]: Missing connection between items
    Local override; error
    @(27.1950 mm, 14.5875 mm): Pad 5 [3V3] of U9 on B.Cu
    @(26.2500 mm, 17.9700 mm): Pad 36 [3V3] of U2 on F.Cu
[unconnected_items]: Missing connection between items
    Local override; error
    @(27.7400 mm, 54.2500 mm): Pad 1 [3V3] of U3 on F.Cu
    @(27.7400 mm, 54.7500 mm): Pad 2 [3V3] of U3 on F.Cu
[unconnected_items]: Missing connection between items
    Local override; error
    @(27.7400 mm, 55.2500 mm): Pad 3 [3V3] of U3 on F.Cu
    @(27.7400 mm, 54.7500 mm): Pad 2 [3V3] of U3 on F.Cu
[unconnected_items]: Missing connection between items
    Local override; error
    @(27.7400 mm, 55.2500 mm): Pad 3 [3V3] of U3 on F.Cu
    @(28.5000 mm, 56.0100 mm): Pad 5 [3V3] of U3 on F.Cu
[unconnected_items]: Missing connection between items
    Local override; error
    @(29.0475 mm, 53.2962 mm): Pad 1 [3V3] of TP6 on B.Cu
    @(29.5000 mm, 53.9900 mm): Pad 12 [3V3] of U3 on F.Cu
[unconnected_items]: Missing connection between items
    Local override; error
    @(29.0475 mm, 53.2962 mm): Pad 1 [3V3] of TP6 on B.Cu
    @(27.7400 mm, 54.2500 mm): Pad 1 [3V3] of U3 on F.Cu
[unconnected_items]: Missing connection between items
    Local override; error
    @(30.2600 mm, 54.7500 mm): Pad 10 [3V3] of U3 on F.Cu
    @(29.5000 mm, 53.9900 mm): Pad 12 [3V3] of U3 on F.Cu
[unconnected_items]: Missing connection between items
    Local override; error
    @(30.2600 mm, 55.7500 mm): Pad 8 [3V3] of U3 on F.Cu
    @(30.2600 mm, 54.7500 mm): Pad 10 [3V3] of U3 on F.Cu
[unconnected_items]: Missing connection between items
    Local override; error
    @(31.0500 mm, 4.2750 mm): Pad 1 [3V3] of C69 on B.Cu
    @(27.1950 mm, 14.5875 mm): Pad 5 [3V3] of U9 on B.Cu
[unconnected_items]: Missing connection between items
    Local override; error
    @(32.0450 mm, 28.5250 mm): Pad 1 [3V3] of C12 on F.Cu
    @(28.5000 mm, 28.2750 mm): Pad 1 [3V3] of C11 on F.Cu
[unconnected_items]: Missing connection between items
    Local override; error
    @(32.3875 mm, 47.4950 mm): Pad 1 [3V3] of R8 on B.Cu
    @(36.3875 mm, 45.9950 mm): Pad 1 [3V3] of R6 on B.Cu
[unconnected_items]: Missing connection between items
    Local override; error
    @(32.3875 mm, 47.4950 mm): Pad 1 [3V3] of R8 on B.Cu
    @(29.0475 mm, 53.2962 mm): Pad 1 [3V3] of TP6 on B.Cu
[unconnected_items]: Missing connection between items
    Local override; error
    @(32.8875 mm, 37.4950 mm): Pad 1 [3V3] of R4 on B.Cu
    @(28.2875 mm, 40.2950 mm): Pad 1 [3V3] of D11 on F.Cu
[unconnected_items]: Missing connection between items
    Local override; error
    @(35.0000 mm, 32.2750 mm): Pad 1 [3V3] of C24 on F.Cu
    @(36.0000 mm, 30.2750 mm): Pad 1 [3V3] of C20 on F.Cu
[unconnected_items]: Missing connection between items
    Local override; error
    @(35.0000 mm, 38.2750 mm): Pad 1 [3V3] of C9 on F.Cu
    @(32.8875 mm, 37.4950 mm): Pad 1 [3V3] of R4 on B.Cu
[unconnected_items]: Missing connection between items
    Local override; error
    @(35.0000 mm, 38.2750 mm): Pad 1 [3V3] of C9 on F.Cu
    @(38.7875 mm, 38.2950 mm): Pad 1 [3V3] of D10 on F.Cu
[unconnected_items]: Missing connection between items
    Local override; error
    @(36.0000 mm, 28.2750 mm): Pad 1 [3V3] of C13 on F.Cu
    @(32.0450 mm, 28.5250 mm): Pad 1 [3V3] of C12 on F.Cu
[unconnected_items]: Missing connection between items
    Local override; error
    @(36.0000 mm, 30.2750 mm): Pad 1 [3V3] of C20 on F.Cu
    @(36.0000 mm, 28.2750 mm): Pad 1 [3V3] of C13 on F.Cu
[unconnected_items]: Missing connection between items
    Local override; error
    @(37.9600 mm, 20.5500 mm): Pad 14 [3V3] of U8 on F.Cu
    @(33.1100 mm, 19.3300 mm): Pad 24 [3V3] of U2 on F.Cu
[unconnected_items]: Missing connection between items
    Local override; error
    @(39.5000 mm, 28.2750 mm): Pad 1 [3V3] of C14 on F.Cu
    @(36.0000 mm, 28.2750 mm): Pad 1 [3V3] of C13 on F.Cu
[unconnected_items]: Missing connection between items
    Local override; error
    @(39.5000 mm, 30.2750 mm): Pad 1 [3V3] of C21 on F.Cu
    @(39.5000 mm, 28.2750 mm): Pad 1 [3V3] of C14 on F.Cu
[unconnected_items]: Missing connection between items
    Local override; error
    @(39.9825 mm, 42.3950 mm): Pad 1 [3V3] of FB1 on F.Cu
    @(38.7875 mm, 38.2950 mm): Pad 1 [3V3] of D10 on F.Cu
[unconnected_items]: Missing connection between items
    Local override; error
    @(40.2950 mm, 45.2950 mm): Pad 1 [3V3] of JP1 on F.Cu
    @(39.9825 mm, 42.3950 mm): Pad 1 [3V3] of FB1 on F.Cu
[unconnected_items]: Missing connection between items
    Local override; error
    @(40.2950 mm, 45.2950 mm): Pad 1 [3V3] of JP1 on F.Cu
    @(36.3875 mm, 45.9950 mm): Pad 1 [3V3] of R6 on B.Cu
[unconnected_items]: Missing connection between items
    Local override; error
    @(40.3875 mm, 45.9950 mm): Pad 1 [3V3] of R7 on B.Cu
    @(40.2950 mm, 45.2950 mm): Pad 1 [3V3] of JP1 on F.Cu
[unconnected_items]: Missing connection between items
    Local override; error
    @(41.3875 mm, 30.9950 mm): Pad 1 [3V3] of R21 on B.Cu
    @(39.5000 mm, 30.2750 mm): Pad 1 [3V3] of C21 on F.Cu
[unconnected_items]: Missing connection between items
    Local override; error
    @(46.6375 mm, 1.9950 mm): Pad 1 [3V3] of R65 on B.Cu
    @(31.0500 mm, 4.2750 mm): Pad 1 [3V3] of C69 on B.Cu
[unconnected_items]: Missing connection between items
    Local override; error
    @(65.7500 mm, 2.2750 mm): Pad 1 [3V3] of C46 on F.Cu
    @(46.6375 mm, 1.9950 mm): Pad 1 [3V3] of R65 on B.Cu
[unconnected_items]: Missing connection between items
    Local override; error
    @(69.3675 mm, 47.0100 mm): Pad 1 [3V3] of R90 on F.Cu
    @(40.3875 mm, 45.9950 mm): Pad 1 [3V3] of R7 on B.Cu
[unconnected_items]: Missing connection between items
    Local override; error
    @(69.8125 mm, 57.4950 mm): Pad 1 [3V3] of R61 on F.Cu
    @(69.3675 mm, 47.0100 mm): Pad 1 [3V3] of R90 on F.Cu
[unconnected_items]: Missing connection between items
    Local override; error
    @(23.6000 mm, 40.9100 mm): Pad 7 [/io/CANH_T] of U4 on F.Cu
    @(34.7973 mm, 52.9731 mm): Track [/io/CANH_T] on F.Cu, length 0.5252 mm
[unconnected_items]: Missing connection between items
    Local override; error
    @(22.3200 mm, 40.9100 mm): Pad 8 [CAN_STB] of U4 on F.Cu
    @(24.8900 mm, 19.8300 mm): Pad 38 [CAN_STB] of U2 on F.Cu
[unconnected_items]: Missing connection between items
    Local override; error
    @(26.0566 mm, 47.8755 mm): Track [SYS] on F.Cu, length 0.0001 mm
    @(35.3875 mm, 34.9950 mm): Pad 1 [SYS] of R38 on B.Cu
[unconnected_items]: Missing connection between items
    Local override; error
    @(35.3875 mm, 34.9950 mm): Pad 1 [SYS] of R38 on B.Cu
    @(52.8125 mm, 10.9950 mm): Pad 1 [SYS] of R52 on F.Cu
[unconnected_items]: Missing connection between items
    Local override; error
    @(60.5000 mm, 3.5500 mm): Pad 2 [SYS] of Q3 on F.Cu
    @(52.8125 mm, 10.9950 mm): Pad 1 [SYS] of R52 on F.Cu
[unconnected_items]: Missing connection between items
    Local override; error
    @(48.7500 mm, 2.2750 mm): Pad 1 [/modem_rf/VBAT_MODEM] of C43 on F.Cu
    @(45.2500 mm, 2.2750 mm): Pad 1 [/modem_rf/VBAT_MODEM] of C42 on F.Cu
[unconnected_items]: Missing connection between items
    Local override; error
    @(51.2975 mm, 7.0260 mm): Track [/modem_rf/VBAT_MODEM] on B.Cu, length 2.2298 mm
    @(48.7500 mm, 2.2750 mm): Pad 1 [/modem_rf/VBAT_MODEM] of C43 on F.Cu
[unconnected_items]: Missing connection between items
    Local override; error
    @(58.5000 mm, 4.5000 mm): Pad 3 [/modem_rf/VBAT_MODEM] of Q3 on F.Cu
    @(51.2975 mm, 7.0260 mm): Track [/modem_rf/VBAT_MODEM] on B.Cu, length 2.2298 mm
[unconnected_items]: Missing connection between items
    Local override; error
    @(69.6500 mm, 14.9500 mm): Track [/modem_rf/VBAT_MODEM] on F.Cu, length 1.3000 mm
    @(68.3750 mm, 17.4000 mm): Track [/modem_rf/VBAT_MODEM] on B.Cu, length 0.9987 mm
[unconnected_items]: Missing connection between items
    Local override; error
    @(27.4450 mm, 4.5250 mm): Pad 1 [/power/VBAT_BT] of C67 on B.Cu
    @(32.3100 mm, 46.7500 mm): Track [/power/VBAT_BT] on F.Cu, length 0.7017 mm
[unconnected_items]: Missing connection between items
    Local override; error
    @(31.0200 mm, 48.0500 mm): Track [/power/U6_TS] on F.Cu, length 1.5298 mm
    @(23.3875 mm, 14.4950 mm): Pad 1 [/power/U6_TS] of R89 on B.Cu
[unconnected_items]: Missing connection between items
    Local override; error
    @(40.0625 mm, 13.9950 mm): Pad 2 [/power/U6_TS] of R88 on B.Cu
    @(23.3875 mm, 14.4950 mm): Pad 1 [/power/U6_TS] of R89 on B.Cu
[unconnected_items]: Missing connection between items
    Local override; error
    @(32.8126 mm, 48.7962 mm): Track [/io/CANH] on B.Cu, length 0.5124 mm
    @(7.5000 mm, 21.0000 mm): PTH pad 4 [/io/CANH] of J1
[unconnected_items]: Missing connection between items
    Local override; error
    @(22.1000 mm, 37.7800 mm): Pad 1 [FLASH_CS] of U7 on F.Cu
    @(33.1100 mm, 24.3300 mm): Pad 14 [FLASH_CS] of U2 on F.Cu
[unconnected_items]: Missing connection between items
    Local override; error
    @(25.9000 mm, 30.7000 mm): Pad 5 [SPI1_MOSI] of U7 on F.Cu
    @(33.1100 mm, 22.8300 mm): Pad 17 [SPI1_MOSI] of U2 on F.Cu
[unconnected_items]: Missing connection between items
    Local override; error
    @(24.6300 mm, 30.7000 mm): Pad 6 [SPI1_SCK] of U7 on F.Cu
    @(33.1100 mm, 23.8300 mm): Pad 15 [SPI1_SCK] of U2 on F.Cu
[unconnected_items]: Missing connection between items
    Local override; error
    @(45.0375 mm, 6.7950 mm): Pad 1 [/modem_rf/Q12_B] of Q12 on F.Cu
    @(71.6375 mm, 59.9950 mm): Pad 2 [/modem_rf/Q12_B] of R64 on F.Cu
[unconnected_items]: Missing connection between items
    Local override; error
    @(28.2300 mm, 47.2500 mm): Pad 6 [/power/U6_OTG] of U6 on F.Cu
    @(37.8875 mm, 13.9950 mm): Pad 1 [/power/U6_OTG] of R87 on B.Cu
[unconnected_items]: Missing connection between items
    Local override; error
    @(27.3875 mm, 12.4950 mm): Pad 1 [/power/U6_ILIM] of R86 on B.Cu
    @(29.5200 mm, 48.0500 mm): Pad 8 [/power/U6_ILIM] of U6 on F.Cu
[unconnected_items]: Missing connection between items
    Local override; error
    @(23.3875 mm, 11.9950 mm): Pad 1 [/power/U6_ICHG] of R85 on B.Cu
    @(30.5200 mm, 48.0500 mm): Pad 10 [/power/U6_ICHG] of U6 on F.Cu
[unconnected_items]: Missing connection between items
    Local override; error
    @(25.5675 mm, 9.5800 mm): Pad 2 [/power/SYS] of L3 on B.Cu
    @(23.4450 mm, 4.5250 mm): Pad 1 [/power/SYS] of C66 on B.Cu
[unconnected_items]: Missing connection between items
    Local override; error
    @(25.5675 mm, 9.5800 mm): Pad 2 [/power/SYS] of L3 on B.Cu
    @(25.2950 mm, 16.8875 mm): Pad 3 [/power/SYS] of U9 on B.Cu
[unconnected_items]: Missing connection between items
    Local override; error
    @(27.1950 mm, 16.8875 mm): Pad 1 [/power/SYS] of U9 on B.Cu
    @(25.2950 mm, 16.8875 mm): Pad 3 [/power/SYS] of U9 on B.Cu
[unconnected_items]: Missing connection between items
    Local override; error
    @(27.1950 mm, 16.8875 mm): Pad 1 [/power/SYS] of U9 on B.Cu
    @(32.3100 mm, 45.7500 mm): Track [/power/SYS] on F.Cu, length 0.7017 mm
[unconnected_items]: Missing connection between items
    Local override; error
    @(38.4450 mm, 2.0250 mm): Pad 1 [/power/SYS] of C65 on B.Cu
    @(25.5675 mm, 9.5800 mm): Pad 2 [/power/SYS] of L3 on B.Cu
[unconnected_items]: Missing connection between items
    Local override; error
    @(42.0500 mm, 2.2750 mm): Pad 1 [/power/SYS] of C68 on B.Cu
    @(38.4450 mm, 2.0250 mm): Pad 1 [/power/SYS] of C65 on B.Cu
[unconnected_items]: Missing connection between items
    Local override; error
    @(27.9075 mm, 9.5800 mm): Pad 1 [/power/SW_CHG] of L3 on B.Cu
    @(31.0200 mm, 43.9500 mm): Track [/power/SW_CHG] on F.Cu, length 0.7017 mm
[unconnected_items]: Missing connection between items
    Local override; error
    @(33.0000 mm, 2.2750 mm): Pad 2 [/power/SW_CHG] of C64 on B.Cu
    @(27.9075 mm, 9.5800 mm): Pad 1 [/power/SW_CHG] of L3 on B.Cu
[unconnected_items]: Missing connection between items
    Local override; error
    @(30.5200 mm, 43.9500 mm): Pad 21 [/power/U6_BTST] of U6 on F.Cu
    @(34.5500 mm, 2.2750 mm): Pad 1 [/power/U6_BTST] of C64 on B.Cu
[unconnected_items]: Missing connection between items
    Local override; error
    @(30.0200 mm, 43.9500 mm): Pad 22 [/power/REGN] of U6 on F.Cu
    @(41.8875 mm, 13.9950 mm): Pad 1 [/power/REGN] of R88 on B.Cu
[unconnected_items]: Missing connection between items
    Local override; error
    @(41.8875 mm, 13.9950 mm): Pad 1 [/power/REGN] of R88 on B.Cu
    @(30.9450 mm, 2.0250 mm): Pad 1 [/power/REGN] of C63 on B.Cu
[unconnected_items]: Missing connection between items
    Local override; error
    @(26.9450 mm, 2.0250 mm): Pad 1 [/power/PMID] of C62 on B.Cu
    @(29.5200 mm, 43.9500 mm): Pad 23 [/power/PMID] of U6 on F.Cu
[unconnected_items]: Missing connection between items
    Local override; error
    @(27.7500 mm, 26.1900 mm): Pad 4 [/mcu/OSC32_OUT] of U2 on F.Cu
    @(28.0000 mm, 36.2750 mm): Pad 1 [/mcu/OSC32_OUT] of C4 on F.Cu
[unconnected_items]: Missing connection between items
    Local override; error
    @(38.5450 mm, 16.6950 mm): Pad 2 [/mcu/OSC32_OUT] of Y2 on B.Cu
    @(27.7500 mm, 26.1900 mm): Pad 4 [/mcu/OSC32_OUT] of U2 on F.Cu
[unconnected_items]: Missing connection between items
    Local override; error
    @(45.4500 mm, 35.1000 mm): Pad 13 [/modem_rf/USIM_DET] of U1 on F.Cu
    @(56.1900 mm, 45.6270 mm): Pad CD [/modem_rf/USIM_DET] of X1 on F.Cu
[unconnected_items]: Missing connection between items
    Local override; error
    @(25.5625 mm, 32.4950 mm): Pad 2 [/io/Q1_G] of R23 on B.Cu
    @(14.6000 mm, 49.8500 mm): Pad 1 [/io/Q1_G] of Q1 on F.Cu
[unconnected_items]: Missing connection between items
    Local override; error
    @(35.3875 mm, 32.4950 mm): Pad 1 [/io/Q1_G] of R25 on B.Cu
    @(25.5625 mm, 32.4950 mm): Pad 2 [/io/Q1_G] of R23 on B.Cu
[unconnected_items]: Missing connection between items
    Local override; error
    @(24.8900 mm, 21.3300 mm): Pad 41 [/mcu/IMU_INT1] of U2 on F.Cu
    @(27.7400 mm, 55.7500 mm): Pad 4 [/mcu/IMU_INT1] of U3 on F.Cu
[unconnected_items]: Missing connection between items
    Local override; error
    @(28.5000 mm, 53.9900 mm): Pad 14 [/mcu/I2C1_SDA] of U3 on F.Cu
    @(30.5625 mm, 47.4950 mm): Pad 2 [/mcu/I2C1_SDA] of R8 on B.Cu
[unconnected_items]: Missing connection between items
    Local override; error
    @(30.5625 mm, 47.4950 mm): Pad 2 [/mcu/I2C1_SDA] of R8 on B.Cu
    @(24.8900 mm, 22.3300 mm): Pad 43 [/mcu/I2C1_SDA] of U2 on F.Cu
[unconnected_items]: Missing connection between items
    Local override; error
    @(27.2500 mm, 26.1900 mm): Pad 3 [/mcu/OSC32_IN] of U2 on F.Cu
    @(31.5000 mm, 34.7750 mm): Pad 1 [/mcu/OSC32_IN] of C3 on F.Cu
[unconnected_items]: Missing connection between items
    Local override; error
    @(36.0450 mm, 16.6950 mm): Pad 1 [/mcu/OSC32_IN] of Y2 on B.Cu
    @(27.2500 mm, 26.1900 mm): Pad 3 [/mcu/OSC32_IN] of U2 on F.Cu
[unconnected_items]: Missing connection between items
    Local override; error
    @(2.2000 mm, 20.1875 mm): Pad 2 [/io/VIN_SENSE] of R32 on F.Cu
    @(25.2852 mm, 36.2417 mm): Track [/io/VIN_SENSE] on F.Cu, length 2.7813 mm
[unconnected_items]: Missing connection between items
    Local override; error
    @(28.0000 mm, 34.2750 mm): Pad 1 [/io/VIN_SENSE] of C27 on F.Cu
    @(40.6625 mm, 39.2450 mm): Pad 3 [/io/VIN_SENSE] of D10 on F.Cu
[unconnected_items]: Missing connection between items
    Local override; error
    @(2.2000 mm, 33.8375 mm): Pad 2 [/io/IGN_SENSE] of R35 on F.Cu
    @(30.1625 mm, 41.2450 mm): Track [/io/IGN_SENSE] on F.Cu, length 1.3483 mm
[unconnected_items]: Missing connection between items
    Local override; error
    @(37.9600 mm, 26.1500 mm): Pad 1 [/modem_rf/VDD_EXT_1V8] of U8 on F.Cu
    @(45.4500 mm, 24.2000 mm): Pad 7 [/modem_rf/VDD_EXT_1V8] of U1 on F.Cu
[unconnected_items]: Missing connection between items
    Local override; error
    @(45.4500 mm, 24.2000 mm): Pad 7 [/modem_rf/VDD_EXT_1V8] of U1 on F.Cu
    @(52.2500 mm, 2.2750 mm): Pad 1 [/modem_rf/VDD_EXT_1V8] of C44 on F.Cu
[unconnected_items]: Missing connection between items
    Local override; error
    @(45.4500 mm, 24.2000 mm): Pad 7 [/modem_rf/VDD_EXT_1V8] of U1 on F.Cu
    @(65.8125 mm, 59.9950 mm): Pad 1 [/modem_rf/VDD_EXT_1V8] of R63 on F.Cu
[unconnected_items]: Missing connection between items
    Local override; error
    @(62.2500 mm, 2.2750 mm): Pad 1 [/modem_rf/VDD_EXT_1V8] of C45 on F.Cu
    @(52.2500 mm, 2.2750 mm): Pad 1 [/modem_rf/VDD_EXT_1V8] of C44 on F.Cu
[unconnected_items]: Missing connection between items
    Local override; error
    @(31.8875 mm, 10.4950 mm): Pad 1 [/power/U5_VCC] of R81 on B.Cu
    @(36.4000 mm, 12.1000 mm): Pad 1 [/power/U5_VCC] of U5 on F.Cu
[unconnected_items]: Missing connection between items
    Local override; error
    @(36.4000 mm, 12.1000 mm): Pad 1 [/power/U5_VCC] of U5 on F.Cu
    @(42.0500 mm, 4.2750 mm): Pad 1 [/power/U5_VCC] of C75 on B.Cu
[unconnected_items]: Missing connection between items
    Local override; error
    @(30.0625 mm, 10.4950 mm): Pad 2 [/power/U5_EN] of R81 on B.Cu
    @(37.6700 mm, 12.1000 mm): Pad 2 [/power/U5_EN] of U5 on F.Cu
[unconnected_items]: Missing connection between items
    Local override; error
    @(36.0625 mm, 11.4950 mm): Pad 2 [/power/U5_FB] of R83 on B.Cu
    @(40.2100 mm, 12.1000 mm): Pad 4 [/power/U5_FB] of U5 on F.Cu
[unconnected_items]: Missing connection between items
    Local override; error
    @(40.2100 mm, 12.1000 mm): Pad 4 [/power/U5_FB] of U5 on F.Cu
    @(41.8875 mm, 11.4950 mm): Pad 1 [/power/U5_FB] of R84 on B.Cu
[unconnected_items]: Missing connection between items
    Local override; error
    @(78.0000 mm, 22.9000 mm): Track [/modem_rf/ANT_MAIN_M] on F.Cu, length 0.6675 mm
    @(78.3800 mm, 21.6000 mm): Track [/modem_rf/ANT_MAIN_M] on B.Cu, length 0.2200 mm
[unconnected_items]: Missing connection between items
    Local override; error
    @(31.9776 mm, 29.9974 mm): Track [DI2] on F.Cu, length 1.3552 mm
    @(31.2500 mm, 17.9700 mm): Pad 26 [DI2] of U2 on F.Cu
[unconnected_items]: Missing connection between items
    Local override; error
    @(72.2925 mm, 47.0100 mm): Pad 2 [/modem_rf/GNSS_BIAS] of R90 on F.Cu
    @(74.7300 mm, 47.3400 mm): Pad 1 [/modem_rf/GNSS_BIAS] of C85 on F.Cu
[unconnected_items]: Missing connection between items
    Local override; error
    @(74.7300 mm, 47.3400 mm): Pad 1 [/modem_rf/GNSS_BIAS] of C85 on F.Cu
    @(76.1500 mm, 45.5700 mm): Pad 1 [/modem_rf/GNSS_BIAS] of C83 on F.Cu
[unconnected_items]: Missing connection between items
    Local override; error
    @(76.1500 mm, 45.5700 mm): Pad 1 [/modem_rf/GNSS_BIAS] of C83 on F.Cu
    @(80.7850 mm, 38.0000 mm): Pad 2 [/modem_rf/GNSS_BIAS] of L4 on F.Cu
[unconnected_items]: Missing connection between items
    Local override; error
    @(78.6000 mm, 27.3000 mm): Via [/modem_rf/ANT_GNSS_M] on F.Cu - B.Cu
    @(78.6000 mm, 28.4335 mm): Track [/modem_rf/ANT_GNSS_M] on F.Cu, length 0.1119 mm
[unconnected_items]: Missing connection between items
    Local override; error
    @(26.7500 mm, 26.1900 mm): Pad 2 [/mcu/SYS_LED] of U2 on F.Cu
    @(32.4875 mm, 40.2750 mm): Pad 1 [/mcu/SYS_LED] of D20 on F.Cu
[unconnected_items]: Missing connection between items
    Local override; error
    @(30.7500 mm, 17.9700 mm): Pad 27 [DO1_GATE] of U2 on F.Cu
    @(37.3900 mm, 38.4950 mm): Track [DO1_GATE] on B.Cu, length 0.5025 mm
[unconnected_items]: Missing connection between items
    Local override; error
    @(30.2500 mm, 17.9700 mm): Pad 28 [DO2_GATE] of U2 on F.Cu
    @(32.3875 mm, 42.4950 mm): Pad 1 [DO2_GATE] of R47 on B.Cu
[unconnected_items]: Missing connection between items
    Local override; error
    @(32.3875 mm, 42.4950 mm): Pad 1 [DO2_GATE] of R47 on B.Cu
    @(40.8875 mm, 40.9950 mm): Pad 1 [DO2_GATE] of R46 on B.Cu
[unconnected_items]: Missing connection between items
    Local override; error
    @(29.2500 mm, 17.9700 mm): Pad 30 [MODEM_TX] of U2 on F.Cu
    @(36.8045 mm, 23.4091 mm): Track [MODEM_TX] on F.Cu, length 0.3710 mm
[unconnected_items]: Missing connection between items
    Local override; error
    @(28.2500 mm, 17.9700 mm): Pad 32 [MODEM_RI] of U2 on F.Cu
    @(39.9100 mm, 20.5500 mm): Pad 11 [MODEM_RI] of U8 on F.Cu
[unconnected_items]: Missing connection between items
    Local override; error
    @(27.7500 mm, 17.9700 mm): Pad 33 [MODEM_DTR] of U2 on F.Cu
    @(40.5600 mm, 20.5500 mm): Pad 10 [MODEM_DTR] of U8 on F.Cu
[unconnected_items]: Missing connection between items
    Local override; error
    @(27.2500 mm, 17.9700 mm): Pad 34 [/mcu/SWDIO] of U2 on F.Cu
    @(41.0475 mm, 48.2962 mm): Pad 1 [/mcu/SWDIO] of TP1 on F.Cu
[unconnected_items]: Missing connection between items
    Local override; error
    @(24.8900 mm, 19.3300 mm): Pad 37 [/mcu/SWCLK] of U2 on F.Cu
    @(41.0475 mm, 51.2962 mm): Pad 1 [/mcu/SWCLK] of TP2 on F.Cu
[unconnected_items]: Missing connection between items
    Local override; error
    @(29.5625 mm, 32.4950 mm): Pad 2 [/io/Q2_G] of R24 on B.Cu
    @(15.0000 mm, 54.7500 mm): Pad 1 [/io/Q2_G] of Q2 on F.Cu
[unconnected_items]: Missing connection between items
    Local override; error
    @(39.3875 mm, 33.4950 mm): Pad 1 [/io/Q2_G] of R26 on B.Cu
    @(29.5625 mm, 32.4950 mm): Pad 2 [/io/Q2_G] of R24 on B.Cu
[unconnected_items]: Missing connection between items
    Local override; error
    @(62.0550 mm, 4.0360 mm): Pad 6 [/modem_rf/USB_DP_TP] of D15 on F.Cu
    @(69.2975 mm, 2.2962 mm): Pad 1 [/modem_rf/USB_DP_TP] of TP15 on B.Cu
[unconnected_items]: Missing connection between items
    Local override; error
    @(32.6625 mm, 28.2950 mm): Pad 1 [/io/DO2_B] of Q7 on B.Cu
    @(39.0625 mm, 40.9950 mm): Pad 2 [/io/DO2_B] of R46 on B.Cu
[unconnected_items]: Missing connection between items
    Local override; error
    @(35.2875 mm, 29.2450 mm): Track [/io/DO2_DRV] on B.Cu, length 4.5962 mm
    @(38.5625 mm, 43.4950 mm): Pad 2 [/io/DO2_DRV] of R49 on B.Cu
[unconnected_items]: Missing connection between items
    Local override; error
    @(28.1625 mm, 28.2950 mm): Pad 1 [/io/DO1_X] of Q6 on B.Cu
    @(21.7875 mm, 29.2450 mm): Pad 3 [/io/DO1_X] of Q5 on B.Cu
[unconnected_items]: Missing connection between items
    Local override; error
    @(31.0625 mm, 39.9950 mm): Pad 2 [/io/DO1_X] of R44 on B.Cu
    @(28.1625 mm, 28.2950 mm): Pad 1 [/io/DO1_X] of Q6 on B.Cu
[unconnected_items]: Missing connection between items
    Local override; error
    @(26.2875 mm, 31.3950 mm): Track [/io/DO1_DRV] on B.Cu, length 1.5556 mm
    @(35.0625 mm, 40.9950 mm): Pad 2 [/io/DO1_DRV] of R45 on B.Cu

** Found 0 Footprint errors **

** Ignored checks **
    - Footprint has no courtyard defined
    - Track endpoint not centered on via
    - Tuning profile track geometries
    - Footprint doesn't match symbol's footprint filters
    - Footprint component type doesn't match footprint pads

** End of Report **
