** Drc report for telematics-tracker.kicad_pcb **
** Created on 2026-09-07T04:42:47 **
** Report includes: Errors **

** Found 3 DRC violations **
[solder_mask_bridge]: Front solder mask aperture bridges items with different nets
    Rule: board setup solder mask min width; error
    @(62.3500 mm, 4.5500 mm): Track [/modem_rf/USIM_VDD] on F.Cu, length 2.1000 mm
    @(63.7500 mm, 4.5450 mm): Pad 2 [GND] of D14 on F.Cu
[clearance]: Clearance violation (netclass 'Default' clearance 0.2000 mm; actual 0.1500 mm)
    Rule: netclass 'Default'; error
    @(63.7500 mm, 4.5450 mm): Pad 2 [GND] of D14 on F.Cu
    @(64.4500 mm, 4.5500 mm): Track [/modem_rf/USIM_VDD] on F.Cu, length 0.2828 mm
[shorting_items]: Items shorting two nets (nets GND and /modem_rf/USIM_VDD)
    Local override; error
    @(63.7500 mm, 4.5450 mm): Pad 2 [GND] of D14 on F.Cu
    @(62.3500 mm, 4.5500 mm): Track [/modem_rf/USIM_VDD] on F.Cu, length 2.1000 mm

** Found 266 unconnected pads **
[unconnected_items]: Missing connection between items
    Local override; error
    @(22.3200 mm, 46.2700 mm): Pad 1 [CAN1_TX] of U4 on F.Cu
    @(24.8900 mm, 23.8300 mm): Pad 46 [CAN1_TX] of U2 on F.Cu
[unconnected_items]: Missing connection between items
    Local override; error
    @(0.6500 mm, 0.6500 mm): Zone 'F_GND' [GND] on F.Cu, priority 0
    @(0.6500 mm, 0.6500 mm): Zone 'B_GND' [GND] on B.Cu, priority 0
[unconnected_items]: Missing connection between items
    Local override; error
    @(0.6500 mm, 0.6500 mm): Zone 'B_GND' [GND] on B.Cu, priority 0
    @(0.6500 mm, 0.6500 mm): Zone 'F_GND' [GND] on F.Cu, priority 0
[unconnected_items]: Missing connection between items
    Local override; error
    @(24.8900 mm, 24.3300 mm): Pad 47 [GND] of U2 on F.Cu
    @(0.6500 mm, 0.6500 mm): Zone 'F_GND' [GND] on F.Cu, priority 0
[unconnected_items]: Missing connection between items
    Local override; error
    @(0.6500 mm, 0.6500 mm): Zone 'F_GND' [GND] on F.Cu, priority 0
    @(0.6500 mm, 0.6500 mm): Zone 'B_GND' [GND] on B.Cu, priority 0
[unconnected_items]: Missing connection between items
    Local override; error
    @(26.7500 mm, 17.9700 mm): Pad 35 [GND] of U2 on F.Cu
    @(26.2450 mm, 16.8875 mm): Pad 2 [GND] of U9 on B.Cu
[unconnected_items]: Missing connection between items
    Local override; error
    @(0.6500 mm, 0.6500 mm): Zone 'B_GND' [GND] on B.Cu, priority 0
    @(0.6500 mm, 0.6500 mm): Zone 'B_GND' [GND] on B.Cu, priority 0
[unconnected_items]: Missing connection between items
    Local override; error
    @(0.6500 mm, 0.6500 mm): Zone 'B_GND' [GND] on B.Cu, priority 0
    @(0.6500 mm, 0.6500 mm): Zone 'F_GND' [GND] on F.Cu, priority 0
[unconnected_items]: Missing connection between items
    Local override; error
    @(0.6500 mm, 0.6500 mm): Zone 'F_GND' [GND] on F.Cu, priority 0
    @(0.6500 mm, 0.6500 mm): Zone 'B_GND' [GND] on B.Cu, priority 0
[unconnected_items]: Missing connection between items
    Local override; error
    @(29.0000 mm, 56.0100 mm): Pad 6 [GND] of U3 on F.Cu
    @(0.6500 mm, 0.6500 mm): Zone 'F_GND' [GND] on F.Cu, priority 0
[unconnected_items]: Missing connection between items
    Local override; error
    @(0.6500 mm, 0.6500 mm): Zone 'F_GND' [GND] on F.Cu, priority 0
    @(0.6500 mm, 0.6500 mm): Zone 'F_GND' [GND] on F.Cu, priority 0
[unconnected_items]: Missing connection between items
    Local override; error
    @(0.6500 mm, 0.6500 mm): Zone 'F_GND' [GND] on F.Cu, priority 0
    @(29.7500 mm, 26.1900 mm): Pad 8 [GND] of U2 on F.Cu
[unconnected_items]: Missing connection between items
    Local override; error
    @(30.0200 mm, 48.0500 mm): Pad 9 [GND] of U6 on F.Cu
    @(0.6500 mm, 0.6500 mm): Zone 'F_GND' [GND] on F.Cu, priority 0
[unconnected_items]: Missing connection between items
    Local override; error
    @(0.6500 mm, 0.6500 mm): Zone 'B_GND' [GND] on B.Cu, priority 0
    @(0.6500 mm, 0.6500 mm): Zone 'F_GND' [GND] on F.Cu, priority 0
[unconnected_items]: Missing connection between items
    Local override; error
    @(0.6500 mm, 0.6500 mm): Zone 'F_GND' [GND] on F.Cu, priority 0
    @(32.3100 mm, 45.2500 mm): Pad 17 [GND] of U6 on F.Cu
[unconnected_items]: Missing connection between items
    Local override; error
    @(0.6500 mm, 0.6500 mm): Zone 'F_GND' [GND] on F.Cu, priority 0
    @(0.6500 mm, 0.6500 mm): Zone 'F_GND' [GND] on F.Cu, priority 0
[unconnected_items]: Missing connection between items
    Local override; error
    @(0.6500 mm, 0.6500 mm): Zone 'B_GND' [GND] on B.Cu, priority 0
    @(0.6500 mm, 0.6500 mm): Zone 'F_GND' [GND] on F.Cu, priority 0
[unconnected_items]: Missing connection between items
    Local override; error
    @(0.6500 mm, 0.6500 mm): Zone 'F_GND' [GND] on F.Cu, priority 0
    @(0.6500 mm, 0.6500 mm): Zone 'F_GND' [GND] on F.Cu, priority 0
[unconnected_items]: Missing connection between items
    Local override; error
    @(0.6500 mm, 0.6500 mm): Zone 'B_GND' [GND] on B.Cu, priority 0
    @(0.6500 mm, 0.6500 mm): Zone 'B_GND' [GND] on B.Cu, priority 0
[unconnected_items]: Missing connection between items
    Local override; error
    @(0.6500 mm, 0.6500 mm): Zone 'B_GND' [GND] on B.Cu, priority 0
    @(0.6500 mm, 0.6500 mm): Zone 'F_GND' [GND] on F.Cu, priority 0
[unconnected_items]: Missing connection between items
    Local override; error
    @(36.0625 mm, 13.9950 mm): Pad 2 [GND] of R87 on B.Cu
    @(33.1100 mm, 19.8300 mm): Pad 23 [GND] of U2 on F.Cu
[unconnected_items]: Missing connection between items
    Local override; error
    @(0.6500 mm, 0.6500 mm): Zone 'B_GND' [GND] on B.Cu, priority 0
    @(0.6500 mm, 0.6500 mm): Zone 'F_GND' [GND] on F.Cu, priority 0
[unconnected_items]: Missing connection between items
    Local override; error
    @(0.6500 mm, 0.6500 mm): Zone 'B_GND' [GND] on B.Cu, priority 0
    @(0.6500 mm, 0.6500 mm): Zone 'F_GND' [GND] on F.Cu, priority 0
[unconnected_items]: Missing connection between items
    Local override; error
    @(0.6500 mm, 0.6500 mm): Zone 'B_GND' [GND] on B.Cu, priority 0
    @(0.6500 mm, 0.6500 mm): Zone 'F_GND' [GND] on F.Cu, priority 0
[unconnected_items]: Missing connection between items
    Local override; error
    @(0.6500 mm, 0.6500 mm): Zone 'B_GND' [GND] on B.Cu, priority 0
    @(0.6500 mm, 0.6500 mm): Zone 'F_GND' [GND] on F.Cu, priority 0
[unconnected_items]: Missing connection between items
    Local override; error
    @(0.6500 mm, 0.6500 mm): Zone 'F_GND' [GND] on F.Cu, priority 0
    @(0.6500 mm, 0.6500 mm): Zone 'B_GND' [GND] on B.Cu, priority 0
[unconnected_items]: Missing connection between items
    Local override; error
    @(0.6500 mm, 0.6500 mm): Zone 'F_GND' [GND] on F.Cu, priority 0
    @(0.6500 mm, 0.6500 mm): Zone 'B_GND' [GND] on B.Cu, priority 0
[unconnected_items]: Missing connection between items
    Local override; error
    @(0.6500 mm, 0.6500 mm): Zone 'F_GND' [GND] on F.Cu, priority 0
    @(0.6500 mm, 0.6500 mm): Zone 'B_GND' [GND] on B.Cu, priority 0
[unconnected_items]: Missing connection between items
    Local override; error
    @(0.6500 mm, 0.6500 mm): Zone 'F_GND' [GND] on F.Cu, priority 0
    @(0.6500 mm, 0.6500 mm): Zone 'B_GND' [GND] on B.Cu, priority 0
[unconnected_items]: Missing connection between items
    Local override; error
    @(0.6500 mm, 0.6500 mm): Zone 'B_GND' [GND] on B.Cu, priority 0
    @(0.6500 mm, 0.6500 mm): Zone 'F_GND' [GND] on F.Cu, priority 0
[unconnected_items]: Missing connection between items
    Local override; error
    @(0.6500 mm, 0.6500 mm): Zone 'F_GND' [GND] on F.Cu, priority 0
    @(0.6500 mm, 0.6500 mm): Zone 'F_GND' [GND] on F.Cu, priority 0
[unconnected_items]: Missing connection between items
    Local override; error
    @(0.6500 mm, 0.6500 mm): Zone 'F_GND' [GND] on F.Cu, priority 0
    @(0.6500 mm, 0.6500 mm): Zone 'B_GND' [GND] on B.Cu, priority 0
[unconnected_items]: Missing connection between items
    Local override; error
    @(0.6500 mm, 0.6500 mm): Zone 'F_GND' [GND] on F.Cu, priority 0
    @(0.6500 mm, 0.6500 mm): Zone 'F_GND' [GND] on F.Cu, priority 0
[unconnected_items]: Missing connection between items
    Local override; error
    @(0.6500 mm, 0.6500 mm): Zone 'F_GND' [GND] on F.Cu, priority 0
    @(0.6500 mm, 0.6500 mm): Zone 'F_GND' [GND] on F.Cu, priority 0
[unconnected_items]: Missing connection between items
    Local override; error
    @(0.6500 mm, 0.6500 mm): Zone 'F_GND' [GND] on F.Cu, priority 0
    @(0.6500 mm, 0.6500 mm): Zone 'F_GND' [GND] on F.Cu, priority 0
[unconnected_items]: Missing connection between items
    Local override; error
    @(63.7500 mm, 4.5450 mm): Pad 2 [GND] of D14 on F.Cu
    @(66.5050 mm, 6.3360 mm): Pad 2 [GND] of D15 on F.Cu
[unconnected_items]: Missing connection between items
    Local override; error
    @(63.8000 mm, 2.2750 mm): Pad 2 [GND] of C45 on F.Cu
    @(63.7500 mm, 4.5450 mm): Pad 2 [GND] of D14 on F.Cu
[unconnected_items]: Missing connection between items
    Local override; error
    @(0.6500 mm, 0.6500 mm): Zone 'F_GND' [GND] on F.Cu, priority 0
    @(0.6500 mm, 0.6500 mm): Zone 'F_GND' [GND] on F.Cu, priority 0
[unconnected_items]: Missing connection between items
    Local override; error
    @(0.6500 mm, 0.6500 mm): Zone 'F_GND' [GND] on F.Cu, priority 0
    @(0.6500 mm, 0.6500 mm): Zone 'F_GND' [GND] on F.Cu, priority 0
[unconnected_items]: Missing connection between items
    Local override; error
    @(22.0475 mm, 18.7962 mm): Pad 1 [5V0] of TP19 on F.Cu
    @(28.0000 mm, 32.2750 mm): Pad 1 [5V0] of C23 on F.Cu
[unconnected_items]: Missing connection between items
    Local override; error
    @(22.2000 mm, 9.8600 mm): Pad 2 [5V0] of L1 on F.Cu
    @(22.0475 mm, 18.7962 mm): Pad 1 [5V0] of TP19 on F.Cu
[unconnected_items]: Missing connection between items
    Local override; error
    @(23.0500 mm, 2.2750 mm): Pad 1 [5V0] of C61 on B.Cu
    @(23.4450 mm, 7.0250 mm): Pad 1 [5V0] of C77 on B.Cu
[unconnected_items]: Missing connection between items
    Local override; error
    @(23.4450 mm, 9.5250 mm): Pad 1 [5V0] of C79 on B.Cu
    @(22.2000 mm, 9.8600 mm): Pad 2 [5V0] of L1 on F.Cu
[unconnected_items]: Missing connection between items
    Local override; error
    @(23.4450 mm, 9.5250 mm): Pad 1 [5V0] of C79 on B.Cu
    @(23.4450 mm, 7.0250 mm): Pad 1 [5V0] of C77 on B.Cu
[unconnected_items]: Missing connection between items
    Local override; error
    @(27.4450 mm, 7.0250 mm): Pad 1 [5V0] of C78 on B.Cu
    @(31.0500 mm, 6.2750 mm): Pad 1 [5V0] of C80 on B.Cu
[unconnected_items]: Missing connection between items
    Local override; error
    @(27.4450 mm, 7.0250 mm): Pad 1 [5V0] of C78 on B.Cu
    @(23.4450 mm, 7.0250 mm): Pad 1 [5V0] of C77 on B.Cu
[unconnected_items]: Missing connection between items
    Local override; error
    @(28.2300 mm, 44.7500 mm): Pad 1 [5V0] of U6 on F.Cu
    @(29.0200 mm, 43.9500 mm): Pad 24 [5V0] of U6 on F.Cu
[unconnected_items]: Missing connection between items
    Local override; error
    @(28.2300 mm, 44.7500 mm): Pad 1 [5V0] of U6 on F.Cu
    @(24.8600 mm, 46.2700 mm): Pad 3 [5V0] of U4 on F.Cu
[unconnected_items]: Missing connection between items
    Local override; error
    @(32.8875 mm, 39.9950 mm): Pad 1 [5V0] of R44 on B.Cu
    @(36.8875 mm, 40.9950 mm): Pad 1 [5V0] of R45 on B.Cu
[unconnected_items]: Missing connection between items
    Local override; error
    @(32.8875 mm, 39.9950 mm): Pad 1 [5V0] of R44 on B.Cu
    @(29.0200 mm, 43.9500 mm): Pad 24 [5V0] of U6 on F.Cu
[unconnected_items]: Missing connection between items
    Local override; error
    @(32.8875 mm, 39.9950 mm): Pad 1 [5V0] of R44 on B.Cu
    @(28.0000 mm, 32.2750 mm): Pad 1 [5V0] of C23 on F.Cu
[unconnected_items]: Missing connection between items
    Local override; error
    @(36.3875 mm, 43.4950 mm): Pad 1 [5V0] of R48 on B.Cu
    @(36.8875 mm, 40.9950 mm): Pad 1 [5V0] of R45 on B.Cu
[unconnected_items]: Missing connection between items
    Local override; error
    @(36.3875 mm, 43.4950 mm): Pad 1 [5V0] of R48 on B.Cu
    @(40.3875 mm, 43.4950 mm): Pad 1 [5V0] of R49 on B.Cu
[unconnected_items]: Missing connection between items
    Local override; error
    @(37.8875 mm, 11.4950 mm): Pad 1 [5V0] of R83 on B.Cu
    @(31.0500 mm, 6.2750 mm): Pad 1 [5V0] of C80 on B.Cu
[unconnected_items]: Missing connection between items
    Local override; error
    @(24.8900 mm, 23.3300 mm): Pad 45 [CAN1_RX] of U2 on F.Cu
    @(26.1300 mm, 46.2700 mm): Pad 4 [CAN1_RX] of U4 on F.Cu
[unconnected_items]: Missing connection between items
    Local override; error
    @(22.1000 mm, 30.7000 mm): Pad 8 [3V3] of U7 on F.Cu
    @(23.3700 mm, 30.7000 mm): Pad 7 [3V3] of U7 on F.Cu
[unconnected_items]: Missing connection between items
    Local override; error
    @(23.3875 mm, 32.4950 mm): Pad 1 [3V3] of R22 on B.Cu
    @(23.3700 mm, 30.7000 mm): Pad 7 [3V3] of U7 on F.Cu
[unconnected_items]: Missing connection between items
    Local override; error
    @(23.3875 mm, 34.9950 mm): Pad 1 [3V3] of R3 on B.Cu
    @(23.3875 mm, 32.4950 mm): Pad 1 [3V3] of R22 on B.Cu
[unconnected_items]: Missing connection between items
    Local override; error
    @(24.6300 mm, 37.7800 mm): Pad 3 [3V3] of U7 on F.Cu
    @(23.3875 mm, 34.9950 mm): Pad 1 [3V3] of R3 on B.Cu
[unconnected_items]: Missing connection between items
    Local override; error
    @(24.8900 mm, 24.8300 mm): Pad 48 [3V3] of U2 on F.Cu
    @(25.0000 mm, 28.2750 mm): Pad 1 [3V3] of C10 on F.Cu
[unconnected_items]: Missing connection between items
    Local override; error
    @(24.8900 mm, 24.8300 mm): Pad 48 [3V3] of U2 on F.Cu
    @(26.2500 mm, 17.9700 mm): Pad 36 [3V3] of U2 on F.Cu
[unconnected_items]: Missing connection between items
    Local override; error
    @(25.0000 mm, 28.2750 mm): Pad 1 [3V3] of C10 on F.Cu
    @(23.3700 mm, 30.7000 mm): Pad 7 [3V3] of U7 on F.Cu
[unconnected_items]: Missing connection between items
    Local override; error
    @(25.0000 mm, 28.2750 mm): Pad 1 [3V3] of C10 on F.Cu
    @(28.5000 mm, 28.2750 mm): Pad 1 [3V3] of C11 on F.Cu
[unconnected_items]: Missing connection between items
    Local override; error
    @(26.1300 mm, 40.9100 mm): Pad 5 [3V3] of U4 on F.Cu
    @(28.2875 mm, 40.2950 mm): Pad 1 [3V3] of D11 on F.Cu
[unconnected_items]: Missing connection between items
    Local override; error
    @(26.1300 mm, 40.9100 mm): Pad 5 [3V3] of U4 on F.Cu
    @(24.6300 mm, 37.7800 mm): Pad 3 [3V3] of U7 on F.Cu
[unconnected_items]: Missing connection between items
    Local override; error
    @(26.2500 mm, 17.9700 mm): Pad 36 [3V3] of U2 on F.Cu
    @(33.1100 mm, 19.3300 mm): Pad 24 [3V3] of U2 on F.Cu
[unconnected_items]: Missing connection between items
    Local override; error
    @(27.1950 mm, 14.5875 mm): Pad 5 [3V3] of U9 on B.Cu
    @(26.2500 mm, 17.9700 mm): Pad 36 [3V3] of U2 on F.Cu
[unconnected_items]: Missing connection between items
    Local override; error
    @(27.7400 mm, 54.2500 mm): Pad 1 [3V3] of U3 on F.Cu
    @(27.7400 mm, 54.7500 mm): Pad 2 [3V3] of U3 on F.Cu
[unconnected_items]: Missing connection between items
    Local override; error
    @(27.7400 mm, 55.2500 mm): Pad 3 [3V3] of U3 on F.Cu
    @(27.7400 mm, 54.7500 mm): Pad 2 [3V3] of U3 on F.Cu
[unconnected_items]: Missing connection between items
    Local override; error
    @(27.7400 mm, 55.2500 mm): Pad 3 [3V3] of U3 on F.Cu
    @(28.5000 mm, 56.0100 mm): Pad 5 [3V3] of U3 on F.Cu
[unconnected_items]: Missing connection between items
    Local override; error
    @(28.5000 mm, 28.2750 mm): Pad 1 [3V3] of C11 on F.Cu
    @(32.0450 mm, 28.5250 mm): Pad 1 [3V3] of C12 on F.Cu
[unconnected_items]: Missing connection between items
    Local override; error
    @(29.0475 mm, 53.2962 mm): Pad 1 [3V3] of TP6 on B.Cu
    @(29.5000 mm, 53.9900 mm): Pad 12 [3V3] of U3 on F.Cu
[unconnected_items]: Missing connection between items
    Local override; error
    @(29.0475 mm, 53.2962 mm): Pad 1 [3V3] of TP6 on B.Cu
    @(27.7400 mm, 54.2500 mm): Pad 1 [3V3] of U3 on F.Cu
[unconnected_items]: Missing connection between items
    Local override; error
    @(29.0475 mm, 53.2962 mm): Pad 1 [3V3] of TP6 on B.Cu
    @(32.3875 mm, 47.4950 mm): Pad 1 [3V3] of R8 on B.Cu
[unconnected_items]: Missing connection between items
    Local override; error
    @(30.2600 mm, 54.7500 mm): Pad 10 [3V3] of U3 on F.Cu
    @(29.5000 mm, 53.9900 mm): Pad 12 [3V3] of U3 on F.Cu
[unconnected_items]: Missing connection between items
    Local override; error
    @(30.2600 mm, 55.7500 mm): Pad 8 [3V3] of U3 on F.Cu
    @(30.2600 mm, 54.7500 mm): Pad 10 [3V3] of U3 on F.Cu
[unconnected_items]: Missing connection between items
    Local override; error
    @(31.0500 mm, 4.2750 mm): Pad 1 [3V3] of C69 on B.Cu
    @(27.1950 mm, 14.5875 mm): Pad 5 [3V3] of U9 on B.Cu
[unconnected_items]: Missing connection between items
    Local override; error
    @(32.3875 mm, 47.4950 mm): Pad 1 [3V3] of R8 on B.Cu
    @(36.3875 mm, 45.9950 mm): Pad 1 [3V3] of R6 on B.Cu
[unconnected_items]: Missing connection between items
    Local override; error
    @(32.8875 mm, 37.4950 mm): Pad 1 [3V3] of R4 on B.Cu
    @(28.2875 mm, 40.2950 mm): Pad 1 [3V3] of D11 on F.Cu
[unconnected_items]: Missing connection between items
    Local override; error
    @(35.0000 mm, 32.2750 mm): Pad 1 [3V3] of C24 on F.Cu
    @(36.0000 mm, 30.2750 mm): Pad 1 [3V3] of C20 on F.Cu
[unconnected_items]: Missing connection between items
    Local override; error
    @(35.0000 mm, 38.2750 mm): Pad 1 [3V3] of C9 on F.Cu
    @(32.8875 mm, 37.4950 mm): Pad 1 [3V3] of R4 on B.Cu
[unconnected_items]: Missing connection between items
    Local override; error
    @(36.0000 mm, 28.2750 mm): Pad 1 [3V3] of C13 on F.Cu
    @(32.0450 mm, 28.5250 mm): Pad 1 [3V3] of C12 on F.Cu
[unconnected_items]: Missing connection between items
    Local override; error
    @(36.0000 mm, 30.2750 mm): Pad 1 [3V3] of C20 on F.Cu
    @(36.0000 mm, 28.2750 mm): Pad 1 [3V3] of C13 on F.Cu
[unconnected_items]: Missing connection between items
    Local override; error
    @(36.3875 mm, 45.9950 mm): Pad 1 [3V3] of R6 on B.Cu
    @(40.2950 mm, 45.2950 mm): Pad 1 [3V3] of JP1 on F.Cu
[unconnected_items]: Missing connection between items
    Local override; error
    @(38.5000 mm, 20.5500 mm): Pad 14 [3V3] of U8 on F.Cu
    @(33.1100 mm, 19.3300 mm): Pad 24 [3V3] of U2 on F.Cu
[unconnected_items]: Missing connection between items
    Local override; error
    @(38.7875 mm, 38.2950 mm): Pad 1 [3V3] of D10 on F.Cu
    @(35.0000 mm, 38.2750 mm): Pad 1 [3V3] of C9 on F.Cu
[unconnected_items]: Missing connection between items
    Local override; error
    @(39.5000 mm, 28.2750 mm): Pad 1 [3V3] of C14 on F.Cu
    @(36.0000 mm, 28.2750 mm): Pad 1 [3V3] of C13 on F.Cu
[unconnected_items]: Missing connection between items
    Local override; error
    @(39.5000 mm, 30.2750 mm): Pad 1 [3V3] of C21 on F.Cu
    @(39.5000 mm, 28.2750 mm): Pad 1 [3V3] of C14 on F.Cu
[unconnected_items]: Missing connection between items
    Local override; error
    @(39.9825 mm, 42.3950 mm): Pad 1 [3V3] of FB1 on F.Cu
    @(38.7875 mm, 38.2950 mm): Pad 1 [3V3] of D10 on F.Cu
[unconnected_items]: Missing connection between items
    Local override; error
    @(40.2950 mm, 45.2950 mm): Pad 1 [3V3] of JP1 on F.Cu
    @(39.9825 mm, 42.3950 mm): Pad 1 [3V3] of FB1 on F.Cu
[unconnected_items]: Missing connection between items
    Local override; error
    @(40.3875 mm, 45.9950 mm): Pad 1 [3V3] of R7 on B.Cu
    @(40.2950 mm, 45.2950 mm): Pad 1 [3V3] of JP1 on F.Cu
[unconnected_items]: Missing connection between items
    Local override; error
    @(41.3875 mm, 30.9950 mm): Pad 1 [3V3] of R21 on B.Cu
    @(39.5000 mm, 30.2750 mm): Pad 1 [3V3] of C21 on F.Cu
[unconnected_items]: Missing connection between items
    Local override; error
    @(46.6375 mm, 1.9950 mm): Pad 1 [3V3] of R65 on B.Cu
    @(31.0500 mm, 4.2750 mm): Pad 1 [3V3] of C69 on B.Cu
[unconnected_items]: Missing connection between items
    Local override; error
    @(65.7500 mm, 2.2750 mm): Pad 1 [3V3] of C46 on F.Cu
    @(46.6375 mm, 1.9950 mm): Pad 1 [3V3] of R65 on B.Cu
[unconnected_items]: Missing connection between items
    Local override; error
    @(69.3675 mm, 47.0100 mm): Pad 1 [3V3] of R90 on F.Cu
    @(40.3875 mm, 45.9950 mm): Pad 1 [3V3] of R7 on B.Cu
[unconnected_items]: Missing connection between items
    Local override; error
    @(69.8125 mm, 57.4950 mm): Pad 1 [3V3] of R61 on F.Cu
    @(69.3675 mm, 47.0100 mm): Pad 1 [3V3] of R90 on F.Cu
[unconnected_items]: Missing connection between items
    Local override; error
    @(21.5625 mm, 59.9950 mm): Pad 1 [/io/CANL_T] of R12 on F.Cu
    @(38.5100 mm, 50.9500 mm): Pad 3 [/io/CANL_T] of L2 on F.Cu
[unconnected_items]: Missing connection between items
    Local override; error
    @(38.5100 mm, 50.9500 mm): Pad 3 [/io/CANL_T] of L2 on F.Cu
    @(24.8600 mm, 40.9100 mm): Pad 6 [/io/CANL_T] of U4 on F.Cu
[unconnected_items]: Missing connection between items
    Local override; error
    @(28.5625 mm, 57.9950 mm): Pad 1 [/io/CANH_T] of R11 on F.Cu
    @(38.5100 mm, 48.4500 mm): Pad 4 [/io/CANH_T] of L2 on F.Cu
[unconnected_items]: Missing connection between items
    Local override; error
    @(38.5100 mm, 48.4500 mm): Pad 4 [/io/CANH_T] of L2 on F.Cu
    @(23.6000 mm, 40.9100 mm): Pad 7 [/io/CANH_T] of U4 on F.Cu
[unconnected_items]: Missing connection between items
    Local override; error
    @(22.3200 mm, 40.9100 mm): Pad 8 [CAN_STB] of U4 on F.Cu
    @(24.8900 mm, 19.8300 mm): Pad 38 [CAN_STB] of U2 on F.Cu
[unconnected_items]: Missing connection between items
    Local override; error
    @(51.4125 mm, 7.7450 mm): Pad 3 [/modem_rf/Q3_G] of Q13 on F.Cu
    @(44.8125 mm, 10.9950 mm): Pad 1 [/modem_rf/Q3_G] of R50 on F.Cu
[unconnected_items]: Missing connection between items
    Local override; error
    @(60.5000 mm, 5.4500 mm): Pad 1 [/modem_rf/Q3_G] of Q3 on F.Cu
    @(51.4125 mm, 7.7450 mm): Pad 3 [/modem_rf/Q3_G] of Q13 on F.Cu
[unconnected_items]: Missing connection between items
    Local override; error
    @(45.1000 mm, 4.4450 mm): Pad 1 [/modem_rf/VBAT_MODEM] of D12 on F.Cu
    @(48.2975 mm, 4.7962 mm): Pad 1 [/modem_rf/VBAT_MODEM] of TP24 on B.Cu
[unconnected_items]: Missing connection between items
    Local override; error
    @(45.2500 mm, 2.2750 mm): Pad 1 [/modem_rf/VBAT_MODEM] of C42 on F.Cu
    @(45.1000 mm, 4.4450 mm): Pad 1 [/modem_rf/VBAT_MODEM] of D12 on F.Cu
[unconnected_items]: Missing connection between items
    Local override; error
    @(48.7500 mm, 2.2750 mm): Pad 1 [/modem_rf/VBAT_MODEM] of C43 on F.Cu
    @(48.2975 mm, 4.7962 mm): Pad 1 [/modem_rf/VBAT_MODEM] of TP24 on B.Cu
[unconnected_items]: Missing connection between items
    Local override; error
    @(58.5000 mm, 4.5000 mm): Pad 3 [/modem_rf/VBAT_MODEM] of Q3 on F.Cu
    @(48.7500 mm, 2.2750 mm): Pad 1 [/modem_rf/VBAT_MODEM] of C43 on F.Cu
[unconnected_items]: Missing connection between items
    Local override; error
    @(65.4250 mm, 10.4000 mm): Pad 1 [/modem_rf/VBAT_MODEM] of C40 on F.Cu
    @(58.5000 mm, 4.5000 mm): Pad 3 [/modem_rf/VBAT_MODEM] of Q3 on F.Cu
[unconnected_items]: Missing connection between items
    Local override; error
    @(67.0500 mm, 14.9500 mm): Pad 60 [/modem_rf/VBAT_MODEM] of U1 on F.Cu
    @(68.3500 mm, 14.9500 mm): Pad 59 [/modem_rf/VBAT_MODEM] of U1 on F.Cu
[unconnected_items]: Missing connection between items
    Local override; error
    @(67.0500 mm, 14.9500 mm): Pad 60 [/modem_rf/VBAT_MODEM] of U1 on F.Cu
    @(65.4250 mm, 10.4000 mm): Pad 1 [/modem_rf/VBAT_MODEM] of C40 on F.Cu
[unconnected_items]: Missing connection between items
    Local override; error
    @(68.3500 mm, 14.9500 mm): Pad 59 [/modem_rf/VBAT_MODEM] of U1 on F.Cu
    @(69.6500 mm, 14.9500 mm): Pad 58 [/modem_rf/VBAT_MODEM] of U1 on F.Cu
[unconnected_items]: Missing connection between items
    Local override; error
    @(68.3750 mm, 17.4000 mm): Pad 1 [/modem_rf/VBAT_MODEM] of C81 on B.Cu
    @(68.3500 mm, 14.9500 mm): Pad 59 [/modem_rf/VBAT_MODEM] of U1 on F.Cu
[unconnected_items]: Missing connection between items
    Local override; error
    @(69.6500 mm, 14.9500 mm): Pad 58 [/modem_rf/VBAT_MODEM] of U1 on F.Cu
    @(70.9500 mm, 14.9500 mm): Pad 57 [/modem_rf/VBAT_MODEM] of U1 on F.Cu
[unconnected_items]: Missing connection between items
    Local override; error
    @(70.3250 mm, 10.4000 mm): Pad 1 [/modem_rf/VBAT_MODEM] of C41 on F.Cu
    @(70.9500 mm, 14.9500 mm): Pad 57 [/modem_rf/VBAT_MODEM] of U1 on F.Cu
[unconnected_items]: Missing connection between items
    Local override; error
    @(70.9500 mm, 14.9500 mm): Pad 57 [/modem_rf/VBAT_MODEM] of U1 on F.Cu
    @(73.2750 mm, 17.4000 mm): Pad 1 [/modem_rf/VBAT_MODEM] of C82 on B.Cu
[unconnected_items]: Missing connection between items
    Local override; error
    @(23.3875 mm, 14.4950 mm): Pad 1 [/power/U6_TS] of R89 on B.Cu
    @(31.0200 mm, 48.0500 mm): Pad 11 [/power/U6_TS] of U6 on F.Cu
[unconnected_items]: Missing connection between items
    Local override; error
    @(31.0200 mm, 48.0500 mm): Pad 11 [/power/U6_TS] of U6 on F.Cu
    @(37.5100 mm, 56.9950 mm): PTH pad 2 [/power/U6_TS] of J2
[unconnected_items]: Missing connection between items
    Local override; error
    @(40.0625 mm, 13.9950 mm): Pad 2 [/power/U6_TS] of R88 on B.Cu
    @(23.3875 mm, 14.4950 mm): Pad 1 [/power/U6_TS] of R89 on B.Cu
[unconnected_items]: Missing connection between items
    Local override; error
    @(68.8125 mm, 54.9950 mm): Pad 1 [/modem_rf/Q10_B] of R58 on F.Cu
    @(74.6375 mm, 52.4950 mm): Pad 2 [/modem_rf/Q10_B] of R57 on F.Cu
[unconnected_items]: Missing connection between items
    Local override; error
    @(74.6375 mm, 52.4950 mm): Pad 2 [/modem_rf/Q10_B] of R57 on F.Cu
    @(69.5375 mm, 4.2950 mm): Pad 1 [/modem_rf/Q10_B] of Q10 on F.Cu
[unconnected_items]: Missing connection between items
    Local override; error
    @(52.7500 mm, 43.0500 mm): Pad 20 [/modem_rf/RESETN_MOD] of U1 on F.Cu
    @(71.4125 mm, 5.2450 mm): Pad 3 [/modem_rf/RESETN_MOD] of Q10 on F.Cu
[unconnected_items]: Missing connection between items
    Local override; error
    @(33.9500 mm, 50.9500 mm): Pad 2 [/io/CANL] of L2 on F.Cu
    @(38.0475 mm, 48.7962 mm): Pad 1 [/io/CANL] of TP26 on B.Cu
[unconnected_items]: Missing connection between items
    Local override; error
    @(38.0475 mm, 48.7962 mm): Pad 1 [/io/CANL] of TP26 on B.Cu
    @(38.0500 mm, 42.0450 mm): Pad 2 [/io/CANL] of D3 on F.Cu
[unconnected_items]: Missing connection between items
    Local override; error
    @(38.0500 mm, 42.0450 mm): Pad 2 [/io/CANL] of D3 on F.Cu
    @(7.5000 mm, 18.0000 mm): PTH pad 5 [/io/CANL] of J1
[unconnected_items]: Missing connection between items
    Local override; error
    @(21.5625 mm, 48.9950 mm): Pad 1 [/mcu/BOOT0] of R1 on F.Cu
    @(41.5950 mm, 45.2950 mm): Pad 2 [/mcu/BOOT0] of JP1 on F.Cu
[unconnected_items]: Missing connection between items
    Local override; error
    @(24.8900 mm, 22.8300 mm): Pad 44 [/mcu/BOOT0] of U2 on F.Cu
    @(21.5625 mm, 48.9950 mm): Pad 1 [/mcu/BOOT0] of R1 on F.Cu
[unconnected_items]: Missing connection between items
    Local override; error
    @(21.5000 mm, 28.2750 mm): Pad 1 [/mcu/OSC_IN] of C1 on F.Cu
    @(30.9950 mm, 59.1450 mm): Pad 1 [/mcu/OSC_IN] of Y1 on B.Cu
[unconnected_items]: Missing connection between items
    Local override; error
    @(28.2500 mm, 26.1900 mm): Pad 5 [/mcu/OSC_IN] of U2 on F.Cu
    @(21.5000 mm, 28.2750 mm): Pad 1 [/mcu/OSC_IN] of C1 on F.Cu
[unconnected_items]: Missing connection between items
    Local override; error
    @(22.1000 mm, 37.7800 mm): Pad 1 [FLASH_CS] of U7 on F.Cu
    @(33.1100 mm, 24.3300 mm): Pad 14 [FLASH_CS] of U2 on F.Cu
[unconnected_items]: Missing connection between items
    Local override; error
    @(23.3700 mm, 37.7800 mm): Pad 2 [SPI1_MISO] of U7 on F.Cu
    @(33.1100 mm, 23.3300 mm): Pad 16 [SPI1_MISO] of U2 on F.Cu
[unconnected_items]: Missing connection between items
    Local override; error
    @(25.9000 mm, 30.7000 mm): Pad 5 [SPI1_MOSI] of U7 on F.Cu
    @(33.1100 mm, 22.8300 mm): Pad 17 [SPI1_MOSI] of U2 on F.Cu
[unconnected_items]: Missing connection between items
    Local override; error
    @(24.6300 mm, 30.7000 mm): Pad 6 [SPI1_SCK] of U7 on F.Cu
    @(33.1100 mm, 23.8300 mm): Pad 15 [SPI1_SCK] of U2 on F.Cu
[unconnected_items]: Missing connection between items
    Local override; error
    @(55.8500 mm, 5.2500 mm): Track [/modem_rf/SIM_DATA] on B.Cu, length 0.1414 mm
    @(50.1700 mm, 45.6270 mm): Pad C7 [/modem_rf/SIM_DATA] of X1 on F.Cu
[unconnected_items]: Missing connection between items
    Local override; error
    @(48.9000 mm, 45.6270 mm): Pad C3 [/modem_rf/SIM_CLK] of X1 on F.Cu
    @(62.8500 mm, 3.7500 mm): Track [/modem_rf/SIM_CLK] on B.Cu, length 6.3000 mm
[unconnected_items]: Missing connection between items
    Local override; error
    @(51.4400 mm, 45.6270 mm): Pad C2 [/modem_rf/SIM_RST] of X1 on F.Cu
    @(63.9050 mm, 47.6500 mm): Pad 7 [/modem_rf/SIM_RST] of X2 on F.Cu
[unconnected_items]: Missing connection between items
    Local override; error
    @(51.4400 mm, 45.6270 mm): Pad C2 [/modem_rf/SIM_RST] of X1 on F.Cu
    @(61.9500 mm, 3.8950 mm): Pad 4 [/modem_rf/SIM_RST] of D14 on F.Cu
[unconnected_items]: Missing connection between items
    Local override; error
    @(61.9500 mm, 3.8950 mm): Pad 4 [/modem_rf/SIM_RST] of D14 on F.Cu
    @(56.8125 mm, 1.9950 mm): Pad 2 [/modem_rf/SIM_RST] of R68 on B.Cu
[unconnected_items]: Missing connection between items
    Local override; error
    @(62.6350 mm, 47.6500 mm): Pad 8 [/modem_rf/USIM_VDD_ESIM] of X2 on F.Cu
    @(64.8125 mm, 1.9950 mm): Pad 2 [/modem_rf/USIM_VDD_ESIM] of R70 on B.Cu
[unconnected_items]: Missing connection between items
    Local override; error
    @(28.2300 mm, 47.2500 mm): Pad 6 [/power/U6_OTG] of U6 on F.Cu
    @(37.8875 mm, 13.9950 mm): Pad 1 [/power/U6_OTG] of R87 on B.Cu
[unconnected_items]: Missing connection between items
    Local override; error
    @(27.3875 mm, 12.4950 mm): Pad 1 [/power/U6_ILIM] of R86 on B.Cu
    @(29.5200 mm, 48.0500 mm): Pad 8 [/power/U6_ILIM] of U6 on F.Cu
[unconnected_items]: Missing connection between items
    Local override; error
    @(23.3875 mm, 11.9950 mm): Pad 1 [/power/U6_ICHG] of R85 on B.Cu
    @(30.5200 mm, 48.0500 mm): Pad 10 [/power/U6_ICHG] of U6 on F.Cu
[unconnected_items]: Missing connection between items
    Local override; error
    @(25.2950 mm, 16.8875 mm): Pad 3 [/power/SYS] of U9 on B.Cu
    @(27.1950 mm, 16.8875 mm): Pad 1 [/power/SYS] of U9 on B.Cu
[unconnected_items]: Missing connection between items
    Local override; error
    @(25.5675 mm, 9.5800 mm): Pad 2 [/power/SYS] of L3 on B.Cu
    @(23.4450 mm, 4.5250 mm): Pad 1 [/power/SYS] of C66 on B.Cu
[unconnected_items]: Missing connection between items
    Local override; error
    @(25.5675 mm, 9.5800 mm): Pad 2 [/power/SYS] of L3 on B.Cu
    @(25.2950 mm, 16.8875 mm): Pad 3 [/power/SYS] of U9 on B.Cu
[unconnected_items]: Missing connection between items
    Local override; error
    @(25.5675 mm, 9.5800 mm): Pad 2 [/power/SYS] of L3 on B.Cu
    @(38.4450 mm, 2.0250 mm): Pad 1 [/power/SYS] of C65 on B.Cu
[unconnected_items]: Missing connection between items
    Local override; error
    @(32.3100 mm, 45.7500 mm): Pad 16 [/power/SYS] of U6 on F.Cu
    @(32.3100 mm, 46.2500 mm): Pad 15 [/power/SYS] of U6 on F.Cu
[unconnected_items]: Missing connection between items
    Local override; error
    @(32.3100 mm, 45.7500 mm): Pad 16 [/power/SYS] of U6 on F.Cu
    @(27.1950 mm, 16.8875 mm): Pad 1 [/power/SYS] of U9 on B.Cu
[unconnected_items]: Missing connection between items
    Local override; error
    @(42.0500 mm, 2.2750 mm): Pad 1 [/power/SYS] of C68 on B.Cu
    @(38.4450 mm, 2.0250 mm): Pad 1 [/power/SYS] of C65 on B.Cu
[unconnected_items]: Missing connection between items
    Local override; error
    @(27.9075 mm, 9.5800 mm): Pad 1 [/power/SW_CHG] of L3 on B.Cu
    @(31.0200 mm, 43.9500 mm): Pad 20 [/power/SW_CHG] of U6 on F.Cu
[unconnected_items]: Missing connection between items
    Local override; error
    @(31.0200 mm, 43.9500 mm): Pad 20 [/power/SW_CHG] of U6 on F.Cu
    @(31.5200 mm, 43.9500 mm): Pad 19 [/power/SW_CHG] of U6 on F.Cu
[unconnected_items]: Missing connection between items
    Local override; error
    @(33.0000 mm, 2.2750 mm): Pad 2 [/power/SW_CHG] of C64 on B.Cu
    @(27.9075 mm, 9.5800 mm): Pad 1 [/power/SW_CHG] of L3 on B.Cu
[unconnected_items]: Missing connection between items
    Local override; error
    @(30.5200 mm, 43.9500 mm): Pad 21 [/power/U6_BTST] of U6 on F.Cu
    @(34.5500 mm, 2.2750 mm): Pad 1 [/power/U6_BTST] of C64 on B.Cu
[unconnected_items]: Missing connection between items
    Local override; error
    @(30.0200 mm, 43.9500 mm): Pad 22 [/power/REGN] of U6 on F.Cu
    @(41.8875 mm, 13.9950 mm): Pad 1 [/power/REGN] of R88 on B.Cu
[unconnected_items]: Missing connection between items
    Local override; error
    @(41.8875 mm, 13.9950 mm): Pad 1 [/power/REGN] of R88 on B.Cu
    @(30.9450 mm, 2.0250 mm): Pad 1 [/power/REGN] of C63 on B.Cu
[unconnected_items]: Missing connection between items
    Local override; error
    @(26.9450 mm, 2.0250 mm): Pad 1 [/power/PMID] of C62 on B.Cu
    @(29.5200 mm, 43.9500 mm): Pad 23 [/power/PMID] of U6 on F.Cu
[unconnected_items]: Missing connection between items
    Local override; error
    @(27.7500 mm, 26.1900 mm): Pad 4 [/mcu/OSC32_OUT] of U2 on F.Cu
    @(28.0000 mm, 36.2750 mm): Pad 1 [/mcu/OSC32_OUT] of C4 on F.Cu
[unconnected_items]: Missing connection between items
    Local override; error
    @(38.5450 mm, 16.6950 mm): Pad 2 [/mcu/OSC32_OUT] of Y2 on B.Cu
    @(27.7500 mm, 26.1900 mm): Pad 4 [/mcu/OSC32_OUT] of U2 on F.Cu
[unconnected_items]: Missing connection between items
    Local override; error
    @(53.9800 mm, 45.6270 mm): Pad C1 [/modem_rf/USIM_VDD_SIM] of X1 on F.Cu
    @(60.8125 mm, 1.9950 mm): Pad 2 [/modem_rf/USIM_VDD_SIM] of R69 on B.Cu
[unconnected_items]: Missing connection between items
    Local override; error
    @(45.4500 mm, 35.1000 mm): Pad 13 [/modem_rf/USIM_DET] of U1 on F.Cu
    @(56.1900 mm, 45.6270 mm): Pad CD [/modem_rf/USIM_DET] of X1 on F.Cu
[unconnected_items]: Missing connection between items
    Local override; error
    @(28.0000 mm, 30.2750 mm): Pad 1 [/mcu/OSC_OUT] of C2 on F.Cu
    @(28.7950 mm, 57.4450 mm): Pad 3 [/mcu/OSC_OUT] of Y1 on B.Cu
[unconnected_items]: Missing connection between items
    Local override; error
    @(28.7500 mm, 26.1900 mm): Pad 6 [/mcu/OSC_OUT] of U2 on F.Cu
    @(28.0000 mm, 30.2750 mm): Pad 1 [/mcu/OSC_OUT] of C2 on F.Cu
[unconnected_items]: Missing connection between items
    Local override; error
    @(62.7975 mm, 11.7962 mm): Pad 1 [/modem_rf/USB_DP_TP] of TP15 on F.Cu
    @(65.5550 mm, 4.0360 mm): Pad 6 [/modem_rf/USB_DP_TP] of D15 on F.Cu
[unconnected_items]: Missing connection between items
    Local override; error
    @(66.6375 mm, 1.9950 mm): Pad 1 [/modem_rf/USIM_VDD] of R70 on B.Cu
    @(64.6500 mm, 4.3500 mm): Track [/modem_rf/USIM_VDD] on B.Cu, length 2.4042 mm
[unconnected_items]: Missing connection between items
    Local override; error
    @(25.5625 mm, 32.4950 mm): Pad 2 [/io/Q1_G] of R23 on B.Cu
    @(14.6000 mm, 49.8500 mm): Pad 1 [/io/Q1_G] of Q1 on F.Cu
[unconnected_items]: Missing connection between items
    Local override; error
    @(35.3875 mm, 32.4950 mm): Pad 1 [/io/Q1_G] of R25 on B.Cu
    @(25.5625 mm, 32.4950 mm): Pad 2 [/io/Q1_G] of R23 on B.Cu
[unconnected_items]: Missing connection between items
    Local override; error
    @(48.8125 mm, 10.9950 mm): Pad 1 [/modem_rf/Q13_B] of R51 on F.Cu
    @(60.1375 mm, 11.4950 mm): Pad 2 [/modem_rf/Q13_B] of R52 on F.Cu
[unconnected_items]: Missing connection between items
    Local override; error
    @(49.5375 mm, 6.7950 mm): Pad 1 [/modem_rf/Q13_B] of Q13 on F.Cu
    @(48.8125 mm, 10.9950 mm): Pad 1 [/modem_rf/Q13_B] of R51 on F.Cu
[unconnected_items]: Missing connection between items
    Local override; error
    @(50.6375 mm, 10.9950 mm): Pad 2 [/modem_rf/Q14_C] of R51 on F.Cu
    @(60.4125 mm, 8.2450 mm): Pad 3 [/modem_rf/Q14_C] of Q14 on F.Cu
[unconnected_items]: Missing connection between items
    Local override; error
    @(79.8000 mm, 29.2500 mm): Track [/modem_rf/ANT_GNSS_C] on F.Cu, length 4.7700 mm
    @(55.4750 mm, 3.5050 mm): Pad 1 [/modem_rf/ANT_GNSS_C] of C51 on F.Cu
[unconnected_items]: Missing connection between items
    Local override; error
    @(24.8900 mm, 21.3300 mm): Pad 41 [/mcu/IMU_INT1] of U2 on F.Cu
    @(27.7400 mm, 55.7500 mm): Pad 4 [/mcu/IMU_INT1] of U3 on F.Cu
[unconnected_items]: Missing connection between items
    Local override; error
    @(29.0000 mm, 53.9900 mm): Pad 13 [/mcu/I2C1_SCL] of U3 on F.Cu
    @(38.5625 mm, 45.9950 mm): Pad 2 [/mcu/I2C1_SCL] of R7 on B.Cu
[unconnected_items]: Missing connection between items
    Local override; error
    @(38.5625 mm, 45.9950 mm): Pad 2 [/mcu/I2C1_SCL] of R7 on B.Cu
    @(24.8900 mm, 21.8300 mm): Pad 42 [/mcu/I2C1_SCL] of U2 on F.Cu
[unconnected_items]: Missing connection between items
    Local override; error
    @(28.5000 mm, 53.9900 mm): Pad 14 [/mcu/I2C1_SDA] of U3 on F.Cu
    @(30.5625 mm, 47.4950 mm): Pad 2 [/mcu/I2C1_SDA] of R8 on B.Cu
[unconnected_items]: Missing connection between items
    Local override; error
    @(30.5625 mm, 47.4950 mm): Pad 2 [/mcu/I2C1_SDA] of R8 on B.Cu
    @(24.8900 mm, 22.3300 mm): Pad 43 [/mcu/I2C1_SDA] of U2 on F.Cu
[unconnected_items]: Missing connection between items
    Local override; error
    @(46.9125 mm, 7.7450 mm): Pad 3 [/modem_rf/NETLED_K] of Q12 on F.Cu
    @(50.2375 mm, 4.2750 mm): Pad 1 [/modem_rf/NETLED_K] of D13 on F.Cu
[unconnected_items]: Missing connection between items
    Local override; error
    @(27.2500 mm, 26.1900 mm): Pad 3 [/mcu/OSC32_IN] of U2 on F.Cu
    @(31.5000 mm, 34.7750 mm): Pad 1 [/mcu/OSC32_IN] of C3 on F.Cu
[unconnected_items]: Missing connection between items
    Local override; error
    @(36.0450 mm, 16.6950 mm): Pad 1 [/mcu/OSC32_IN] of Y2 on B.Cu
    @(27.2500 mm, 26.1900 mm): Pad 3 [/mcu/OSC32_IN] of U2 on F.Cu
[unconnected_items]: Missing connection between items
    Local override; error
    @(23.3875 mm, 59.9950 mm): Pad 2 [/io/CAN_MID] of R12 on F.Cu
    @(30.3875 mm, 57.9950 mm): Pad 2 [/io/CAN_MID] of R11 on F.Cu
[unconnected_items]: Missing connection between items
    Local override; error
    @(30.3875 mm, 57.9950 mm): Pad 2 [/io/CAN_MID] of R11 on F.Cu
    @(34.2950 mm, 46.2950 mm): Pad 1 [/io/CAN_MID] of JP2 on F.Cu
[unconnected_items]: Missing connection between items
    Local override; error
    @(42.4000 mm, 20.5500 mm): Pad 8 [/modem_rf/U8_OE] of U8 on F.Cu
    @(61.8125 mm, 57.9950 mm): Pad 1 [/modem_rf/U8_OE] of R62 on F.Cu
[unconnected_items]: Missing connection between items
    Local override; error
    @(61.8125 mm, 57.9950 mm): Pad 1 [/modem_rf/U8_OE] of R62 on F.Cu
    @(67.6375 mm, 59.9950 mm): Pad 2 [/modem_rf/U8_OE] of R63 on F.Cu
[unconnected_items]: Missing connection between items
    Local override; error
    @(2.2000 mm, 20.1875 mm): Pad 2 [/io/VIN_SENSE] of R32 on F.Cu
    @(27.3875 mm, 34.9950 mm): Pad 1 [/io/VIN_SENSE] of R36 on B.Cu
[unconnected_items]: Missing connection between items
    Local override; error
    @(28.0000 mm, 34.2750 mm): Pad 1 [/io/VIN_SENSE] of C27 on F.Cu
    @(27.3875 mm, 34.9950 mm): Pad 1 [/io/VIN_SENSE] of R36 on B.Cu
[unconnected_items]: Missing connection between items
    Local override; error
    @(40.6625 mm, 39.2450 mm): Pad 3 [/io/VIN_SENSE] of D10 on F.Cu
    @(28.0000 mm, 34.2750 mm): Pad 1 [/io/VIN_SENSE] of C27 on F.Cu
[unconnected_items]: Missing connection between items
    Local override; error
    @(58.5375 mm, 7.2950 mm): Pad 1 [/modem_rf/Q14_B] of Q14 on F.Cu
    @(70.6375 mm, 49.9950 mm): Pad 2 [/modem_rf/Q14_B] of R53 on F.Cu
[unconnected_items]: Missing connection between items
    Local override; error
    @(70.6375 mm, 49.9950 mm): Pad 2 [/modem_rf/Q14_B] of R53 on F.Cu
    @(72.8125 mm, 49.9950 mm): Pad 1 [/modem_rf/Q14_B] of R54 on F.Cu
[unconnected_items]: Missing connection between items
    Local override; error
    @(38.5000 mm, 34.2750 mm): Pad 1 [/io/VBAT_SENSE] of C29 on F.Cu
    @(33.5625 mm, 34.9950 mm): Pad 2 [/io/VBAT_SENSE] of R38 on B.Cu
[unconnected_items]: Missing connection between items
    Local override; error
    @(39.3875 mm, 35.9950 mm): Pad 1 [/io/VBAT_SENSE] of R39 on B.Cu
    @(38.5000 mm, 34.2750 mm): Pad 1 [/io/VBAT_SENSE] of C29 on F.Cu
[unconnected_items]: Missing connection between items
    Local override; error
    @(54.0375 mm, 9.2950 mm): Pad 1 [/modem_rf/Q9_B] of Q9 on F.Cu
    @(68.8125 mm, 52.4950 mm): Pad 1 [/modem_rf/Q9_B] of R56 on F.Cu
[unconnected_items]: Missing connection between items
    Local override; error
    @(68.8125 mm, 52.4950 mm): Pad 1 [/modem_rf/Q9_B] of R56 on F.Cu
    @(78.6375 mm, 51.9950 mm): Pad 2 [/modem_rf/Q9_B] of R55 on F.Cu
[unconnected_items]: Missing connection between items
    Local override; error
    @(54.0500 mm, 43.0500 mm): Pad 21 [/modem_rf/PWRKEY_MOD] of U1 on F.Cu
    @(55.9125 mm, 10.2450 mm): Pad 3 [/modem_rf/PWRKEY_MOD] of Q9 on F.Cu
[unconnected_items]: Missing connection between items
    Local override; error
    @(2.2000 mm, 33.8375 mm): Pad 2 [/io/IGN_SENSE] of R35 on F.Cu
    @(30.1625 mm, 41.2450 mm): Pad 3 [/io/IGN_SENSE] of D11 on F.Cu
[unconnected_items]: Missing connection between items
    Local override; error
    @(31.3875 mm, 34.9950 mm): Pad 1 [/io/IGN_SENSE] of R37 on B.Cu
    @(30.1625 mm, 41.2450 mm): Pad 3 [/io/IGN_SENSE] of D11 on F.Cu
[unconnected_items]: Missing connection between items
    Local override; error
    @(35.0000 mm, 34.2750 mm): Pad 1 [/io/IGN_SENSE] of C28 on F.Cu
    @(31.3875 mm, 34.9950 mm): Pad 1 [/io/IGN_SENSE] of R37 on B.Cu
[unconnected_items]: Missing connection between items
    Local override; error
    @(45.4500 mm, 24.2000 mm): Pad 7 [/modem_rf/VDD_EXT_1V8] of U1 on F.Cu
    @(52.2500 mm, 2.2750 mm): Pad 1 [/modem_rf/VDD_EXT_1V8] of C44 on F.Cu
[unconnected_items]: Missing connection between items
    Local override; error
    @(31.8875 mm, 10.4950 mm): Pad 1 [/power/U5_VCC] of R81 on B.Cu
    @(36.4000 mm, 12.1000 mm): Pad 1 [/power/U5_VCC] of U5 on F.Cu
[unconnected_items]: Missing connection between items
    Local override; error
    @(36.4000 mm, 12.1000 mm): Pad 1 [/power/U5_VCC] of U5 on F.Cu
    @(42.0500 mm, 4.2750 mm): Pad 1 [/power/U5_VCC] of C75 on B.Cu
[unconnected_items]: Missing connection between items
    Local override; error
    @(30.0625 mm, 10.4950 mm): Pad 2 [/power/U5_EN] of R81 on B.Cu
    @(37.6700 mm, 12.1000 mm): Pad 2 [/power/U5_EN] of U5 on F.Cu
[unconnected_items]: Missing connection between items
    Local override; error
    @(36.0625 mm, 11.4950 mm): Pad 2 [/power/U5_FB] of R83 on B.Cu
    @(40.2100 mm, 12.1000 mm): Pad 4 [/power/U5_FB] of U5 on F.Cu
[unconnected_items]: Missing connection between items
    Local override; error
    @(40.2100 mm, 12.1000 mm): Pad 4 [/power/U5_FB] of U5 on F.Cu
    @(41.8875 mm, 11.4950 mm): Pad 1 [/power/U5_FB] of R84 on B.Cu
[unconnected_items]: Missing connection between items
    Local override; error
    @(61.8125 mm, 55.4950 mm): Pad 1 [/modem_rf/STATUS_MOD] of R59 on F.Cu
    @(65.7500 mm, 14.9500 mm): Pad 61 [/modem_rf/STATUS_MOD] of U1 on F.Cu
[unconnected_items]: Missing connection between items
    Local override; error
    @(54.0375 mm, 5.2950 mm): Pad 1 [/modem_rf/Q11_B] of Q11 on F.Cu
    @(63.6375 mm, 55.4950 mm): Pad 2 [/modem_rf/Q11_B] of R59 on F.Cu
[unconnected_items]: Missing connection between items
    Local override; error
    @(63.6375 mm, 55.4950 mm): Pad 2 [/modem_rf/Q11_B] of R59 on F.Cu
    @(65.8125 mm, 57.4950 mm): Pad 1 [/modem_rf/Q11_B] of R60 on F.Cu
[unconnected_items]: Missing connection between items
    Local override; error
    @(55.4750 mm, 2.0050 mm): Pad 1 [/modem_rf/ANT_MAIN_M] of C48 on F.Cu
    @(76.5500 mm, 22.9000 mm): Pad 49 [/modem_rf/ANT_MAIN_M] of U1 on F.Cu
[unconnected_items]: Missing connection between items
    Local override; error
    @(81.0542 mm, 12.6076 mm): Track [/modem_rf/ANT_MAIN_C] on F.Cu, length 2.4130 mm
    @(57.9750 mm, 2.0050 mm): Pad 1 [/modem_rf/ANT_MAIN_C] of C49 on F.Cu
[unconnected_items]: Missing connection between items
    Local override; error
    @(29.1100 mm, 43.4500 mm): Pad 4 [DI2] of OK2 on B.Cu
    @(31.5000 mm, 32.7750 mm): Pad 1 [DI2] of C26 on F.Cu
[unconnected_items]: Missing connection between items
    Local override; error
    @(31.5000 mm, 32.7750 mm): Pad 1 [DI2] of C26 on F.Cu
    @(21.5625 mm, 32.4950 mm): Pad 2 [DI2] of R22 on B.Cu
[unconnected_items]: Missing connection between items
    Local override; error
    @(31.5000 mm, 32.7750 mm): Pad 1 [DI2] of C26 on F.Cu
    @(31.2500 mm, 17.9700 mm): Pad 26 [DI2] of U2 on F.Cu
[unconnected_items]: Missing connection between items
    Local override; error
    @(72.2925 mm, 47.0100 mm): Pad 2 [/modem_rf/GNSS_BIAS] of R90 on F.Cu
    @(74.7300 mm, 47.3400 mm): Pad 1 [/modem_rf/GNSS_BIAS] of C85 on F.Cu
[unconnected_items]: Missing connection between items
    Local override; error
    @(74.7300 mm, 47.3400 mm): Pad 1 [/modem_rf/GNSS_BIAS] of C85 on F.Cu
    @(76.1500 mm, 45.5700 mm): Pad 1 [/modem_rf/GNSS_BIAS] of C83 on F.Cu
[unconnected_items]: Missing connection between items
    Local override; error
    @(76.1500 mm, 45.5700 mm): Pad 1 [/modem_rf/GNSS_BIAS] of C83 on F.Cu
    @(80.7850 mm, 38.0000 mm): Pad 2 [/modem_rf/GNSS_BIAS] of L4 on F.Cu
[unconnected_items]: Missing connection between items
    Local override; error
    @(45.4500 mm, 37.7000 mm): Pad 15 [/modem_rf/USIM_DATA_M] of U1 on F.Cu
    @(50.6375 mm, 1.9950 mm): Pad 1 [/modem_rf/USIM_DATA_M] of R66 on B.Cu
[unconnected_items]: Missing connection between items
    Local override; error
    @(45.4500 mm, 39.0000 mm): Pad 16 [/modem_rf/USIM_CLK_M] of U1 on F.Cu
    @(54.6375 mm, 1.9950 mm): Pad 1 [/modem_rf/USIM_CLK_M] of R67 on B.Cu
[unconnected_items]: Missing connection between items
    Local override; error
    @(45.4500 mm, 40.3000 mm): Pad 17 [/modem_rf/USIM_RST_M] of U1 on F.Cu
    @(58.6375 mm, 1.9950 mm): Pad 1 [/modem_rf/USIM_RST_M] of R68 on B.Cu
[unconnected_items]: Missing connection between items
    Local override; error
    @(72.4750 mm, 2.0050 mm): Pad 1 [/modem_rf/ANT_GNSS_M] of C50 on F.Cu
    @(76.5500 mm, 28.6000 mm): Track [/modem_rf/ANT_GNSS_M] on F.Cu, length 1.4500 mm
[unconnected_items]: Missing connection between items
    Local override; error
    @(40.4500 mm, 26.1500 mm): Pad 4 [/modem_rf/MRI_1V8] of U8 on F.Cu
    @(64.4500 mm, 14.9500 mm): Pad 62 [/modem_rf/MRI_1V8] of U1 on F.Cu
[unconnected_items]: Missing connection between items
    Local override; error
    @(41.1000 mm, 26.1500 mm): Pad 5 [/modem_rf/MDTR_1V8] of U8 on F.Cu
    @(59.2500 mm, 14.9500 mm): Pad 66 [/modem_rf/MDTR_1V8] of U1 on F.Cu
[unconnected_items]: Missing connection between items
    Local override; error
    @(39.8000 mm, 26.1500 mm): Pad 3 [/modem_rf/MTXD_1V8] of U8 on F.Cu
    @(57.9500 mm, 14.9500 mm): Pad 67 [/modem_rf/MTXD_1V8] of U1 on F.Cu
[unconnected_items]: Missing connection between items
    Local override; error
    @(39.1500 mm, 26.1500 mm): Pad 2 [/modem_rf/MRXD_1V8] of U8 on F.Cu
    @(56.6500 mm, 14.9500 mm): Pad 68 [/modem_rf/MRXD_1V8] of U1 on F.Cu
[unconnected_items]: Missing connection between items
    Local override; error
    @(55.3500 mm, 14.9500 mm): Pad 69 [/modem_rf/USB_DP_M] of U1 on F.Cu
    @(65.5550 mm, 6.3360 mm): Pad 1 [/modem_rf/USB_DP_M] of D15 on F.Cu
[unconnected_items]: Missing connection between items
    Local override; error
    @(54.0500 mm, 14.9500 mm): Pad 70 [/modem_rf/USB_DM_M] of U1 on F.Cu
    @(67.4550 mm, 6.3360 mm): Pad 3 [/modem_rf/USB_DM_M] of D15 on F.Cu
[unconnected_items]: Missing connection between items
    Local override; error
    @(66.5050 mm, 4.0360 mm): Pad 5 [/modem_rf/USB_VBUS] of D15 on F.Cu
    @(52.7500 mm, 14.9500 mm): Pad 71 [/modem_rf/USB_VBUS] of U1 on F.Cu
[unconnected_items]: Missing connection between items
    Local override; error
    @(72.2975 mm, 2.2962 mm): Pad 1 [/modem_rf/USB_VBUS] of TP17 on B.Cu
    @(66.5050 mm, 4.0360 mm): Pad 5 [/modem_rf/USB_VBUS] of D15 on F.Cu
[unconnected_items]: Missing connection between items
    Local override; error
    @(26.2500 mm, 26.1900 mm): Pad 1 [/mcu/VBAT_MCU] of U2 on F.Cu
    @(21.5625 mm, 34.9950 mm): Pad 2 [/mcu/VBAT_MCU] of R3 on B.Cu
[unconnected_items]: Missing connection between items
    Local override; error
    @(38.5000 mm, 36.2750 mm): Pad 1 [/mcu/VBAT_MCU] of C6 on F.Cu
    @(26.2500 mm, 26.1900 mm): Pad 1 [/mcu/VBAT_MCU] of U2 on F.Cu
[unconnected_items]: Missing connection between items
    Local override; error
    @(26.7500 mm, 26.1900 mm): Pad 2 [/mcu/SYS_LED] of U2 on F.Cu
    @(32.4875 mm, 40.2750 mm): Pad 1 [/mcu/SYS_LED] of D20 on F.Cu
[unconnected_items]: Missing connection between items
    Local override; error
    @(34.0475 mm, 51.7962 mm): Pad 1 [/mcu/NRST] of TP3 on B.Cu
    @(35.0000 mm, 36.2750 mm): Pad 1 [/mcu/NRST] of C5 on F.Cu
[unconnected_items]: Missing connection between items
    Local override; error
    @(35.0000 mm, 36.2750 mm): Pad 1 [/mcu/NRST] of C5 on F.Cu
    @(29.2500 mm, 26.1900 mm): Pad 7 [/mcu/NRST] of U2 on F.Cu
[unconnected_items]: Missing connection between items
    Local override; error
    @(31.7500 mm, 26.1900 mm): Pad 12 [/mcu/DBG_TX] of U2 on F.Cu
    @(37.0475 mm, 51.7962 mm): Pad 1 [/mcu/DBG_TX] of TP4 on B.Cu
[unconnected_items]: Missing connection between items
    Local override; error
    @(33.1100 mm, 24.8300 mm): Pad 13 [/mcu/DBG_RX] of U2 on F.Cu
    @(40.0475 mm, 51.7962 mm): Pad 1 [/mcu/DBG_RX] of TP5 on B.Cu
[unconnected_items]: Missing connection between items
    Local override; error
    @(33.1100 mm, 21.3300 mm): Pad 20 [/mcu/BOOT1] of U2 on F.Cu
    @(41.3875 mm, 28.4950 mm): Pad 1 [/mcu/BOOT1] of R2 on B.Cu
[unconnected_items]: Missing connection between items
    Local override; error
    @(32.3875 mm, 44.9950 mm): Pad 1 [/mcu/NET_STATUS_LED] of R5 on B.Cu
    @(33.1100 mm, 20.3300 mm): Pad 22 [/mcu/NET_STATUS_LED] of U2 on F.Cu
[unconnected_items]: Missing connection between items
    Local override; error
    @(24.0200 mm, 43.4500 mm): Pad 4 [DI1] of OK1 on B.Cu
    @(38.5000 mm, 32.2750 mm): Pad 1 [DI1] of C25 on F.Cu
[unconnected_items]: Missing connection between items
    Local override; error
    @(38.5000 mm, 32.2750 mm): Pad 1 [DI1] of C25 on F.Cu
    @(39.5625 mm, 30.9950 mm): Pad 2 [DI1] of R21 on B.Cu
[unconnected_items]: Missing connection between items
    Local override; error
    @(39.5625 mm, 30.9950 mm): Pad 2 [DI1] of R21 on B.Cu
    @(31.7500 mm, 17.9700 mm): Pad 25 [DI1] of U2 on F.Cu
[unconnected_items]: Missing connection between items
    Local override; error
    @(30.7500 mm, 17.9700 mm): Pad 27 [DO1_GATE] of U2 on F.Cu
    @(36.8875 mm, 38.4950 mm): Pad 1 [DO1_GATE] of R42 on B.Cu
[unconnected_items]: Missing connection between items
    Local override; error
    @(36.8875 mm, 38.4950 mm): Pad 1 [DO1_GATE] of R42 on B.Cu
    @(40.8875 mm, 38.4950 mm): Pad 1 [DO1_GATE] of R43 on B.Cu
[unconnected_items]: Missing connection between items
    Local override; error
    @(30.2500 mm, 17.9700 mm): Pad 28 [DO2_GATE] of U2 on F.Cu
    @(32.3875 mm, 42.4950 mm): Pad 1 [DO2_GATE] of R47 on B.Cu
[unconnected_items]: Missing connection between items
    Local override; error
    @(32.3875 mm, 42.4950 mm): Pad 1 [DO2_GATE] of R47 on B.Cu
    @(40.8875 mm, 40.9950 mm): Pad 1 [DO2_GATE] of R46 on B.Cu
[unconnected_items]: Missing connection between items
    Local override; error
    @(39.1500 mm, 20.5500 mm): Pad 13 [MODEM_TX] of U8 on F.Cu
    @(29.2500 mm, 17.9700 mm): Pad 30 [MODEM_TX] of U2 on F.Cu
[unconnected_items]: Missing connection between items
    Local override; error
    @(41.0475 mm, 48.7962 mm): Pad 1 [MODEM_TX] of TP27 on B.Cu
    @(39.1500 mm, 20.5500 mm): Pad 13 [MODEM_TX] of U8 on F.Cu
[unconnected_items]: Missing connection between items
    Local override; error
    @(31.0475 mm, 50.2962 mm): Pad 1 [MODEM_RX] of TP28 on B.Cu
    @(39.8000 mm, 20.5500 mm): Pad 12 [MODEM_RX] of U8 on F.Cu
[unconnected_items]: Missing connection between items
    Local override; error
    @(39.8000 mm, 20.5500 mm): Pad 12 [MODEM_RX] of U8 on F.Cu
    @(28.7500 mm, 17.9700 mm): Pad 31 [MODEM_RX] of U2 on F.Cu
[unconnected_items]: Missing connection between items
    Local override; error
    @(28.2500 mm, 17.9700 mm): Pad 32 [MODEM_RI] of U2 on F.Cu
    @(40.4500 mm, 20.5500 mm): Pad 11 [MODEM_RI] of U8 on F.Cu
[unconnected_items]: Missing connection between items
    Local override; error
    @(27.7500 mm, 17.9700 mm): Pad 33 [MODEM_DTR] of U2 on F.Cu
    @(41.1000 mm, 20.5500 mm): Pad 10 [MODEM_DTR] of U8 on F.Cu
[unconnected_items]: Missing connection between items
    Local override; error
    @(27.2500 mm, 17.9700 mm): Pad 34 [/mcu/SWDIO] of U2 on F.Cu
    @(41.0475 mm, 48.2962 mm): Pad 1 [/mcu/SWDIO] of TP1 on F.Cu
[unconnected_items]: Missing connection between items
    Local override; error
    @(24.8900 mm, 19.3300 mm): Pad 37 [/mcu/SWCLK] of U2 on F.Cu
    @(41.0475 mm, 51.2962 mm): Pad 1 [/mcu/SWCLK] of TP2 on F.Cu
[unconnected_items]: Missing connection between items
    Local override; error
    @(30.6625 mm, 50.7450 mm): Pad 3 [/mcu/NSL_K] of Q4 on F.Cu
    @(32.4875 mm, 42.2750 mm): Pad 1 [/mcu/NSL_K] of D21 on F.Cu
[unconnected_items]: Missing connection between items
    Local override; error
    @(34.0625 mm, 42.2750 mm): Pad 2 [/mcu/NSL_A] of D21 on F.Cu
    @(34.5625 mm, 45.9950 mm): Pad 2 [/mcu/NSL_A] of R6 on B.Cu
[unconnected_items]: Missing connection between items
    Local override; error
    @(44.8125 mm, 1.9950 mm): Pad 2 [/modem_rf/NETLED_A] of R65 on B.Cu
    @(51.8125 mm, 4.2750 mm): Pad 2 [/modem_rf/NETLED_A] of D13 on F.Cu
[unconnected_items]: Missing connection between items
    Local override; error
    @(28.7875 mm, 49.7950 mm): Pad 1 [/mcu/NSL_BASE] of Q4 on F.Cu
    @(30.5625 mm, 44.9950 mm): Pad 2 [/mcu/NSL_BASE] of R5 on B.Cu
[unconnected_items]: Missing connection between items
    Local override; error
    @(31.5000 mm, 30.7750 mm): Pad 1 [/io/CAN_SPLIT] of C22 on F.Cu
    @(35.5950 mm, 46.2950 mm): Pad 2 [/io/CAN_SPLIT] of JP2 on F.Cu
[unconnected_items]: Missing connection between items
    Local override; error
    @(29.5625 mm, 32.4950 mm): Pad 2 [/io/Q2_G] of R24 on B.Cu
    @(15.0000 mm, 54.7500 mm): Pad 1 [/io/Q2_G] of Q2 on F.Cu
[unconnected_items]: Missing connection between items
    Local override; error
    @(39.3875 mm, 33.4950 mm): Pad 1 [/io/Q2_G] of R26 on B.Cu
    @(29.5625 mm, 32.4950 mm): Pad 2 [/io/Q2_G] of R24 on B.Cu
[unconnected_items]: Missing connection between items
    Local override; error
    @(31.0625 mm, 37.4950 mm): Pad 2 [/mcu/SYS_LED_A] of R4 on B.Cu
    @(34.0625 mm, 40.2750 mm): Pad 2 [/mcu/SYS_LED_A] of D20 on F.Cu
[unconnected_items]: Missing connection between items
    Local override; error
    @(67.4550 mm, 4.0360 mm): Pad 4 [/modem_rf/USB_DM_TP] of D15 on F.Cu
    @(69.2975 mm, 2.2962 mm): Pad 1 [/modem_rf/USB_DM_TP] of TP16 on B.Cu
[unconnected_items]: Missing connection between items
    Local override; error
    @(32.6625 mm, 28.2950 mm): Pad 1 [/io/DO2_B] of Q7 on B.Cu
    @(39.0625 mm, 40.9950 mm): Pad 2 [/io/DO2_B] of R46 on B.Cu
[unconnected_items]: Missing connection between items
    Local override; error
    @(30.7875 mm, 29.2450 mm): Pad 3 [/io/DO2_X] of Q7 on B.Cu
    @(34.5625 mm, 43.4950 mm): Pad 2 [/io/DO2_X] of R48 on B.Cu
[unconnected_items]: Missing connection between items
    Local override; error
    @(37.1625 mm, 28.2950 mm): Pad 1 [/io/DO2_X] of Q8 on B.Cu
    @(30.7875 mm, 29.2450 mm): Pad 3 [/io/DO2_X] of Q7 on B.Cu
[unconnected_items]: Missing connection between items
    Local override; error
    @(31.3875 mm, 32.4950 mm): Pad 1 [/io/DO2_DRV] of R24 on B.Cu
    @(38.5625 mm, 43.4950 mm): Pad 2 [/io/DO2_DRV] of R49 on B.Cu
[unconnected_items]: Missing connection between items
    Local override; error
    @(35.2875 mm, 29.2450 mm): Pad 3 [/io/DO2_DRV] of Q8 on B.Cu
    @(31.3875 mm, 32.4950 mm): Pad 1 [/io/DO2_DRV] of R24 on B.Cu
[unconnected_items]: Missing connection between items
    Local override; error
    @(28.1625 mm, 28.2950 mm): Pad 1 [/io/DO1_X] of Q6 on B.Cu
    @(21.7875 mm, 29.2450 mm): Pad 3 [/io/DO1_X] of Q5 on B.Cu
[unconnected_items]: Missing connection between items
    Local override; error
    @(31.0625 mm, 39.9950 mm): Pad 2 [/io/DO1_X] of R44 on B.Cu
    @(28.1625 mm, 28.2950 mm): Pad 1 [/io/DO1_X] of Q6 on B.Cu
[unconnected_items]: Missing connection between items
    Local override; error
    @(26.2875 mm, 29.2450 mm): Pad 3 [/io/DO1_DRV] of Q6 on B.Cu
    @(27.3875 mm, 32.4950 mm): Pad 1 [/io/DO1_DRV] of R23 on B.Cu
[unconnected_items]: Missing connection between items
    Local override; error
    @(27.3875 mm, 32.4950 mm): Pad 1 [/io/DO1_DRV] of R23 on B.Cu
    @(35.0625 mm, 40.9950 mm): Pad 2 [/io/DO1_DRV] of R45 on B.Cu
[unconnected_items]: Missing connection between items
    Local override; error
    @(23.6625 mm, 28.2950 mm): Pad 1 [/io/DO1_B] of Q5 on B.Cu
    @(35.0625 mm, 38.4950 mm): Pad 2 [/io/DO1_B] of R42 on B.Cu

** Found 0 Footprint errors **

** Ignored checks **
    - Footprint has no courtyard defined
    - Track endpoint not centered on via
    - Tuning profile track geometries
    - Footprint doesn't match symbol's footprint filters
    - Footprint component type doesn't match footprint pads

** End of Report **
